<html>
<body>
<pre>
<h1>µVision Build Log</h1>
<h2>Tool Versions:</h2>
IDE-Version: µVision V5.34.0.0
Copyright (C) 2021 ARM Ltd and ARM Germany GmbH. All rights reserved.
License Information: Roger Bernanrd, ouioui, LIC=4ZLZX-HQ78M-F1HPT-RRXMR-R87HY-QKFVZ
 
Tool Versions:
Toolchain:       MDK-ARM Professional  Version: 5.34.0.0
Toolchain Path:  C:\Keil_v5\ARM\ARMCLANG\Bin
C Compiler:      ArmClang.exe V6.16
Assembler:       Armasm.exe V6.16
Linker/Locator:  ArmLink.exe V6.16
Library Manager: ArmAr.exe V6.16
Hex Converter:   FromElf.exe V6.16
CPU DLL:         SARMCM3.DLL V5.34.0.0
Dialog DLL:      DCM.DLL V1.17.3.0
Target DLL:      UL2CM3.DLL V1.163.9.0
Dialog DLL:      TCM.DLL V1.48.0.0
 
<h2>Project:</h2>
C:\Users\Pikachu\Documents\Test\uVision\Projet_visualiseur\CAN.uvprojx
Project File Date:  05/10/2023

<h2>Output:</h2>
*** Using Compiler 'V6.16', folder: 'C:\Keil_v5\ARM\ARMCLANG\Bin'
Rebuild target 'Debug'
assembling irq_armv7m.S...
compiling GLCD_Fonts.c...
compiling rtx_delay.c...
compiling main.c...
compiling rtx_evr.c...
compiling GLCD_MCBSTM32F200.c...
compiling rtx_evflags.c...
compiling rtx_lib.c...
compiling rtx_memory.c...
compiling rtx_kernel.c...
compiling rtx_mempool.c...
compiling rtx_system.c...
compiling rtx_semaphore.c...
compiling rtx_mutex.c...
compiling rtx_msgqueue.c...
compiling RTX_Config.c...
compiling os_systick.c...
compiling rtx_timer.c...
compiling retarget_io.c...
compiling stm32f2xx_hal.c...
compiling SPI_STM32F2xx.c...
compiling rtx_thread.c...
compiling stm32f2xx_hal_cortex.c...
compiling stm32f2xx_hal_gpio.c...
compiling stm32f2xx_hal_dma.c...
compiling stm32f2xx_hal_dma_ex.c...
compiling stm32f2xx_hal_pwr.c...
compiling stm32f2xx_hal_pwr_ex.c...
compiling stm32f2xx_hal_rcc_ex.c...
assembling startup_stm32f207xx.s...
compiling stm32f2xx_hal_rcc.c...
compiling stm32f2xx_ll_fsmc.c...
compiling stm32f2xx_hal_sram.c...
compiling system_stm32f2xx.c...
compiling stm32f2xx_hal_spi.c...
linking...
Program Size: Code=20052 RO-data=876 RW-data=192 ZI-data=8456  
".\Debug\CAN.axf" - 0 Error(s), 0 Warning(s).

<h2>Software Packages used:</h2>

Package Vendor: ARM
                http://www.keil.com/pack/ARM.CMSIS.5.9.0.pack
                ARM.CMSIS.5.9.0
                CMSIS (Common Microcontroller Software Interface Standard)
   * Component: SPI Version: 2.3.0
   * Component: RTOS2 Version: 2.1.3
   * Component: CORE Version: 5.6.0
   * Component: Keil RTX5 Variant: Source Version: 5.5.4

Package Vendor: Keil
                https://www.keil.com/pack/Keil.ARM_Compiler.1.7.2.pack
                Keil.ARM_Compiler.1.7.2
                Keil ARM Compiler extensions for ARM Compiler 5 and ARM Compiler 6
   * Component: STDERR Variant: ITM Version: 1.2.0
   * Component: STDIN Variant: ITM Version: 1.2.0
   * Component: STDOUT Variant: ITM Version: 1.2.0

Package Vendor: Keil
                https://www.keil.com/pack/Keil.MDK-Middleware.7.16.0.pack
                Keil.MDK-Middleware.7.16.0
                Middleware for Keil MDK-Professional and MDK-Plus
   * Component: Graphic LCD Version: 1.0.0

Package Vendor: Keil
                http://www.keil.com/pack/Keil.STM32F2xx_DFP.2.10.0.pack
                Keil.STM32F2xx_DFP.2.10.0
                STMicroelectronics STM32F2 Series Device Support, Drivers and Examples
   * Component: STM32Cube Framework Version: 1.0.0
   * Component: Graphic LCD Version: 2.0.0
   * Component: SPI Version: 2.11
   * Component: Classic Version: 1.2.7
   * Component: Common Version: 1.2.7
   * Component: Cortex Version: 1.2.7
   * Component: DMA Version: 1.2.7
   * Component: GPIO Version: 1.2.7
   * Component: PWR Version: 1.2.7
   * Component: RCC Version: 1.2.7
   * Component: SPI Version: 1.2.7
   * Component: SRAM Version: 1.2.7
   * Component: Startup Version: 2.2.1

<h2>Collection of Component include folders:</h2>
  .\RTE\CMSIS
  .\RTE\Device\STM32F207IGHx
  .\RTE\_Debug
  C:\Users\Pikachu\AppData\Local\Arm\Packs\ARM\CMSIS\5.9.0\CMSIS\Core\Include
  C:\Users\Pikachu\AppData\Local\Arm\Packs\ARM\CMSIS\5.9.0\CMSIS\Driver\Include
  C:\Users\Pikachu\AppData\Local\Arm\Packs\ARM\CMSIS\5.9.0\CMSIS\RTOS2\Include
  C:\Users\Pikachu\AppData\Local\Arm\Packs\ARM\CMSIS\5.9.0\CMSIS\RTOS2\RTX\Include
  C:\Users\Pikachu\AppData\Local\Arm\Packs\Keil\MDK-Middleware\7.16.0\Board
  C:\Users\Pikachu\AppData\Local\Arm\Packs\Keil\STM32F2xx_DFP\2.10.0\Drivers\CMSIS\Device\ST\STM32F2xx\Include
  C:\Users\Pikachu\AppData\Local\Arm\Packs\Keil\STM32F2xx_DFP\2.10.0\Drivers\STM32F2xx_HAL_Driver\Inc
  C:\Users\Pikachu\AppData\Local\Arm\Packs\Keil\STM32F2xx_DFP\2.10.0\MDK\Boards\Keil\MCBSTM32F200\Common

<h2>Collection of Component Files used:</h2>

   * Component: ::Board Support:Graphic LCD:1.0.0 (API)
      Include file:  Board\Board_GLCD.h

   * Component: ::CMSIS Driver:SPI:2.3.0 (API)
      Include file:  CMSIS\Driver\Include\Driver_SPI.h

   * Component: ::CMSIS:RTOS2:2.1.3 (API)
      Include file:  CMSIS\RTOS2\Include\cmsis_os2.h

   * Component: ::Device:STM32Cube Framework:1.0.0 (API)

   * Component: ARM::CMSIS:CORE:5.6.0

   * Component: ARM::CMSIS:RTOS2:Keil RTX5:Source:5.5.4
      Source file:   CMSIS\RTOS2\RTX\Source\rtx_mutex.c
      Source file:   CMSIS\RTOS2\RTX\Source\rtx_evr.c
      Source file:   CMSIS\RTOS2\RTX\Source\rtx_delay.c
      Source file:   CMSIS\RTOS2\RTX\Source\rtx_semaphore.c
      Source file:   CMSIS\RTOS2\RTX\Template\Timer.c
      Source file:   CMSIS\RTOS2\RTX\Template\Thread.c
      Source file:   CMSIS\RTOS2\RTX\Template\MemPool.c
      Source file:   CMSIS\RTOS2\RTX\Source\rtx_evflags.c
      Source file:   CMSIS\RTOS2\RTX\Source\rtx_mempool.c
      Source file:   CMSIS\RTOS2\RTX\Source\rtx_msgqueue.c
      Source file:   CMSIS\RTOS2\RTX\Template\Mutex.c
      Source file:   CMSIS\RTOS2\RTX\Source\rtx_kernel.c
      Source file:   CMSIS\RTOS2\RTX\Source\rtx_lib.c
      Source file:   CMSIS\RTOS2\RTX\Source\GCC\irq_armv7m.S
      Source file:   CMSIS\RTOS2\RTX\Source\rtx_system.c
      Source file:   CMSIS\RTOS2\RTX\Template\Semaphore.c
      Source file:   CMSIS\RTOS2\RTX\Template\svc_user.c
      Source file:   CMSIS\RTOS2\RTX\Source\rtx_memory.c
      Source file:   CMSIS\RTOS2\RTX\Template\Events.c
      Include file:  CMSIS\RTOS2\RTX\Include\rtx_os.h
      Source file:   CMSIS\RTOS2\RTX\Config\RTX_Config.c
      Source file:   CMSIS\RTOS2\RTX\Source\rtx_timer.c
      Source file:   CMSIS\RTOS2\RTX\Source\rtx_thread.c
      Source file:   CMSIS\RTOS2\RTX\Template\MsgQueue.c
      Include file:  CMSIS\RTOS2\RTX\Config\RTX_Config.h
      Source file:   CMSIS\RTOS2\RTX\Template\main.c
      Source file:   CMSIS\RTOS2\Source\os_systick.c

   * Component: Keil.ARM Compiler::Compiler:I/O:STDERR:ITM:1.2.0
      Source file:   Source\retarget_io.c

   * Component: Keil.ARM Compiler::Compiler:I/O:STDIN:ITM:1.2.0
      Source file:   Source\retarget_io.c

   * Component: Keil.ARM Compiler::Compiler:I/O:STDOUT:ITM:1.2.0
      Source file:   Source\retarget_io.c

   * Component: Keil.MCBSTM32F200::Board Support:Graphic LCD:2.0.0
      Include file:  MDK\Boards\Keil\MCBSTM32F200\Common\GLCD_Config.h
      Source file:   MDK\Boards\Keil\MCBSTM32F200\Common\GLCD_MCBSTM32F200.c
      Source file:   MDK\Boards\Keil\MCBSTM32F200\Common\GLCD_Fonts.c

   * Component: Keil::CMSIS Driver:SPI:2.11
      Source file:   CMSIS\Driver\SPI_STM32F2xx.c

   * Component: Keil::Device:STM32Cube Framework:Classic:1.2.7
      Include file:  MDK\Templates\Inc\stm32f2xx_it.h
      Include file:  MDK\Templates\Inc\stm32f2xx_hal_conf.h
      Source file:   MDK\Templates_LL\Src\main.c
      Source file:   MDK\Templates\Src\stm32f2xx_hal_msp.c
      Include file:  MDK\Templates_LL\Inc\main.h
      Source file:   MDK\Templates\Src\stm32f2xx_it.c
      Include file:  MDK\Templates\Inc\main.h
      Include file:  CMSIS\Driver\Config\RTE_Device.h
      Source file:   MDK\Templates\Src\main.c

   * Component: Keil::Device:STM32Cube HAL:Common:1.2.7
      Source file:   Drivers\STM32F2xx_HAL_Driver\Src\stm32f2xx_hal.c
      Include file:  Drivers\STM32F2xx_HAL_Driver\Inc\stm32f2xx_hal.h

   * Component: Keil::Device:STM32Cube HAL:Cortex:1.2.7
      Source file:   Drivers\STM32F2xx_HAL_Driver\Src\stm32f2xx_hal_cortex.c

   * Component: Keil::Device:STM32Cube HAL:DMA:1.2.7
      Source file:   Drivers\STM32F2xx_HAL_Driver\Src\stm32f2xx_hal_dma.c
      Source file:   Drivers\STM32F2xx_HAL_Driver\Src\stm32f2xx_hal_dma_ex.c

   * Component: Keil::Device:STM32Cube HAL:GPIO:1.2.7
      Source file:   Drivers\STM32F2xx_HAL_Driver\Src\stm32f2xx_hal_gpio.c

   * Component: Keil::Device:STM32Cube HAL:PWR:1.2.7
      Source file:   Drivers\STM32F2xx_HAL_Driver\Src\stm32f2xx_hal_pwr.c
      Source file:   Drivers\STM32F2xx_HAL_Driver\Src\stm32f2xx_hal_pwr_ex.c

   * Component: Keil::Device:STM32Cube HAL:RCC:1.2.7
      Source file:   Drivers\STM32F2xx_HAL_Driver\Src\stm32f2xx_hal_rcc.c
      Source file:   Drivers\STM32F2xx_HAL_Driver\Src\stm32f2xx_hal_rcc_ex.c

   * Component: Keil::Device:STM32Cube HAL:SPI:1.2.7
      Source file:   Drivers\STM32F2xx_HAL_Driver\Src\stm32f2xx_hal_spi.c

   * Component: Keil::Device:STM32Cube HAL:SRAM:1.2.7
      Source file:   Drivers\STM32F2xx_HAL_Driver\Src\stm32f2xx_hal_sram.c
      Source file:   Drivers\STM32F2xx_HAL_Driver\Src\stm32f2xx_ll_fsmc.c

   * Component: Keil::Device:Startup:2.2.1
      Source file:   MDK\Device\Source\ARM\STM32F2xx_OTP.s
      Include file:  Drivers\CMSIS\Device\ST\STM32F2xx\Include\stm32f2xx.h
      Source file:   Drivers\CMSIS\Device\ST\STM32F2xx\Source\Templates\system_stm32f2xx.c
      Source file:   MDK\Device\Source\ARM\STM32F2xx_OPT.s
      Source file:   Drivers\CMSIS\Device\ST\STM32F2xx\Source\Templates\arm\startup_stm32f207xx.s
Build Time Elapsed:  00:00:03
</pre>
</body>
</html>
