Component: ARM Compiler 6.16 Tool: armlink [5dfeaa00]

==============================================================================

Section Cross References

    main.o(.text) refers (Special) to _printf_d.o(.ARM.Collect$$_printf_percent$$00000009) for _printf_d
    main.o(.text) refers (Special) to _printf_dec.o(.text) for _printf_int_dec
    main.o(.text) refers (Special) to _printf_percent.o(.ARM.Collect$$_printf_percent$$00000000) for _printf_percent
    main.o(.text) refers (Special) to _printf_s.o(.ARM.Collect$$_printf_percent$$00000014) for _printf_s
    main.o(.text) refers (Special) to _printf_str.o(.text) for _printf_str
    main.o(.text) refers (Special) to _printf_u.o(.ARM.Collect$$_printf_percent$$0000000A) for _printf_u
    main.o(.text.HAL_GetTick) refers (Special) to _printf_d.o(.ARM.Collect$$_printf_percent$$00000009) for _printf_d
    main.o(.text.HAL_GetTick) refers (Special) to _printf_dec.o(.text) for _printf_int_dec
    main.o(.text.HAL_GetTick) refers (Special) to _printf_percent.o(.ARM.Collect$$_printf_percent$$00000000) for _printf_percent
    main.o(.text.HAL_GetTick) refers (Special) to _printf_s.o(.ARM.Collect$$_printf_percent$$00000014) for _printf_s
    main.o(.text.HAL_GetTick) refers (Special) to _printf_str.o(.text) for _printf_str
    main.o(.text.HAL_GetTick) refers (Special) to _printf_u.o(.ARM.Collect$$_printf_percent$$0000000A) for _printf_u
    main.o(.text.HAL_GetTick) refers to rtx_kernel.o(.text.osKernelGetState) for osKernelGetState
    main.o(.text.HAL_GetTick) refers to rtx_kernel.o(.text.osKernelGetTickCount) for osKernelGetTickCount
    main.o(.text.HAL_GetTick) refers to system_stm32f2xx.o(.data.SystemCoreClock) for SystemCoreClock
    main.o(.text.HAL_GetTick) refers to main.o(.bss.HAL_GetTick.ticks) for HAL_GetTick.ticks
    main.o(.ARM.exidx.text.HAL_GetTick) refers (Special) to _printf_d.o(.ARM.Collect$$_printf_percent$$00000009) for _printf_d
    main.o(.ARM.exidx.text.HAL_GetTick) refers (Special) to _printf_dec.o(.text) for _printf_int_dec
    main.o(.ARM.exidx.text.HAL_GetTick) refers (Special) to _printf_percent.o(.ARM.Collect$$_printf_percent$$00000000) for _printf_percent
    main.o(.ARM.exidx.text.HAL_GetTick) refers (Special) to _printf_s.o(.ARM.Collect$$_printf_percent$$00000014) for _printf_s
    main.o(.ARM.exidx.text.HAL_GetTick) refers (Special) to _printf_str.o(.text) for _printf_str
    main.o(.ARM.exidx.text.HAL_GetTick) refers (Special) to _printf_u.o(.ARM.Collect$$_printf_percent$$0000000A) for _printf_u
    main.o(.ARM.exidx.text.HAL_GetTick) refers to main.o(.text.HAL_GetTick) for [Anonymous Symbol]
    main.o(.text.HAL_InitTick) refers (Special) to _printf_d.o(.ARM.Collect$$_printf_percent$$00000009) for _printf_d
    main.o(.text.HAL_InitTick) refers (Special) to _printf_dec.o(.text) for _printf_int_dec
    main.o(.text.HAL_InitTick) refers (Special) to _printf_percent.o(.ARM.Collect$$_printf_percent$$00000000) for _printf_percent
    main.o(.text.HAL_InitTick) refers (Special) to _printf_s.o(.ARM.Collect$$_printf_percent$$00000014) for _printf_s
    main.o(.text.HAL_InitTick) refers (Special) to _printf_str.o(.text) for _printf_str
    main.o(.text.HAL_InitTick) refers (Special) to _printf_u.o(.ARM.Collect$$_printf_percent$$0000000A) for _printf_u
    main.o(.ARM.exidx.text.HAL_InitTick) refers (Special) to _printf_d.o(.ARM.Collect$$_printf_percent$$00000009) for _printf_d
    main.o(.ARM.exidx.text.HAL_InitTick) refers (Special) to _printf_dec.o(.text) for _printf_int_dec
    main.o(.ARM.exidx.text.HAL_InitTick) refers (Special) to _printf_percent.o(.ARM.Collect$$_printf_percent$$00000000) for _printf_percent
    main.o(.ARM.exidx.text.HAL_InitTick) refers (Special) to _printf_s.o(.ARM.Collect$$_printf_percent$$00000014) for _printf_s
    main.o(.ARM.exidx.text.HAL_InitTick) refers (Special) to _printf_str.o(.text) for _printf_str
    main.o(.ARM.exidx.text.HAL_InitTick) refers (Special) to _printf_u.o(.ARM.Collect$$_printf_percent$$0000000A) for _printf_u
    main.o(.ARM.exidx.text.HAL_InitTick) refers to main.o(.text.HAL_InitTick) for [Anonymous Symbol]
    main.o(.text.main) refers (Special) to _printf_d.o(.ARM.Collect$$_printf_percent$$00000009) for _printf_d
    main.o(.text.main) refers (Special) to _printf_dec.o(.text) for _printf_int_dec
    main.o(.text.main) refers (Special) to _printf_percent.o(.ARM.Collect$$_printf_percent$$00000000) for _printf_percent
    main.o(.text.main) refers (Special) to _printf_s.o(.ARM.Collect$$_printf_percent$$00000014) for _printf_s
    main.o(.text.main) refers (Special) to _printf_str.o(.text) for _printf_str
    main.o(.text.main) refers (Special) to _printf_u.o(.ARM.Collect$$_printf_percent$$0000000A) for _printf_u
    main.o(.text.main) refers to stm32f2xx_hal.o(.text.HAL_Init) for HAL_Init
    main.o(.text.main) refers to main.o(.text.SystemClock_Config) for SystemClock_Config
    main.o(.text.main) refers to system_stm32f2xx.o(.text.SystemCoreClockUpdate) for SystemCoreClockUpdate
[...]
    __2fprintf                               0x08000455   Thumb Code    20  noretval__2fprintf.o(.text)
    __printf                                 0x08000469   Thumb Code   104  __printf.o(.text)
    _printf_str                              0x080004d1   Thumb Code    82  _printf_str.o(.text)
    _printf_int_dec                          0x08000525   Thumb Code   104  _printf_dec.o(.text)
    __aeabi_memcpy                           0x0800059d   Thumb Code     0  rt_memcpy_v6.o(.text)
    __rt_memcpy                              0x0800059d   Thumb Code   138  rt_memcpy_v6.o(.text)
    _memcpy_lastbytes                        0x08000603   Thumb Code     0  rt_memcpy_v6.o(.text)
    __aeabi_memset4                          0x08000627   Thumb Code    16  aeabi_memset4.o(.text)
    __aeabi_memset8                          0x08000627   Thumb Code     0  aeabi_memset4.o(.text)
    __aeabi_memclr                           0x08000637   Thumb Code     0  rt_memclr.o(.text)
    __rt_memclr                              0x08000637   Thumb Code     0  rt_memclr.o(.text)
    _memset                                  0x0800063b   Thumb Code    64  rt_memclr.o(.text)
    __aeabi_memclr4                          0x0800067b   Thumb Code     0  rt_memclr_w.o(.text)
    __aeabi_memclr8                          0x0800067b   Thumb Code     0  rt_memclr_w.o(.text)
    __rt_memclr_w                            0x0800067b   Thumb Code     0  rt_memclr_w.o(.text)
    _memset_w                                0x0800067f   Thumb Code    74  rt_memclr_w.o(.text)
    strcmp                                   0x080006c9   Thumb Code   128  strcmpv7m.o(.text)
    __use_two_region_memory                  0x08000749   Thumb Code     2  heapauxi.o(.text)
    __rt_heap_escrow                         0x0800074b   Thumb Code     2  heapauxi.o(.text)
    __rt_heap_expand                         0x0800074d   Thumb Code     2  heapauxi.o(.text)
    _printf_int_common                       0x0800074f   Thumb Code   178  _printf_intcommon.o(.text)
    _printf_cs_common                        0x08000801   Thumb Code    20  _printf_char.o(.text)
    _printf_char                             0x08000815   Thumb Code    16  _printf_char.o(.text)
    _printf_string                           0x08000825   Thumb Code     8  _printf_char.o(.text)
    _initio                                  0x0800082d   Thumb Code   240  initio_locked.o(.text)
    _terminateio                             0x0800091d   Thumb Code   168  initio_locked.o(.text)
    __aeabi_memcpy4                          0x080009f5   Thumb Code     0  rt_memcpy_w.o(.text)
    __aeabi_memcpy8                          0x080009f5   Thumb Code     0  rt_memcpy_w.o(.text)
    __rt_memcpy_w                            0x080009f5   Thumb Code   100  rt_memcpy_w.o(.text)
    _memcpy_lastbytes_aligned                0x08000a3d   Thumb Code     0  rt_memcpy_w.o(.text)
    free_internal$concurrent                 0x08000a59   Thumb Code    98  h1_free_threads.o(.text)
    free                                     0x08000abb   Thumb Code    20  h1_free_threads.o(.text)
    _printf_char_common                      0x08000adb   Thumb Code    32  _printf_char_common.o(.text)
    __flsbuf                                 0x08000b01   Thumb Code   470  flsbuf.o(.text)
    __flsbuf_byte                            0x08000b01   Thumb Code     0  flsbuf.o(.text)
    __flsbuf_wide                            0x08000b01   Thumb Code     0  flsbuf.o(.text)
    _fclose_internal                         0x08000cd7   Thumb Code    76  fclose.o(.text)
    fclose                                   0x08000cd7   Thumb Code     0  fclose.o(.text)
    setvbuf                                  0x08000d23   Thumb Code   104  setvbuf_locked.o(.text)
    freopen                                  0x08000e41   Thumb Code    42  fopen_locked.o(.text)
    _fopen$locked                            0x08000e6b   Thumb Code   100  fopen_locked.o(.text)
    __rt_SIGRTRED                            0x08000ed9   Thumb Code    14  defsig_rtred_outer.o(.text)
    __user_setup_stackheap                   0x08000ee7   Thumb Code    74  sys_stackheap_outer.o(.text)
    __rt_heap_descriptor                     0x08000f31   Thumb Code    10  rt_heap_descriptor_twolibspace.o(.text)
    __use_no_heap                            0x08000f3b   Thumb Code     2  hguard.o(.text)
    __heap$guard                             0x08000f3d   Thumb Code     2  hguard.o(.text)
    _terminate_user_alloc                    0x08000f3f   Thumb Code     2  init_alloc.o(.text)
    _init_user_alloc                         0x08000f41   Thumb Code     2  init_alloc.o(.text)
    __Heap_Full                              0x08000f43   Thumb Code    34  init_alloc.o(.text)
    __Heap_Broken                            0x08000f65   Thumb Code     6  init_alloc.o(.text)
    _init_alloc                              0x08000f6b   Thumb Code    94  init_alloc.o(.text)
    malloc_internal$concurrent               0x08000fd9   Thumb Code   130  h1_alloc_threads.o(.text)
    malloc                                   0x0800105b   Thumb Code    20  h1_alloc_threads.o(.text)
    _printf_char_file                        0x08001071   Thumb Code    58  _printf_char_file_locked.o(.text)
    _fseek                                   0x080010b1   Thumb Code   242  fseek.o(.text)
    fseek                                    0x080010b1   Thumb Code     0  fseek.o(.text)
    _seterr                                  0x080011a9   Thumb Code    20  stdio.o(.text)
    _writebuf                                0x080011bd   Thumb Code    84  stdio.o(.text)
    _fflush                                  0x08001211   Thumb Code    70  stdio.o(.text)
    _deferredlazyseek                        0x08001257   Thumb Code    60  stdio.o(.text)
    puts                                     0x08001299   Thumb Code    58  puts_locked.o(.text)
    fwrite                                   0x080012d9   Thumb Code   208  fwritefast_locked.o(.text)
    exit                                     0x080013a9   Thumb Code    18  exit.o(.text)
    __sig_exit                               0x080013bb   Thumb Code    10  defsig_exit.o(.text)
    __rt_SIGRTRED_inner                      0x080013c5   Thumb Code    14  defsig_rtred_inner.o(.text)
    _sys_exit                                0x080013f9   Thumb Code     8  sys_exit.o(.text)
    __user_libspace                          0x08001405   Thumb Code     8  libspace.o(.text)
    __user_perproc_libspace                  0x08001405   Thumb Code     0  libspace.o(.text)
    __Heap_Initialize                        0x0800140d   Thumb Code    14  h1_init_threads.o(.text)
    _maybe_terminate_alloc                   0x0800140d   Thumb Code     0  maybetermalloc2.o(.text)
    __Heap_DescSize                          0x0800141b   Thumb Code     4  h1_init_threads.o(.text)
    __Heap_ProvideMemory                     0x0800142d   Thumb Code    68  h1_extend_threads.o(.text)
    _ftell_internal                          0x08001471   Thumb Code    66  ftell.o(.text)
    ftell                                    0x08001471   Thumb Code     0  ftell.o(.text)
    __default_signal_display                 0x080014b3   Thumb Code    50  defsig_general.o(.text)
    __rt_SIGRTMEM                            0x080014e5   Thumb Code    14  defsig_rtmem_outer.o(.text)
    _ttywrch                                 0x080014f3   Thumb Code    14  sys_wrch.o(.text)
    __I$use$semihosting                      0x08001501   Thumb Code     0  use_no_semi.o(.text)
    __use_no_semihosting_swi                 0x08001501   Thumb Code     2  use_no_semi.o(.text)
    __aeabi_errno_addr                       0x08001503   Thumb Code     4  rt_errno_addr_twolibspace.o(.text)
    __errno$twolibspace                      0x08001503   Thumb Code     0  rt_errno_addr_twolibspace.o(.text)
    __rt_errno_addr$twolibspace              0x08001503   Thumb Code     0  rt_errno_addr_twolibspace.o(.text)
    __semihosting_library_function           0x08001503   Thumb Code     0  indicate_semi.o(.text)
    _terminate_alloc                         0x08001507   Thumb Code    16  term_alloc.o(.text)
    __rt_SIGRTMEM_inner                      0x08001519   Thumb Code    22  defsig_rtmem_inner.o(.text)
    __Heap_Finalize                          0x08001569   Thumb Code    10  h1_final_threads.o(.text)
    EvrRtxDelayCompleted                     0x080015d1   Thumb Code     2  rtx_evr.o(.text.EvrRtxDelayCompleted)
    EvrRtxEventFlagsWaitTimeout              0x080015d5   Thumb Code     2  rtx_evr.o(.text.EvrRtxEventFlagsWaitTimeout)
    EvrRtxKernelError                        0x080015d9   Thumb Code     2  rtx_evr.o(.text.EvrRtxKernelError)
    EvrRtxKernelErrorNotify                  0x080015dd   Thumb Code     2  rtx_evr.o(.text.EvrRtxKernelErrorNotify)
    EvrRtxKernelGetState                     0x080015e1   Thumb Code     2  rtx_evr.o(.text.EvrRtxKernelGetState)
    EvrRtxKernelGetTickCount                 0x080015e5   Thumb Code     2  rtx_evr.o(.text.EvrRtxKernelGetTickCount)
    EvrRtxKernelInitialize                   0x080015e9   Thumb Code     2  rtx_evr.o(.text.EvrRtxKernelInitialize)
    EvrRtxKernelInitialized                  0x080015ed   Thumb Code     2  rtx_evr.o(.text.EvrRtxKernelInitialized)
    EvrRtxKernelStart                        0x080015f1   Thumb Code     2  rtx_evr.o(.text.EvrRtxKernelStart)
    EvrRtxKernelStarted                      0x080015f5   Thumb Code     2  rtx_evr.o(.text.EvrRtxKernelStarted)
    EvrRtxMemoryAlloc                        0x080015f9   Thumb Code     2  rtx_evr.o(.text.EvrRtxMemoryAlloc)
    EvrRtxMemoryBlockAlloc                   0x080015fd   Thumb Code     2  rtx_evr.o(.text.EvrRtxMemoryBlockAlloc)
    EvrRtxMemoryBlockFree                    0x08001601   Thumb Code     2  rtx_evr.o(.text.EvrRtxMemoryBlockFree)
    EvrRtxMemoryBlockInit                    0x08001605   Thumb Code     2  rtx_evr.o(.text.EvrRtxMemoryBlockInit)
    EvrRtxMemoryFree                         0x08001609   Thumb Code     2  rtx_evr.o(.text.EvrRtxMemoryFree)
    EvrRtxMemoryInit                         0x0800160d   Thumb Code     2  rtx_evr.o(.text.EvrRtxMemoryInit)
    EvrRtxMemoryPoolAllocTimeout             0x08001611   Thumb Code     2  rtx_evr.o(.text.EvrRtxMemoryPoolAllocTimeout)
    EvrRtxMessageQueueCreated                0x08001615   Thumb Code     2  rtx_evr.o(.text.EvrRtxMessageQueueCreated)
    EvrRtxMessageQueueError                  0x08001619   Thumb Code     2  rtx_evr.o(.text.EvrRtxMessageQueueError)
    EvrRtxMessageQueueGet                    0x0800161d   Thumb Code     2  rtx_evr.o(.text.EvrRtxMessageQueueGet)
    EvrRtxMessageQueueGetPending             0x08001621   Thumb Code     2  rtx_evr.o(.text.EvrRtxMessageQueueGetPending)
    EvrRtxMessageQueueGetTimeout             0x08001625   Thumb Code     2  rtx_evr.o(.text.EvrRtxMessageQueueGetTimeout)
    EvrRtxMessageQueueInsertPending          0x08001629   Thumb Code     2  rtx_evr.o(.text.EvrRtxMessageQueueInsertPending)
    EvrRtxMessageQueueInserted               0x0800162d   Thumb Code     2  rtx_evr.o(.text.EvrRtxMessageQueueInserted)
    EvrRtxMessageQueueNotInserted            0x08001631   Thumb Code     2  rtx_evr.o(.text.EvrRtxMessageQueueNotInserted)
    EvrRtxMessageQueueNotRetrieved           0x08001635   Thumb Code     2  rtx_evr.o(.text.EvrRtxMessageQueueNotRetrieved)
    EvrRtxMessageQueuePut                    0x08001639   Thumb Code     2  rtx_evr.o(.text.EvrRtxMessageQueuePut)
    EvrRtxMessageQueuePutPending             0x0800163d   Thumb Code     2  rtx_evr.o(.text.EvrRtxMessageQueuePutPending)
    EvrRtxMessageQueuePutTimeout             0x08001641   Thumb Code     2  rtx_evr.o(.text.EvrRtxMessageQueuePutTimeout)
    EvrRtxMessageQueueRetrieved              0x08001645   Thumb Code     2  rtx_evr.o(.text.EvrRtxMessageQueueRetrieved)
    EvrRtxMutexAcquire                       0x08001649   Thumb Code     2  rtx_evr.o(.text.EvrRtxMutexAcquire)
    EvrRtxMutexAcquirePending                0x0800164d   Thumb Code     2  rtx_evr.o(.text.EvrRtxMutexAcquirePending)
    EvrRtxMutexAcquireTimeout                0x08001651   Thumb Code     2  rtx_evr.o(.text.EvrRtxMutexAcquireTimeout)
    EvrRtxMutexAcquired                      0x08001655   Thumb Code     2  rtx_evr.o(.text.EvrRtxMutexAcquired)
    EvrRtxMutexCreated                       0x08001659   Thumb Code     2  rtx_evr.o(.text.EvrRtxMutexCreated)
    EvrRtxMutexDelete                        0x0800165d   Thumb Code     2  rtx_evr.o(.text.EvrRtxMutexDelete)
    EvrRtxMutexDestroyed                     0x08001661   Thumb Code     2  rtx_evr.o(.text.EvrRtxMutexDestroyed)
    EvrRtxMutexError                         0x08001665   Thumb Code     2  rtx_evr.o(.text.EvrRtxMutexError)
    EvrRtxMutexNew                           0x08001669   Thumb Code     2  rtx_evr.o(.text.EvrRtxMutexNew)
    EvrRtxMutexNotAcquired                   0x0800166d   Thumb Code     2  rtx_evr.o(.text.EvrRtxMutexNotAcquired)
    EvrRtxMutexRelease                       0x08001671   Thumb Code     2  rtx_evr.o(.text.EvrRtxMutexRelease)
    EvrRtxMutexReleased                      0x08001675   Thumb Code     2  rtx_evr.o(.text.EvrRtxMutexReleased)
    EvrRtxSemaphoreAcquireTimeout            0x08001679   Thumb Code     2  rtx_evr.o(.text.EvrRtxSemaphoreAcquireTimeout)
    EvrRtxThreadBlocked                      0x0800167d   Thumb Code     2  rtx_evr.o(.text.EvrRtxThreadBlocked)
    EvrRtxThreadCreated                      0x08001681   Thumb Code     2  rtx_evr.o(.text.EvrRtxThreadCreated)
    EvrRtxThreadDestroyed                    0x08001685   Thumb Code     2  rtx_evr.o(.text.EvrRtxThreadDestroyed)
    EvrRtxThreadError                        0x08001689   Thumb Code     2  rtx_evr.o(.text.EvrRtxThreadError)
    EvrRtxThreadExit                         0x0800168d   Thumb Code     2  rtx_evr.o(.text.EvrRtxThreadExit)
    EvrRtxThreadFlagsError                   0x08001691   Thumb Code     2  rtx_evr.o(.text.EvrRtxThreadFlagsError)
    EvrRtxThreadFlagsSet                     0x08001695   Thumb Code     2  rtx_evr.o(.text.EvrRtxThreadFlagsSet)
    EvrRtxThreadFlagsSetDone                 0x08001699   Thumb Code     2  rtx_evr.o(.text.EvrRtxThreadFlagsSetDone)
    EvrRtxThreadFlagsWait                    0x0800169d   Thumb Code     2  rtx_evr.o(.text.EvrRtxThreadFlagsWait)
    EvrRtxThreadFlagsWaitCompleted           0x080016a1   Thumb Code     2  rtx_evr.o(.text.EvrRtxThreadFlagsWaitCompleted)
    EvrRtxThreadFlagsWaitNotCompleted        0x080016a5   Thumb Code     2  rtx_evr.o(.text.EvrRtxThreadFlagsWaitNotCompleted)
    EvrRtxThreadFlagsWaitPending             0x080016a9   Thumb Code     2  rtx_evr.o(.text.EvrRtxThreadFlagsWaitPending)
    EvrRtxThreadFlagsWaitTimeout             0x080016ad   Thumb Code     2  rtx_evr.o(.text.EvrRtxThreadFlagsWaitTimeout)
    EvrRtxThreadGetId                        0x080016b1   Thumb Code     2  rtx_evr.o(.text.EvrRtxThreadGetId)
    EvrRtxThreadJoined                       0x080016b5   Thumb Code     2  rtx_evr.o(.text.EvrRtxThreadJoined)
    EvrRtxThreadNew                          0x080016b9   Thumb Code     2  rtx_evr.o(.text.EvrRtxThreadNew)
    EvrRtxThreadPreempted                    0x080016bd   Thumb Code     2  rtx_evr.o(.text.EvrRtxThreadPreempted)
    EvrRtxThreadSwitched                     0x080016c1   Thumb Code     2  rtx_evr.o(.text.EvrRtxThreadSwitched)
    EvrRtxThreadUnblocked                    0x080016c5   Thumb Code     2  rtx_evr.o(.text.EvrRtxThreadUnblocked)
    EvrRtxTimerCallback                      0x080016c9   Thumb Code     2  rtx_evr.o(.text.EvrRtxTimerCallback)
    HAL_GPIO_DeInit                          0x080016cd   Thumb Code   274  stm32f2xx_hal_gpio.o(.text.HAL_GPIO_DeInit)
    HAL_GPIO_Init                            0x080017e1   Thumb Code   412  stm32f2xx_hal_gpio.o(.text.HAL_GPIO_Init)
    HAL_GetTick                              0x0800197d   Thumb Code    80  main.o(.text.HAL_GetTick)
    HAL_Init                                 0x080019cd   Thumb Code    54  stm32f2xx_hal.o(.text.HAL_Init)
    HAL_InitTick                             0x08001a05   Thumb Code     4  main.o(.text.HAL_InitTick)
    HAL_MspInit                              0x08001a09   Thumb Code     2  stm32f2xx_hal.o(.text.HAL_MspInit)
    HAL_NVIC_DisableIRQ                      0x08001a0d   Thumb Code     8  stm32f2xx_hal_cortex.o(.text.HAL_NVIC_DisableIRQ)
    HAL_NVIC_SetPriorityGrouping             0x08001a15   Thumb Code     8  stm32f2xx_hal_cortex.o(.text.HAL_NVIC_SetPriorityGrouping)
    HAL_RCC_ClockConfig                      0x08001a1d   Thumb Code   348  stm32f2xx_hal_rcc.o(.text.HAL_RCC_ClockConfig)
    HAL_RCC_GetHCLKFreq                      0x08001b79   Thumb Code    12  stm32f2xx_hal_rcc.o(.text.HAL_RCC_GetHCLKFreq)
    HAL_RCC_GetPCLK1Freq                     0x08001b85   Thumb Code    34  stm32f2xx_hal_rcc.o(.text.HAL_RCC_GetPCLK1Freq)
    HAL_RCC_GetSysClockFreq                  0x08001ba9   Thumb Code   104  stm32f2xx_hal_rcc.o(.text.HAL_RCC_GetSysClockFreq)
    HAL_RCC_OscConfig                        0x08001c11   Thumb Code   810  stm32f2xx_hal_rcc.o(.text.HAL_RCC_OscConfig)
    ITM_SendChar                             0x08001f3d   Thumb Code    46  retarget_io.o(.text.ITM_SendChar)
    LED_clear                                0x08002009   Thumb Code    34  main.o(.text.LED_clear)
    LED_end_frame                            0x0800202d   Thumb Code    16  main.o(.text.LED_end_frame)
    LED_init                                 0x0800203d   Thumb Code   120  main.o(.text.LED_init)
    LED_send                                 0x080020d9   Thumb Code    80  main.o(.text.LED_send)
    LED_set_color                            0x08002151   Thumb Code    48  main.o(.text.LED_set_color)
    LED_start_frame                          0x08002181   Thumb Code    14  main.o(.text.LED_start_frame)
    OS_Tick_AcknowledgeIRQ                   0x0800223d   Thumb Code    12  os_systick.o(.text.OS_Tick_AcknowledgeIRQ)
    OS_Tick_Enable                           0x08002249   Thumb Code    50  os_systick.o(.text.OS_Tick_Enable)
    OS_Tick_GetIRQn                          0x0800227d   Thumb Code     6  os_systick.o(.text.OS_Tick_GetIRQn)
    OS_Tick_Setup                            0x08002285   Thumb Code    72  os_systick.o(.text.OS_Tick_Setup)
    SPI2_IRQHandler                          0x080022e5   Thumb Code     8  spi_stm32f2xx.o(.text.SPI2_IRQHandler)
    SystemCoreClockUpdate                    0x08002b81   Thumb Code   126  system_stm32f2xx.o(.text.SystemCoreClockUpdate)
    SystemInit                               0x08002c01   Thumb Code    70  system_stm32f2xx.o(.text.SystemInit)
    __user_perthread_libspace                0x08002d8d   Thumb Code    86  rtx_lib.o(.text.__user_perthread_libspace)
    _mutex_acquire                           0x08002de5   Thumb Code    26  rtx_lib.o(.text._mutex_acquire)
    _mutex_free                              0x08002e01   Thumb Code    10  rtx_lib.o(.text._mutex_free)
    _mutex_initialize                        0x08002e0d   Thumb Code    32  rtx_lib.o(.text._mutex_initialize)
    _mutex_release                           0x08002e2d   Thumb Code    22  rtx_lib.o(.text._mutex_release)
    _platform_post_stackheap_init            0x08002e45   Thumb Code     8  rtx_lib.o(.text._platform_post_stackheap_init)
    _sys_close                               0x08002e4d   Thumb Code    18  retarget_io.o(.text._sys_close)
    _sys_flen                                0x08002e61   Thumb Code     4  retarget_io.o(.text._sys_flen)
    _sys_istty                               0x08002e65   Thumb Code    16  retarget_io.o(.text._sys_istty)
    _sys_open                                0x08002e75   Thumb Code    76  retarget_io.o(.text._sys_open)
    _sys_seek                                0x08002ed9   Thumb Code     6  retarget_io.o(.text._sys_seek)
    _sys_write                               0x08002ee1   Thumb Code    66  retarget_io.o(.text._sys_write)
    main                                     0x08003241   Thumb Code   108  main.o(.text.main)
    osKernelGetState                         0x080032dd   Thumb Code    38  rtx_kernel.o(.text.osKernelGetState)
    osKernelGetTickCount                     0x08003305   Thumb Code    32  rtx_kernel.o(.text.osKernelGetTickCount)
    osKernelInitialize                       0x08003325   Thumb Code    50  rtx_kernel.o(.text.osKernelInitialize)
    osKernelStart                            0x08003359   Thumb Code    46  rtx_kernel.o(.text.osKernelStart)
    osMessageQueueGet                        0x08003389   Thumb Code    66  rtx_msgqueue.o(.text.osMessageQueueGet)
    osMessageQueuePut                        0x080033cd   Thumb Code    66  rtx_msgqueue.o(.text.osMessageQueuePut)
    osMutexAcquire                           0x08003411   Thumb Code    56  rtx_mutex.o(.text.osMutexAcquire)
    osMutexDelete                            0x08003449   Thumb Code    52  rtx_mutex.o(.text.osMutexDelete)
    osMutexNew                               0x0800347d   Thumb Code    50  rtx_mutex.o(.text.osMutexNew)
    osMutexRelease                           0x080034b1   Thumb Code    52  rtx_mutex.o(.text.osMutexRelease)
    osRtxErrorNotify                         0x080034e5   Thumb Code     2  rtx_config.o(.text.osRtxErrorNotify)
    osRtxIdleThread                          0x080034ed   Thumb Code     2  rtx_config.o(.text.osRtxIdleThread)
    osRtxKernelErrorNotify                   0x080034f1   Thumb Code    20  rtx_kernel.o(.text.osRtxKernelErrorNotify)
    osRtxKernelPreInit                       0x0800351d   Thumb Code     2  rtx_kernel.o(.text.osRtxKernelPreInit)
    osRtxMemoryAlloc                         0x0800352d   Thumb Code   182  rtx_memory.o(.text.osRtxMemoryAlloc)
    osRtxMemoryFree                          0x080035e5   Thumb Code   120  rtx_memory.o(.text.osRtxMemoryFree)
    osRtxMemoryInit                          0x0800365d   Thumb Code   100  rtx_memory.o(.text.osRtxMemoryInit)
    osRtxMemoryPoolAlloc                     0x080036c1   Thumb Code    42  rtx_mempool.o(.text.osRtxMemoryPoolAlloc)
    osRtxMemoryPoolFree                      0x080036ed   Thumb Code    66  rtx_mempool.o(.text.osRtxMemoryPoolFree)
    osRtxMemoryPoolInit                      0x08003731   Thumb Code    96  rtx_mempool.o(.text.osRtxMemoryPoolInit)
    osRtxMessageQueueTimerSetup              0x080038a1   Thumb Code    48  rtx_msgqueue.o(.text.osRtxMessageQueueTimerSetup)
    osRtxMutexOwnerRelease                   0x080038d9   Thumb Code   106  rtx_mutex.o(.text.osRtxMutexOwnerRelease)
    osRtxMutexOwnerRestore                   0x08003945   Thumb Code    80  rtx_mutex.o(.text.osRtxMutexOwnerRestore)
    osRtxPendSV_Handler                      0x080039a5   Thumb Code   100  rtx_system.o(.text.osRtxPendSV_Handler)
    osRtxPostProcess                         0x08003a09   Thumb Code    44  rtx_system.o(.text.osRtxPostProcess)
    osRtxThreadDelayTick                     0x08003b71   Thumb Code   204  rtx_thread.o(.text.osRtxThreadDelayTick)
    osRtxThreadDispatch                      0x08003c75   Thumb Code    94  rtx_thread.o(.text.osRtxThreadDispatch)
    osRtxThreadListGet                       0x08003d91   Thumb Code    24  rtx_thread.o(.text.osRtxThreadListGet)
    osRtxThreadListPut                       0x08003da9   Thumb Code    52  rtx_thread.o(.text.osRtxThreadListPut)
    osRtxThreadListRemove                    0x08003ddd   Thumb Code    26  rtx_thread.o(.text.osRtxThreadListRemove)
    osRtxThreadListSort                      0x08003e0d   Thumb Code    48  rtx_thread.o(.text.osRtxThreadListSort)
    osRtxThreadReadyPut                      0x08003e7d   Thumb Code    24  rtx_thread.o(.text.osRtxThreadReadyPut)
    osRtxThreadRegPtr                        0x08003e95   Thumb Code     6  rtx_thread.o(.text.osRtxThreadRegPtr)
    osRtxThreadStackCheck                    0x08003eb5   Thumb Code    32  rtx_thread.o(.text.osRtxThreadStackCheck)
    osRtxThreadStartup                       0x08003ed5   Thumb Code    80  rtx_thread.o(.text.osRtxThreadStartup)
    osRtxThreadSwitch                        0x08003f25   Thumb Code    22  rtx_thread.o(.text.osRtxThreadSwitch)
    osRtxThreadWaitEnter                     0x08003f3d   Thumb Code    92  rtx_thread.o(.text.osRtxThreadWaitEnter)
    osRtxThreadWaitExit                      0x08003f99   Thumb Code    42  rtx_thread.o(.text.osRtxThreadWaitExit)
    osRtxTick_Handler                        0x08003fc5   Thumb Code   138  rtx_system.o(.text.osRtxTick_Handler)
    osRtxTimerSetup                          0x08004051   Thumb Code    38  rtx_timer.o(.text.osRtxTimerSetup)
    osRtxTimerThread                         0x08004079   Thumb Code    42  rtx_timer.o(.text.osRtxTimerThread)
    osThreadExit                             0x0800412d   Thumb Code    26  rtx_thread.o(.text.osThreadExit)
    osThreadFlagsSet                         0x08004149   Thumb Code    48  rtx_thread.o(.text.osThreadFlagsSet)
    osThreadFlagsWait                        0x08004179   Thumb Code    60  rtx_thread.o(.text.osThreadFlagsWait)
    osThreadGetId                            0x080041b5   Thumb Code    32  rtx_thread.o(.text.osThreadGetId)
    osThreadNew                              0x080041d5   Thumb Code    58  rtx_thread.o(.text.osThreadNew)
    spi_callback                             0x08004231   Thumb Code    80  main.o(.text.spi_callback)
    spi_thread                               0x080042c9   Thumb Code   766  main.o(.text.spi_thread)
    _fputc$unlocked                          0x080052c5   Thumb Code    26  fputc.o(i.fputc)
    osRtxConfig                              0x080052e0   Data         112  rtx_lib.o(.rodata)
    os_cb_sections                           0x08005350   Data          56  rtx_lib.o(.rodata)
    AHBPrescTable                            0x08005388   Data          16  system_stm32f2xx.o(.rodata.AHBPrescTable)
    APBPrescTable                            0x08005398   Data           8  system_stm32f2xx.o(.rodata.APBPrescTable)
    Driver_SPI2                              0x080053a0   Data          44  spi_stm32f2xx.o(.rodata.Driver_SPI2)
    __stderr_name                            0x080053cc   Data           8  retarget_io.o(.rodata.__stderr_name)
    __stdin_name                             0x080053d4   Data           7  retarget_io.o(.rodata.__stdin_name)
    __stdout_name                            0x080053db   Data           8  retarget_io.o(.rodata.__stdout_name)
    osRtxUserSVC                             0x08005408   Data           4  rtx_lib.o(.rodata.osRtxUserSVC)
    Region$$Table$$Base                      0x080054a8   Number         0  anon$$obj.o(Region$$Table)
    Region$$Table$$Limit                     0x080054c8   Number         0  anon$$obj.o(Region$$Table)
    __aeabi_stdin                            0x20000000   Data           4  stdio_streams.o(.data)
    __aeabi_stdout                           0x20000004   Data           4  stdio_streams.o(.data)
    __aeabi_stderr                           0x20000008   Data           4  stdio_streams.o(.data)
    _stream_list_lock                        0x2000000c   Data           4  streamlock.o(.data)
    STR_ERROR                                0x20000010   Data           4  main.o(.data.STR_ERROR)
    SystemCoreClock                          0x20000014   Data           4  system_stm32f2xx.o(.data.SystemCoreClock)
    osRtxInfo                                0x20000018   Data         164  rtx_kernel.o(.data.os)
    uwTickPrio                               0x200000bc   Data           4  stm32f2xx_hal.o(.data.uwTickPrio)
    __stdin                                  0x200000c0   Data          84  stdio_streams.o(.bss)
    __stdout                                 0x20000114   Data          84  stdio_streams.o(.bss)
    __stderr                                 0x20000168   Data          84  stdio_streams.o(.bss)
    __libspace_start                         0x200001bc   Data          96  libspace.o(.bss)
    __temporary_stack_top$libspace           0x2000021c   Data           0  libspace.o(.bss)
    .bss.os.msgqueue.cb$$Base                0x2000195c   Number         0  rtx_lib.o(.bss.os.msgqueue.cb)
    .bss.os.msgqueue.cb$$Limit               0x20001990   Number         0  rtx_lib.o(.bss.os.msgqueue.cb)
    .bss.os.thread.cb$$Base                  0x200019e0   Number         0  rtx_lib.o(.bss.os.thread.cb)
    .bss.os.thread.cb$$Limit                 0x20001a68   Number         0  rtx_lib.o(.bss.os.thread.cb)



==============================================================================

Memory Map of the image

  Image Entry point : 0x08000185

  Load Region LR_IROM1 (Base: 0x08000000, Size: 0x00005588, Max: 0x00100000, ABSOLUTE)

    Execution Region ER_IROM1 (Exec base: 0x08000000, Load base: 0x08000000, Size: 0x000054c8, Max: 0x00100000, ABSOLUTE)

    Exec Addr    Load Addr    Size         Type   Attr      Idx    E Section Name        Object

    0x08000000   0x08000000   0x00000184   Data   RO         1918    RESET               startup_stm32f207xx.o
    0x08000184   0x08000184   0x00000008   Code   RO         2004  * !!!main             c_w.l(__main.o)
    0x0800018c   0x0800018c   0x00000034   Code   RO         2356    !!!scatter          c_w.l(__scatter.o)
    0x080001c0   0x080001c0   0x0000001a   Code   RO         2358    !!handler_copy      c_w.l(__scatter_copy.o)
    0x080001da   0x080001da   0x00000002   PAD
    0x080001dc   0x080001dc   0x0000001c   Code   RO         2360    !!handler_zi        c_w.l(__scatter_zi.o)
    0x080001f8   0x080001f8   0x00000000   Code   RO         1981    .ARM.Collect$$_printf_percent$$00000000  c_w.l(_printf_percent.o)
    0x080001f8   0x080001f8   0x00000006   Code   RO         1979    .ARM.Collect$$_printf_percent$$00000009  c_w.l(_printf_d.o)
    0x080001fe   0x080001fe   0x00000006   Code   RO         1980    .ARM.Collect$$_printf_percent$$0000000A  c_w.l(_printf_u.o)
    0x08000204   0x08000204   0x00000006   Code   RO         1978    .ARM.Collect$$_printf_percent$$00000014  c_w.l(_printf_s.o)
    0x0800020a   0x0800020a   0x00000004   Code   RO         2017    .ARM.Collect$$_printf_percent$$00000017  c_w.l(_printf_percent_end.o)
    0x0800020e   0x0800020e   0x00000002   Code   RO         2251    .ARM.Collect$$libinit$$00000000  c_w.l(libinit.o)
    0x08000210   0x08000210   0x00000000   Code   RO         2127    .ARM.Collect$$libinit$$00000002  c_w.l(libinit2.o)
    0x08000210   0x08000210   0x00000000   Code   RO         2129    .ARM.Collect$$libinit$$00000004  c_w.l(libinit2.o)
    0x08000210   0x08000210   0x00000008   Code   RO         2130    .ARM.Collect$$libinit$$00000005  c_w.l(libinit2.o)
    0x08000218   0x08000218   0x00000000   Code   RO         2132    .ARM.Collect$$libinit$$0000000A  c_w.l(libinit2.o)
    0x08000218   0x08000218   0x00000000   Code   RO         2134    .ARM.Collect$$libinit$$0000000C  c_w.l(libinit2.o)
    0x08000218   0x08000218   0x00000000   Code   RO         2136    .ARM.Collect$$libinit$$0000000E  c_w.l(libinit2.o)
    0x08000218   0x08000218   0x00000000   Code   RO         2139    .ARM.Collect$$libinit$$00000011  c_w.l(libinit2.o)
    0x08000218   0x08000218   0x00000000   Code   RO         2141    .ARM.Collect$$libinit$$00000013  c_w.l(libinit2.o)
    0x08000218   0x08000218   0x00000000   Code   RO         2143    .ARM.Collect$$libinit$$00000015  c_w.l(libinit2.o)
    0x08000218   0x08000218   0x00000000   Code   RO         2145    .ARM.Collect$$libinit$$00000017  c_w.l(libinit2.o)
    0x08000218   0x08000218   0x00000000   Code   RO         2147    .ARM.Collect$$libinit$$00000019  c_w.l(libinit2.o)
    0x08000218   0x08000218   0x00000000   Code   RO         2149    .ARM.Collect$$libinit$$0000001B  c_w.l(libinit2.o)
    0x08000218   0x08000218   0x00000000   Code   RO         2151    .ARM.Collect$$libinit$$0000001D  c_w.l(libinit2.o)
    0x08000218   0x08000218   0x00000000   Code   RO         2153    .ARM.Collect$$libinit$$0000001F  c_w.l(libinit2.o)
    0x08000218   0x08000218   0x00000000   Code   RO         2155    .ARM.Collect$$libinit$$00000021  c_w.l(libinit2.o)
    0x08000218   0x08000218   0x00000000   Code   RO         2157    .ARM.Collect$$libinit$$00000023  c_w.l(libinit2.o)
    0x08000218   0x08000218   0x00000004   Code   RO         2158    .ARM.Collect$$libinit$$00000024  c_w.l(libinit2.o)
    0x0800021c   0x0800021c   0x00000000   Code   RO         2159    .ARM.Collect$$libinit$$00000025  c_w.l(libinit2.o)
    0x0800021c   0x0800021c   0x00000000   Code   RO         2163    .ARM.Collect$$libinit$$0000002C  c_w.l(libinit2.o)
    0x0800021c   0x0800021c   0x00000000   Code   RO         2165    .ARM.Collect$$libinit$$0000002E  c_w.l(libinit2.o)
    0x0800021c   0x0800021c   0x00000000   Code   RO         2167    .ARM.Collect$$libinit$$00000030  c_w.l(libinit2.o)
    0x0800021c   0x0800021c   0x00000000   Code   RO         2169    .ARM.Collect$$libinit$$00000032  c_w.l(libinit2.o)
    0x0800021c   0x0800021c   0x00000002   Code   RO         2170    .ARM.Collect$$libinit$$00000033  c_w.l(libinit2.o)
    0x0800021e   0x0800021e   0x00000002   Code   RO         2353    .ARM.Collect$$libshutdown$$00000000  c_w.l(libshutdown.o)
    0x08000220   0x08000220   0x00000000   Code   RO         2172    .ARM.Collect$$libshutdown$$00000002  c_w.l(libshutdown2.o)
    0x08000220   0x08000220   0x00000004   Code   RO         2173    .ARM.Collect$$libshutdown$$00000003  c_w.l(libshutdown2.o)
    0x08000224   0x08000224   0x00000000   Code   RO         2174    .ARM.Collect$$libshutdown$$00000004  c_w.l(libshutdown2.o)
    0x08000224   0x08000224   0x00000000   Code   RO         2177    .ARM.Collect$$libshutdown$$00000007  c_w.l(libshutdown2.o)
    0x08000224   0x08000224   0x00000000   Code   RO         2180    .ARM.Collect$$libshutdown$$0000000A  c_w.l(libshutdown2.o)
    0x08000224   0x08000224   0x00000000   Code   RO         2182    .ARM.Collect$$libshutdown$$0000000C  c_w.l(libshutdown2.o)
    0x08000224   0x08000224   0x00000004   Code   RO         2183    .ARM.Collect$$libshutdown$$0000000D  c_w.l(libshutdown2.o)
    0x08000228   0x08000228   0x00000000   Code   RO         2185    .ARM.Collect$$libshutdown$$0000000F  c_w.l(libshutdown2.o)
    0x08000228   0x08000228   0x00000002   Code   RO         2186    .ARM.Collect$$libshutdown$$00000010  c_w.l(libshutdown2.o)
    0x0800022a   0x0800022a   0x00000000   Code   RO         2006    .ARM.Collect$$rtentry$$00000000  c_w.l(__rtentry.o)
    0x0800022a   0x0800022a   0x00000000   Code   RO         2031    .ARM.Collect$$rtentry$$00000002  c_w.l(__rtentry2.o)
    0x0800022a   0x0800022a   0x00000006   Code   RO         2043    .ARM.Collect$$rtentry$$00000004  c_w.l(__rtentry4.o)
    0x08000230   0x08000230   0x00000008   Code   RO         2032    .ARM.Collect$$rtentry$$00000008  c_w.l(__rtentry2.o)
    0x08000238   0x08000238   0x00000004   Code   RO         2034    .ARM.Collect$$rtentry$$0000000A  c_w.l(__rtentry2.o)
    0x0800023c   0x0800023c   0x00000000   Code   RO         2036    .ARM.Collect$$rtentry$$0000000C  c_w.l(__rtentry2.o)
    0x0800023c   0x0800023c   0x00000008   Code   RO         2037    .ARM.Collect$$rtentry$$0000000D  c_w.l(__rtentry2.o)
    0x08000244   0x08000244   0x00000002   Code   RO         2261    .ARM.Collect$$rtexit$$00000000  c_w.l(rtexit.o)
    0x08000246   0x08000246   0x00000000   Code   RO         2314    .ARM.Collect$$rtexit$$00000002  c_w.l(rtexit2.o)
    0x08000246   0x08000246   0x00000004   Code   RO         2315    .ARM.Collect$$rtexit$$00000003  c_w.l(rtexit2.o)
    0x0800024a   0x0800024a   0x00000006   Code   RO         2316    .ARM.Collect$$rtexit$$00000004  c_w.l(rtexit2.o)
    0x08000250   0x08000250   0x000000bc   Code   RO          111    .text               irq_armv7m.o
    0x0800030c   0x0800030c   0x00000040   Code   RO         1919    .text               startup_stm32f207xx.o
    0x0800034c   0x0800034c   0x000000f0   Code   RO         1942    .text               c_w.l(lludivv7m.o)
    0x0800043c   0x0800043c   0x00000018   Code   RO         1948    .text               c_w.l(noretval__2printf.o)
    0x08000454   0x08000454   0x00000014   Code   RO         1950    .text               c_w.l(noretval__2fprintf.o)
    0x08000468   0x08000468   0x00000068   Code   RO         1952    .text               c_w.l(__printf.o)
    0x080004d0   0x080004d0   0x00000052   Code   RO         1954    .text               c_w.l(_printf_str.o)
    0x08000522   0x08000522   0x00000002   PAD
    0x08000524   0x08000524   0x00000078   Code   RO         1956    .text               c_w.l(_printf_dec.o)
    0x0800059c   0x0800059c   0x0000008a   Code   RO         1992    .text               c_w.l(rt_memcpy_v6.o)
    0x08000626   0x08000626   0x00000010   Code   RO         1994    .text               c_w.l(aeabi_memset4.o)
    0x08000636   0x08000636   0x00000044   Code   RO         1996    .text               c_w.l(rt_memclr.o)
    0x0800067a   0x0800067a   0x0000004e   Code   RO         1998    .text               c_w.l(rt_memclr_w.o)
    0x080006c8   0x080006c8   0x00000080   Code   RO         2000    .text               c_w.l(strcmpv7m.o)
    0x08000748   0x08000748   0x00000006   Code   RO         2002    .text               c_w.l(heapauxi.o)
    0x0800074e   0x0800074e   0x000000b2   Code   RO         2011    .text               c_w.l(_printf_intcommon.o)
    0x08000800   0x08000800   0x0000002c   Code   RO         2013    .text               c_w.l(_printf_char.o)
    0x0800082c   0x0800082c   0x000001c8   Code   RO         2026    .text               c_w.l(initio_locked.o)
    0x080009f4   0x080009f4   0x00000064   Code   RO         2028    .text               c_w.l(rt_memcpy_w.o)
    0x08000a58   0x08000a58   0x00000076   Code   RO         2051    .text               c_w.l(h1_free_threads.o)
    0x08000ace   0x08000ace   0x00000002   PAD
    0x08000ad0   0x08000ad0   0x00000030   Code   RO         2103    .text               c_w.l(_printf_char_common.o)
    0x08000b00   0x08000b00   0x000001d6   Code   RO         2107    .text               c_w.l(flsbuf.o)
    0x08000cd6   0x08000cd6   0x0000004c   Code   RO         2114    .text               c_w.l(fclose.o)
    0x08000d22   0x08000d22   0x00000068   Code   RO         2118    .text               c_w.l(setvbuf_locked.o)
    0x08000d8a   0x08000d8a   0x00000002   PAD
    0x08000d8c   0x08000d8c   0x0000014c   Code   RO         2120    .text               c_w.l(fopen_locked.o)
    0x08000ed8   0x08000ed8   0x0000000e   Code   RO         2122    .text               c_w.l(defsig_rtred_outer.o)
    0x08000ee6   0x08000ee6   0x0000004a   Code   RO         2189    .text               c_w.l(sys_stackheap_outer.o)
    0x08000f30   0x08000f30   0x0000000a   Code   RO         2198    .text               c_w.l(rt_heap_descriptor_twolibspace.o)
    0x08000f3a   0x08000f3a   0x00000004   Code   RO         2200    .text               c_w.l(hguard.o)
    0x08000f3e   0x08000f3e   0x0000008a   Code   RO         2202    .text               c_w.l(init_alloc.o)
    0x08000fc8   0x08000fc8   0x000000a6   Code   RO         2210    .text               c_w.l(h1_alloc_threads.o)
    0x0800106e   0x0800106e   0x00000002   PAD
    0x08001070   0x08001070   0x00000040   Code   RO         2222    .text               c_w.l(_printf_char_file_locked.o)
    0x080010b0   0x080010b0   0x000000f8   Code   RO         2224    .text               c_w.l(fseek.o)
    0x080011a8   0x080011a8   0x000000f0   Code   RO         2226    .text               c_w.l(stdio.o)
    0x08001298   0x08001298   0x00000040   Code   RO         2230    .text               c_w.l(puts_locked.o)
    0x080012d8   0x080012d8   0x000000d0   Code   RO         2232    .text               c_w.l(fwritefast_locked.o)
    0x080013a8   0x080013a8   0x00000012   Code   RO         2234    .text               c_w.l(exit.o)
    0x080013ba   0x080013ba   0x0000000a   Code   RO         2236    .text               c_w.l(defsig_exit.o)
    0x080013c4   0x080013c4   0x00000034   Code   RO         2242    .text               c_w.l(defsig_rtred_inner.o)
    0x080013f8   0x080013f8   0x0000000c   Code   RO         2254    .text               c_w.l(sys_exit.o)
    0x08001404   0x08001404   0x00000008   Code   RO         2258    .text               c_w.l(libspace.o)
    0x0800140c   0x0800140c   0x00000000   Code   RO         2264    .text               c_w.l(maybetermalloc2.o)
    0x0800140c   0x0800140c   0x00000012   Code   RO         2269    .text               c_w.l(h1_init_threads.o)
    0x0800141e   0x0800141e   0x00000052   Code   RO         2271    .text               c_w.l(h1_extend_threads.o)
    0x08001470   0x08001470   0x00000042   Code   RO         2277    .text               c_w.l(ftell.o)
    0x080014b2   0x080014b2   0x00000032   Code   RO         2285    .text               c_w.l(defsig_general.o)
    0x080014e4   0x080014e4   0x0000000e   Code   RO         2289    .text               c_w.l(defsig_rtmem_outer.o)
    0x080014f2   0x080014f2   0x0000000e   Code   RO         2302    .text               c_w.l(sys_wrch.o)
    0x08001500   0x08001500   0x00000002   Code   RO         2310    .text               c_w.l(use_no_semi.o)
    0x08001502   0x08001502   0x00000000   Code   RO         2312    .text               c_w.l(indicate_semi.o)
    0x08001502   0x08001502   0x00000004   Code   RO         2325    .text               c_w.l(rt_errno_addr_twolibspace.o)
    0x08001506   0x08001506   0x00000010   Code   RO         2329    .text               c_w.l(term_alloc.o)
    0x08001516   0x08001516   0x00000002   PAD
    0x08001518   0x08001518   0x00000050   Code   RO         2331    .text               c_w.l(defsig_rtmem_inner.o)
    0x08001568   0x08001568   0x0000000a   Code   RO         2337    .text               c_w.l(h1_final_threads.o)
    0x08001572   0x08001572   0x00000002   PAD
    0x08001574   0x08001574   0x00000012   Code   RO         1304    .text.Disable_SPI_Clock  spi_stm32f2xx.o
    0x08001586   0x08001586   0x00000002   PAD
    0x08001588   0x08001588   0x00000024   Code   RO         1294    .text.Enable_GPIO_Clock  spi_stm32f2xx.o
    0x080015ac   0x080015ac   0x00000024   Code   RO         1306    .text.Enable_SPI_Clock  spi_stm32f2xx.o
    0x080015d0   0x080015d0   0x00000002   Code   RO          355    .text.EvrRtxDelayCompleted  rtx_evr.o
    0x080015d2   0x080015d2   0x00000002   PAD
    0x080015d4   0x080015d4   0x00000002   Code   RO          403    .text.EvrRtxEventFlagsWaitTimeout  rtx_evr.o
    0x080015d6   0x080015d6   0x00000002   PAD
    0x080015d8   0x080015d8   0x00000002   Code   RO          217    .text.EvrRtxKernelError  rtx_evr.o
    0x080015da   0x080015da   0x00000002   PAD
    0x080015dc   0x080015dc   0x00000002   Code   RO          261    .text.EvrRtxKernelErrorNotify  rtx_evr.o
    0x080015de   0x080015de   0x00000002   PAD
    0x080015e0   0x080015e0   0x00000002   Code   RO          227    .text.EvrRtxKernelGetState  rtx_evr.o
    0x080015e2   0x080015e2   0x00000002   PAD
    0x080015e4   0x080015e4   0x00000002   Code   RO          253    .text.EvrRtxKernelGetTickCount  rtx_evr.o
    0x080015e6   0x080015e6   0x00000002   PAD
    0x080015e8   0x080015e8   0x00000002   Code   RO          219    .text.EvrRtxKernelInitialize  rtx_evr.o
    0x080015ea   0x080015ea   0x00000002   PAD
    0x080015ec   0x080015ec   0x00000002   Code   RO          221    .text.EvrRtxKernelInitialized  rtx_evr.o
    0x080015ee   0x080015ee   0x00000002   PAD
    0x080015f0   0x080015f0   0x00000002   Code   RO          229    .text.EvrRtxKernelStart  rtx_evr.o
    0x080015f2   0x080015f2   0x00000002   PAD
    0x080015f4   0x080015f4   0x00000002   Code   RO          231    .text.EvrRtxKernelStarted  rtx_evr.o
    0x080015f6   0x080015f6   0x00000002   PAD
    0x080015f8   0x080015f8   0x00000002   Code   RO          207    .text.EvrRtxMemoryAlloc  rtx_evr.o
    0x080015fa   0x080015fa   0x00000002   PAD
    0x080015fc   0x080015fc   0x00000002   Code   RO          213    .text.EvrRtxMemoryBlockAlloc  rtx_evr.o
    0x080015fe   0x080015fe   0x00000002   PAD
    0x08001600   0x08001600   0x00000002   Code   RO          215    .text.EvrRtxMemoryBlockFree  rtx_evr.o
    0x08001602   0x08001602   0x00000002   PAD
    0x08001604   0x08001604   0x00000002   Code   RO          211    .text.EvrRtxMemoryBlockInit  rtx_evr.o
    0x08001606   0x08001606   0x00000002   PAD
    0x08001608   0x08001608   0x00000002   Code   RO          209    .text.EvrRtxMemoryFree  rtx_evr.o
    0x0800160a   0x0800160a   0x00000002   PAD
    0x0800160c   0x0800160c   0x00000002   Code   RO          205    .text.EvrRtxMemoryInit  rtx_evr.o
    0x0800160e   0x0800160e   0x00000002   PAD
    0x08001610   0x08001610   0x00000002   Code   RO          481    .text.EvrRtxMemoryPoolAllocTimeout  rtx_evr.o
    0x08001612   0x08001612   0x00000002   PAD
    0x08001614   0x08001614   0x00000002   Code   RO          509    .text.EvrRtxMessageQueueCreated  rtx_evr.o
    0x08001616   0x08001616   0x00000002   PAD
    0x08001618   0x08001618   0x00000002   Code   RO          505    .text.EvrRtxMessageQueueError  rtx_evr.o
    0x0800161a   0x0800161a   0x00000002   PAD
    0x0800161c   0x0800161c   0x00000002   Code   RO          525    .text.EvrRtxMessageQueueGet  rtx_evr.o
    0x0800161e   0x0800161e   0x00000002   PAD
    0x08001620   0x08001620   0x00000002   Code   RO          527    .text.EvrRtxMessageQueueGetPending  rtx_evr.o
    0x08001622   0x08001622   0x00000002   PAD
    0x08001624   0x08001624   0x00000002   Code   RO          529    .text.EvrRtxMessageQueueGetTimeout  rtx_evr.o
    0x08001626   0x08001626   0x00000002   PAD
    0x08001628   0x08001628   0x00000002   Code   RO          519    .text.EvrRtxMessageQueueInsertPending  rtx_evr.o
    0x0800162a   0x0800162a   0x00000002   PAD
    0x0800162c   0x0800162c   0x00000002   Code   RO          521    .text.EvrRtxMessageQueueInserted  rtx_evr.o
    0x0800162e   0x0800162e   0x00000002   PAD
    0x08001630   0x08001630   0x00000002   Code   RO          523    .text.EvrRtxMessageQueueNotInserted  rtx_evr.o
    0x08001632   0x08001632   0x00000002   PAD
    0x08001634   0x08001634   0x00000002   Code   RO          533    .text.EvrRtxMessageQueueNotRetrieved  rtx_evr.o
    0x08001636   0x08001636   0x00000002   PAD
    0x08001638   0x08001638   0x00000002   Code   RO          513    .text.EvrRtxMessageQueuePut  rtx_evr.o
    0x0800163a   0x0800163a   0x00000002   PAD
    0x0800163c   0x0800163c   0x00000002   Code   RO          515    .text.EvrRtxMessageQueuePutPending  rtx_evr.o
    0x0800163e   0x0800163e   0x00000002   PAD
    0x08001640   0x08001640   0x00000002   Code   RO          517    .text.EvrRtxMessageQueuePutTimeout  rtx_evr.o
    0x08001642   0x08001642   0x00000002   PAD
    0x08001644   0x08001644   0x00000002   Code   RO          531    .text.EvrRtxMessageQueueRetrieved  rtx_evr.o
    0x08001646   0x08001646   0x00000002   PAD
    0x08001648   0x08001648   0x00000002   Code   RO          421    .text.EvrRtxMutexAcquire  rtx_evr.o
    0x0800164a   0x0800164a   0x00000002   PAD
    0x0800164c   0x0800164c   0x00000002   Code   RO          423    .text.EvrRtxMutexAcquirePending  rtx_evr.o
    0x0800164e   0x0800164e   0x00000002   PAD
    0x08001650   0x08001650   0x00000002   Code   RO          425    .text.EvrRtxMutexAcquireTimeout  rtx_evr.o
    0x08001652   0x08001652   0x00000002   PAD
    0x08001654   0x08001654   0x00000002   Code   RO          427    .text.EvrRtxMutexAcquired  rtx_evr.o
    0x08001656   0x08001656   0x00000002   PAD
    0x08001658   0x08001658   0x00000002   Code   RO          417    .text.EvrRtxMutexCreated  rtx_evr.o
    0x0800165a   0x0800165a   0x00000002   PAD
    0x0800165c   0x0800165c   0x00000002   Code   RO          437    .text.EvrRtxMutexDelete  rtx_evr.o
    0x0800165e   0x0800165e   0x00000002   PAD
    0x08001660   0x08001660   0x00000002   Code   RO          439    .text.EvrRtxMutexDestroyed  rtx_evr.o
    0x08001662   0x08001662   0x00000002   PAD
    0x08001664   0x08001664   0x00000002   Code   RO          413    .text.EvrRtxMutexError  rtx_evr.o
    0x08001666   0x08001666   0x00000002   PAD
    0x08001668   0x08001668   0x00000002   Code   RO          415    .text.EvrRtxMutexNew  rtx_evr.o
    0x0800166a   0x0800166a   0x00000002   PAD
    0x0800166c   0x0800166c   0x00000002   Code   RO          429    .text.EvrRtxMutexNotAcquired  rtx_evr.o
    0x0800166e   0x0800166e   0x00000002   PAD
    0x08001670   0x08001670   0x00000002   Code   RO          431    .text.EvrRtxMutexRelease  rtx_evr.o
    0x08001672   0x08001672   0x00000002   PAD
    0x08001674   0x08001674   0x00000002   Code   RO          433    .text.EvrRtxMutexReleased  rtx_evr.o
    0x08001676   0x08001676   0x00000002   PAD
    0x08001678   0x08001678   0x00000002   Code   RO          453    .text.EvrRtxSemaphoreAcquireTimeout  rtx_evr.o
    0x0800167a   0x0800167a   0x00000002   PAD
    0x0800167c   0x0800167c   0x00000002   Code   RO          305    .text.EvrRtxThreadBlocked  rtx_evr.o
    0x0800167e   0x0800167e   0x00000002   PAD
    0x08001680   0x08001680   0x00000002   Code   RO          267    .text.EvrRtxThreadCreated  rtx_evr.o
    0x08001682   0x08001682   0x00000002   PAD
    0x08001684   0x08001684   0x00000002   Code   RO          317    .text.EvrRtxThreadDestroyed  rtx_evr.o
    0x08001686   0x08001686   0x00000002   PAD
    0x08001688   0x08001688   0x00000002   Code   RO          263    .text.EvrRtxThreadError  rtx_evr.o
    0x0800168a   0x0800168a   0x00000002   PAD
    0x0800168c   0x0800168c   0x00000002   Code   RO          313    .text.EvrRtxThreadExit  rtx_evr.o
    0x0800168e   0x0800168e   0x00000002   PAD
    0x08001690   0x08001690   0x00000002   Code   RO          323    .text.EvrRtxThreadFlagsError  rtx_evr.o
    0x08001692   0x08001692   0x00000002   PAD
    0x08001694   0x08001694   0x00000002   Code   RO          325    .text.EvrRtxThreadFlagsSet  rtx_evr.o
    0x08001696   0x08001696   0x00000002   PAD
    0x08001698   0x08001698   0x00000002   Code   RO          327    .text.EvrRtxThreadFlagsSetDone  rtx_evr.o
    0x0800169a   0x0800169a   0x00000002   PAD
    0x0800169c   0x0800169c   0x00000002   Code   RO          335    .text.EvrRtxThreadFlagsWait  rtx_evr.o
    0x0800169e   0x0800169e   0x00000002   PAD
    0x080016a0   0x080016a0   0x00000002   Code   RO          341    .text.EvrRtxThreadFlagsWaitCompleted  rtx_evr.o
    0x080016a2   0x080016a2   0x00000002   PAD
    0x080016a4   0x080016a4   0x00000002   Code   RO          343    .text.EvrRtxThreadFlagsWaitNotCompleted  rtx_evr.o
    0x080016a6   0x080016a6   0x00000002   PAD
    0x080016a8   0x080016a8   0x00000002   Code   RO          337    .text.EvrRtxThreadFlagsWaitPending  rtx_evr.o
    0x080016aa   0x080016aa   0x00000002   PAD
    0x080016ac   0x080016ac   0x00000002   Code   RO          339    .text.EvrRtxThreadFlagsWaitTimeout  rtx_evr.o
    0x080016ae   0x080016ae   0x00000002   PAD
    0x080016b0   0x080016b0   0x00000002   Code   RO          271    .text.EvrRtxThreadGetId  rtx_evr.o
    0x080016b2   0x080016b2   0x00000002   PAD
    0x080016b4   0x080016b4   0x00000002   Code   RO          303    .text.EvrRtxThreadJoined  rtx_evr.o
    0x080016b6   0x080016b6   0x00000002   PAD
    0x080016b8   0x080016b8   0x00000002   Code   RO          265    .text.EvrRtxThreadNew  rtx_evr.o
    0x080016ba   0x080016ba   0x00000002   PAD
    0x080016bc   0x080016bc   0x00000002   Code   RO          309    .text.EvrRtxThreadPreempted  rtx_evr.o
    0x080016be   0x080016be   0x00000002   PAD
    0x080016c0   0x080016c0   0x00000002   Code   RO          311    .text.EvrRtxThreadSwitched  rtx_evr.o
    0x080016c2   0x080016c2   0x00000002   PAD
    0x080016c4   0x080016c4   0x00000002   Code   RO          307    .text.EvrRtxThreadUnblocked  rtx_evr.o
    0x080016c6   0x080016c6   0x00000002   PAD
    0x080016c8   0x080016c8   0x00000002   Code   RO          359    .text.EvrRtxTimerCallback  rtx_evr.o
    0x080016ca   0x080016ca   0x00000002   PAD
    0x080016cc   0x080016cc   0x00000112   Code   RO         1567    .text.HAL_GPIO_DeInit  stm32f2xx_hal_gpio.o
    0x080017de   0x080017de   0x00000002   PAD
    0x080017e0   0x080017e0   0x0000019c   Code   RO         1565    .text.HAL_GPIO_Init  stm32f2xx_hal_gpio.o
    0x0800197c   0x0800197c   0x00000050   Code   RO            2    .text.HAL_GetTick   main.o
    0x080019cc   0x080019cc   0x00000036   Code   RO         1374    .text.HAL_Init      stm32f2xx_hal.o
    0x08001a02   0x08001a02   0x00000002   PAD
    0x08001a04   0x08001a04   0x00000004   Code   RO            4    .text.HAL_InitTick  main.o
    0x08001a08   0x08001a08   0x00000002   Code   RO         1378    .text.HAL_MspInit   stm32f2xx_hal.o
    0x08001a0a   0x08001a0a   0x00000002   PAD
    0x08001a0c   0x08001a0c   0x00000008   Code   RO         1455    .text.HAL_NVIC_DisableIRQ  stm32f2xx_hal_cortex.o
    0x08001a14   0x08001a14   0x00000008   Code   RO         1439    .text.HAL_NVIC_SetPriorityGrouping  stm32f2xx_hal_cortex.o
    0x08001a1c   0x08001a1c   0x0000015c   Code   RO         1651    .text.HAL_RCC_ClockConfig  stm32f2xx_hal_rcc.o
    0x08001b78   0x08001b78   0x0000000c   Code   RO         1661    .text.HAL_RCC_GetHCLKFreq  stm32f2xx_hal_rcc.o
    0x08001b84   0x08001b84   0x00000022   Code   RO         1663    .text.HAL_RCC_GetPCLK1Freq  stm32f2xx_hal_rcc.o
    0x08001ba6   0x08001ba6   0x00000002   PAD
    0x08001ba8   0x08001ba8   0x00000068   Code   RO         1653    .text.HAL_RCC_GetSysClockFreq  stm32f2xx_hal_rcc.o
    0x08001c10   0x08001c10   0x0000032a   Code   RO         1649    .text.HAL_RCC_OscConfig  stm32f2xx_hal_rcc.o
    0x08001f3a   0x08001f3a   0x00000002   PAD
    0x08001f3c   0x08001f3c   0x0000002e   Code   RO         1338    .text.ITM_SendChar  retarget_io.o
    0x08001f6a   0x08001f6a   0x00000002   PAD
    0x08001f6c   0x08001f6c   0x0000000c   Code   RO          564    .text.IsException   rtx_kernel.o
    0x08001f78   0x08001f78   0x0000000c   Code   RO          784    .text.IsException   rtx_msgqueue.o
    0x08001f84   0x08001f84   0x0000000c   Code   RO          862    .text.IsException   rtx_mutex.o
    0x08001f90   0x08001f90   0x0000000c   Code   RO         1046    .text.IsException   rtx_thread.o
    0x08001f9c   0x08001f9c   0x00000018   Code   RO          566    .text.IsIrqMasked   rtx_kernel.o
    0x08001fb4   0x08001fb4   0x00000018   Code   RO          786    .text.IsIrqMasked   rtx_msgqueue.o
    0x08001fcc   0x08001fcc   0x00000018   Code   RO          864    .text.IsIrqMasked   rtx_mutex.o
    0x08001fe4   0x08001fe4   0x00000018   Code   RO         1048    .text.IsIrqMasked   rtx_thread.o
    0x08001ffc   0x08001ffc   0x0000000c   Code   RO          570    .text.IsPrivileged  rtx_kernel.o
    0x08002008   0x08002008   0x00000022   Code   RO           22    .text.LED_clear     main.o
    0x0800202a   0x0800202a   0x00000002   PAD
    0x0800202c   0x0800202c   0x00000010   Code   RO           20    .text.LED_end_frame  main.o
    0x0800203c   0x0800203c   0x0000009c   Code   RO           16    .text.LED_init      main.o
    0x080020d8   0x080020d8   0x00000078   Code   RO           24    .text.LED_send      main.o
    0x08002150   0x08002150   0x00000030   Code   RO           14    .text.LED_set_color  main.o
    0x08002180   0x08002180   0x0000000e   Code   RO           18    .text.LED_start_frame  main.o
    0x0800218e   0x0800218e   0x00000002   PAD
    0x08002190   0x08002190   0x00000004   Code   RO          688    .text.MemBlockPtr   rtx_memory.o
    0x08002194   0x08002194   0x00000002   Code   RO          686    .text.MemHeadPtr    rtx_memory.o
    0x08002196   0x08002196   0x00000002   PAD
    0x08002198   0x08002198   0x0000002a   Code   RO          834    .text.MessageQueueGet  rtx_msgqueue.o
    0x080021c2   0x080021c2   0x00000002   PAD
    0x080021c4   0x080021c4   0x00000054   Code   RO          824    .text.MessageQueuePut  rtx_msgqueue.o
    0x08002218   0x08002218   0x00000024   Code   RO          820    .text.MessageQueueRemove  rtx_msgqueue.o
    0x0800223c   0x0800223c   0x0000000c   Code   RO         1230    .text.OS_Tick_AcknowledgeIRQ  os_systick.o
    0x08002248   0x08002248   0x00000032   Code   RO         1226    .text.OS_Tick_Enable  os_systick.o
    0x0800227a   0x0800227a   0x00000002   PAD
    0x0800227c   0x0800227c   0x00000006   Code   RO         1232    .text.OS_Tick_GetIRQn  os_systick.o
    0x08002282   0x08002282   0x00000002   PAD
    0x08002284   0x08002284   0x00000048   Code   RO         1224    .text.OS_Tick_Setup  os_systick.o
    0x080022cc   0x080022cc   0x00000008   Code   RO         1284    .text.SPI2_Control  spi_stm32f2xx.o
    0x080022d4   0x080022d4   0x00000008   Code   RO         1282    .text.SPI2_GetDataCount  spi_stm32f2xx.o
    0x080022dc   0x080022dc   0x00000008   Code   RO         1286    .text.SPI2_GetStatus  spi_stm32f2xx.o
    0x080022e4   0x080022e4   0x00000008   Code   RO         1262    .text.SPI2_IRQHandler  spi_stm32f2xx.o
    0x080022ec   0x080022ec   0x0000000a   Code   RO         1270    .text.SPI2_Initialize  spi_stm32f2xx.o
    0x080022f6   0x080022f6   0x00000002   PAD
    0x080022f8   0x080022f8   0x00000008   Code   RO         1274    .text.SPI2_PowerControl  spi_stm32f2xx.o
    0x08002300   0x08002300   0x00000008   Code   RO         1278    .text.SPI2_Receive  spi_stm32f2xx.o
    0x08002308   0x08002308   0x00000008   Code   RO         1276    .text.SPI2_Send     spi_stm32f2xx.o
    0x08002310   0x08002310   0x00000008   Code   RO         1280    .text.SPI2_Transfer  spi_stm32f2xx.o
    0x08002318   0x08002318   0x0000000a   Code   RO         1272    .text.SPI2_Uninitialize  spi_stm32f2xx.o
    0x08002322   0x08002322   0x00000002   PAD
    0x08002324   0x08002324   0x00000004   Code   RO         1268    .text.SPIX_GetCapabilities  spi_stm32f2xx.o
    0x08002328   0x08002328   0x0000000a   Code   RO         1266    .text.SPIX_GetVersion  spi_stm32f2xx.o
    0x08002332   0x08002332   0x00000002   PAD
    0x08002334   0x08002334   0x000002d8   Code   RO         1300    .text.SPI_Control   spi_stm32f2xx.o
    0x0800260c   0x0800260c   0x0000000c   Code   RO         1318    .text.SPI_GetDataCount  spi_stm32f2xx.o
    0x08002618   0x08002618   0x00000028   Code   RO         1320    .text.SPI_GetStatus  spi_stm32f2xx.o
    0x08002640   0x08002640   0x000000f0   Code   RO         1264    .text.SPI_IRQHandler  spi_stm32f2xx.o
    0x08002730   0x08002730   0x000000a6   Code   RO         1292    .text.SPI_Initialize  spi_stm32f2xx.o
    0x080027d6   0x080027d6   0x00000002   PAD
    0x080027d8   0x080027d8   0x00000022   Code   RO         1302    .text.SPI_PeripheralReset  spi_stm32f2xx.o
    0x080027fa   0x080027fa   0x00000002   PAD
    0x080027fc   0x080027fc   0x000000c2   Code   RO         1298    .text.SPI_PowerControl  spi_stm32f2xx.o
    0x080028be   0x080028be   0x00000002   PAD
    0x080028c0   0x080028c0   0x00000082   Code   RO         1314    .text.SPI_Receive   spi_stm32f2xx.o
    0x08002942   0x08002942   0x00000002   PAD
    0x08002944   0x08002944   0x0000005a   Code   RO         1288    .text.SPI_RxData    spi_stm32f2xx.o
    0x0800299e   0x0800299e   0x00000002   PAD
    0x080029a0   0x080029a0   0x00000082   Code   RO         1312    .text.SPI_Send      spi_stm32f2xx.o
    0x08002a22   0x08002a22   0x00000002   PAD
    0x08002a24   0x08002a24   0x0000003a   Code   RO         1316    .text.SPI_Transfer  spi_stm32f2xx.o
    0x08002a5e   0x08002a5e   0x00000002   PAD
    0x08002a60   0x08002a60   0x0000005c   Code   RO         1290    .text.SPI_TxData    spi_stm32f2xx.o
    0x08002abc   0x08002abc   0x00000038   Code   RO         1296    .text.SPI_Uninitialize  spi_stm32f2xx.o
    0x08002af4   0x08002af4   0x00000030   Code   RO          612    .text.SVC_Setup     rtx_kernel.o
    0x08002b24   0x08002b24   0x00000010   Code   RO          978    .text.SetPendSV     rtx_system.o
    0x08002b34   0x08002b34   0x0000004a   Code   RO            8    .text.SystemClock_Config  main.o
    0x08002b7e   0x08002b7e   0x00000002   PAD
    0x08002b80   0x08002b80   0x0000007e   Code   RO         1928    .text.SystemCoreClockUpdate  system_stm32f2xx.o
    0x08002bfe   0x08002bfe   0x00000002   PAD
    0x08002c00   0x08002c00   0x00000046   Code   RO         1926    .text.SystemInit    system_stm32f2xx.o
    0x08002c46   0x08002c46   0x00000002   PAD
    0x08002c48   0x08002c48   0x0000003e   Code   RO         1096    .text.ThreadFlagsCheck  rtx_thread.o
    0x08002c86   0x08002c86   0x00000002   PAD
    0x08002c88   0x08002c88   0x0000000a   Code   RO         1146    .text.ThreadFlagsSet  rtx_thread.o
    0x08002c92   0x08002c92   0x00000002   PAD
    0x08002c94   0x08002c94   0x00000068   Code   RO         1198    .text.TimerInsert   rtx_timer.o
    0x08002cfc   0x08002cfc   0x00000016   Code   RO         1194    .text.TimerUnlink   rtx_timer.o
    0x08002d12   0x08002d12   0x00000002   PAD
    0x08002d14   0x08002d14   0x0000000e   Code   RO         1308    .text.__NVIC_ClearPendingIRQ  spi_stm32f2xx.o
    0x08002d22   0x08002d22   0x00000002   PAD
    0x08002d24   0x08002d24   0x00000028   Code   RO         1457    .text.__NVIC_DisableIRQ  stm32f2xx_hal_cortex.o
    0x08002d4c   0x08002d4c   0x0000000e   Code   RO         1310    .text.__NVIC_EnableIRQ  spi_stm32f2xx.o
    0x08002d5a   0x08002d5a   0x00000002   PAD
    0x08002d5c   0x08002d5c   0x00000010   Code   RO          614    .text.__NVIC_GetPriorityGrouping  rtx_kernel.o
    0x08002d6c   0x08002d6c   0x00000020   Code   RO         1441    .text.__NVIC_SetPriorityGrouping  stm32f2xx_hal_cortex.o
    0x08002d8c   0x08002d8c   0x00000056   Code   RO          650    .text.__user_perthread_libspace  rtx_lib.o
    0x08002de2   0x08002de2   0x00000002   PAD
    0x08002de4   0x08002de4   0x0000001a   Code   RO          656    .text._mutex_acquire  rtx_lib.o
    0x08002dfe   0x08002dfe   0x00000002   PAD
    0x08002e00   0x08002e00   0x0000000a   Code   RO          660    .text._mutex_free   rtx_lib.o
    0x08002e0a   0x08002e0a   0x00000002   PAD
    0x08002e0c   0x08002e0c   0x00000020   Code   RO          654    .text._mutex_initialize  rtx_lib.o
    0x08002e2c   0x08002e2c   0x00000016   Code   RO          658    .text._mutex_release  rtx_lib.o
    0x08002e42   0x08002e42   0x00000002   PAD
    0x08002e44   0x08002e44   0x00000008   Code   RO          648    .text._platform_post_stackheap_init  rtx_lib.o
    0x08002e4c   0x08002e4c   0x00000012   Code   RO         1344    .text._sys_close    retarget_io.o
    0x08002e5e   0x08002e5e   0x00000002   PAD
    0x08002e60   0x08002e60   0x00000004   Code   RO         1360    .text._sys_flen     retarget_io.o
    0x08002e64   0x08002e64   0x00000010   Code   RO         1356    .text._sys_istty    retarget_io.o
    0x08002e74   0x08002e74   0x00000064   Code   RO         1342    .text._sys_open     retarget_io.o
    0x08002ed8   0x08002ed8   0x00000006   Code   RO         1358    .text._sys_seek     retarget_io.o
    0x08002ede   0x08002ede   0x00000002   PAD
    0x08002ee0   0x08002ee0   0x00000042   Code   RO         1346    .text._sys_write    retarget_io.o
    0x08002f22   0x08002f22   0x00000002   PAD
    0x08002f24   0x08002f24   0x00000026   Code   RO         1098    .text.atomic_chk32_all  rtx_thread.o
    0x08002f4a   0x08002f4a   0x00000002   PAD
    0x08002f4c   0x08002f4c   0x00000022   Code   RO         1100    .text.atomic_chk32_any  rtx_thread.o
    0x08002f6e   0x08002f6e   0x00000002   PAD
    0x08002f70   0x08002f70   0x00000024   Code   RO          980    .text.atomic_dec16_nz  rtx_system.o
    0x08002f94   0x08002f94   0x00000010   Code   RO          714    .text.atomic_dec32  rtx_mempool.o
    0x08002fa4   0x08002fa4   0x0000001a   Code   RO          836    .text.atomic_dec32_nz  rtx_msgqueue.o
    0x08002fbe   0x08002fbe   0x00000002   PAD
    0x08002fc0   0x08002fc0   0x0000001a   Code   RO          982    .text.atomic_inc16_lim  rtx_system.o
    0x08002fda   0x08002fda   0x00000002   PAD
    0x08002fdc   0x08002fdc   0x00000028   Code   RO          986    .text.atomic_inc16_lt  rtx_system.o
    0x08003004   0x08003004   0x00000010   Code   RO          708    .text.atomic_inc32  rtx_mempool.o
    0x08003014   0x08003014   0x00000010   Code   RO          826    .text.atomic_inc32  rtx_msgqueue.o
    0x08003024   0x08003024   0x0000001a   Code   RO          706    .text.atomic_link_get  rtx_mempool.o
    0x0800303e   0x0800303e   0x00000002   PAD
    0x08003040   0x08003040   0x0000001e   Code   RO          712    .text.atomic_link_put  rtx_mempool.o
    0x0800305e   0x0800305e   0x00000002   PAD
    0x08003060   0x08003060   0x00000016   Code   RO         1148    .text.atomic_set32  rtx_thread.o
    0x08003076   0x08003076   0x00000002   PAD
    0x08003078   0x08003078   0x00000012   Code   RO          838    .text.atomic_wr8    rtx_msgqueue.o
    0x0800308a   0x0800308a   0x00000002   PAD
    0x0800308c   0x0800308c   0x00000074   Code   RO          796    .text.isrRtxMessageQueueGet  rtx_msgqueue.o
    0x08003100   0x08003100   0x0000007e   Code   RO          792    .text.isrRtxMessageQueuePut  rtx_msgqueue.o
    0x0800317e   0x0800317e   0x00000002   PAD
    0x08003180   0x08003180   0x0000005a   Code   RO         1086    .text.isrRtxThreadFlagsSet  rtx_thread.o
    0x080031da   0x080031da   0x00000002   PAD
    0x080031dc   0x080031dc   0x0000002e   Code   RO          962    .text.isr_queue_get  rtx_system.o
    0x0800320a   0x0800320a   0x00000002   PAD
    0x0800320c   0x0800320c   0x00000032   Code   RO          976    .text.isr_queue_put  rtx_system.o
    0x0800323e   0x0800323e   0x00000002   PAD
    0x08003240   0x08003240   0x0000009c   Code   RO            6    .text.main          main.o
    0x080032dc   0x080032dc   0x00000026   Code   RO          574    .text.osKernelGetState  rtx_kernel.o
    0x08003302   0x08003302   0x00000002   PAD
    0x08003304   0x08003304   0x00000020   Code   RO          590    .text.osKernelGetTickCount  rtx_kernel.o
    0x08003324   0x08003324   0x00000032   Code   RO          562    .text.osKernelInitialize  rtx_kernel.o
    0x08003356   0x08003356   0x00000002   PAD
    0x08003358   0x08003358   0x0000002e   Code   RO          578    .text.osKernelStart  rtx_kernel.o
    0x08003386   0x08003386   0x00000002   PAD
    0x08003388   0x08003388   0x00000042   Code   RO          794    .text.osMessageQueueGet  rtx_msgqueue.o
    0x080033ca   0x080033ca   0x00000002   PAD
    0x080033cc   0x080033cc   0x00000042   Code   RO          790    .text.osMessageQueuePut  rtx_msgqueue.o
    0x0800340e   0x0800340e   0x00000002   PAD
    0x08003410   0x08003410   0x00000038   Code   RO          868    .text.osMutexAcquire  rtx_mutex.o
    0x08003448   0x08003448   0x00000034   Code   RO          874    .text.osMutexDelete  rtx_mutex.o
    0x0800347c   0x0800347c   0x00000032   Code   RO          860    .text.osMutexNew    rtx_mutex.o
    0x080034ae   0x080034ae   0x00000002   PAD
    0x080034b0   0x080034b0   0x00000034   Code   RO          870    .text.osMutexRelease  rtx_mutex.o
    0x080034e4   0x080034e4   0x00000002   Code   RO         1253    .text.osRtxErrorNotify  rtx_config.o
    0x080034e6   0x080034e6   0x00000002   PAD
    0x080034e8   0x080034e8   0x00000002   Code   RO          966    .text.osRtxEventFlagsObject  rtx_system.o
    0x080034ea   0x080034ea   0x00000002   PAD
    0x080034ec   0x080034ec   0x00000002   Code   RO         1251    .text.osRtxIdleThread  rtx_config.o
    0x080034ee   0x080034ee   0x00000002   PAD
    0x080034f0   0x080034f0   0x00000014   Code   RO          560    .text.osRtxKernelErrorNotify  rtx_kernel.o
    0x08003504   0x08003504   0x0000000c   Code   RO          958    .text.osRtxKernelGetState  rtx_system.o
    0x08003510   0x08003510   0x0000000c   Code   RO         1022    .text.osRtxKernelGetState  rtx_thread.o
    0x0800351c   0x0800351c   0x00000002   Code   RO          558    .text.osRtxKernelPreInit  rtx_kernel.o
    0x0800351e   0x0800351e   0x00000002   PAD
    0x08003520   0x08003520   0x0000000c   Code   RO          608    .text.osRtxKernelState  rtx_kernel.o
    0x0800352c   0x0800352c   0x000000b6   Code   RO          690    .text.osRtxMemoryAlloc  rtx_memory.o
    0x080035e2   0x080035e2   0x00000002   PAD
    0x080035e4   0x080035e4   0x00000078   Code   RO          692    .text.osRtxMemoryFree  rtx_memory.o
    0x0800365c   0x0800365c   0x00000064   Code   RO          684    .text.osRtxMemoryInit  rtx_memory.o
    0x080036c0   0x080036c0   0x0000002a   Code   RO          704    .text.osRtxMemoryPoolAlloc  rtx_mempool.o
    0x080036ea   0x080036ea   0x00000002   PAD
    0x080036ec   0x080036ec   0x00000042   Code   RO          710    .text.osRtxMemoryPoolFree  rtx_mempool.o
    0x0800372e   0x0800372e   0x00000002   PAD
    0x08003730   0x08003730   0x00000060   Code   RO          702    .text.osRtxMemoryPoolInit  rtx_mempool.o
    0x08003790   0x08003790   0x00000002   Code   RO          970    .text.osRtxMemoryPoolObject  rtx_system.o
    0x08003792   0x08003792   0x00000002   PAD
    0x08003794   0x08003794   0x00000002   Code   RO          972    .text.osRtxMessageObject  rtx_system.o
    0x08003796   0x08003796   0x00000002   PAD
    0x08003798   0x08003798   0x00000002   Code   RO          778    .text.osRtxMessageQueueId  rtx_msgqueue.o
    0x0800379a   0x0800379a   0x00000002   PAD
    0x0800379c   0x0800379c   0x00000102   Code   RO          818    .text.osRtxMessageQueuePostProcess  rtx_msgqueue.o
    0x0800389e   0x0800389e   0x00000002   PAD
    0x080038a0   0x080038a0   0x00000030   Code   RO          776    .text.osRtxMessageQueueTimerSetup  rtx_msgqueue.o
    0x080038d0   0x080038d0   0x00000002   Code   RO          880    .text.osRtxMutexId  rtx_mutex.o
    0x080038d2   0x080038d2   0x00000002   PAD
    0x080038d4   0x080038d4   0x00000002   Code   RO         1014    .text.osRtxMutexObject  rtx_thread.o
    0x080038d6   0x080038d6   0x00000002   PAD
    0x080038d8   0x080038d8   0x0000006a   Code   RO          854    .text.osRtxMutexOwnerRelease  rtx_mutex.o
    0x08003942   0x08003942   0x00000002   PAD
    0x08003944   0x08003944   0x00000050   Code   RO          858    .text.osRtxMutexOwnerRestore  rtx_mutex.o
    0x08003994   0x08003994   0x00000002   Code   RO          822    .text.osRtxObject   rtx_msgqueue.o
    0x08003996   0x08003996   0x00000002   PAD
    0x08003998   0x08003998   0x00000002   Code   RO          856    .text.osRtxObject   rtx_mutex.o
    0x0800399a   0x0800399a   0x00000002   PAD
    0x0800399c   0x0800399c   0x00000002   Code   RO          984    .text.osRtxObject   rtx_system.o
    0x0800399e   0x0800399e   0x00000002   PAD
    0x080039a0   0x080039a0   0x00000002   Code   RO         1004    .text.osRtxObject   rtx_thread.o
    0x080039a2   0x080039a2   0x00000002   PAD
    0x080039a4   0x080039a4   0x00000064   Code   RO          960    .text.osRtxPendSV_Handler  rtx_system.o
    0x08003a08   0x08003a08   0x0000002c   Code   RO          974    .text.osRtxPostProcess  rtx_system.o
    0x08003a34   0x08003a34   0x00000002   Code   RO          968    .text.osRtxSemaphoreObject  rtx_system.o
    0x08003a36   0x08003a36   0x00000002   PAD
    0x08003a38   0x08003a38   0x00000048   Code   RO         1026    .text.osRtxThreadBlock  rtx_thread.o
    0x08003a80   0x08003a80   0x000000a0   Code   RO         1034    .text.osRtxThreadDelayInsert  rtx_thread.o
    0x08003b20   0x08003b20   0x00000050   Code   RO         1030    .text.osRtxThreadDelayRemove  rtx_thread.o
    0x08003b70   0x08003b70   0x000000cc   Code   RO         1010    .text.osRtxThreadDelayTick  rtx_thread.o
    0x08003c3c   0x08003c3c   0x00000036   Code   RO         1138    .text.osRtxThreadDestroy  rtx_thread.o
    0x08003c72   0x08003c72   0x00000002   PAD
    0x08003c74   0x08003c74   0x0000005e   Code   RO         1020    .text.osRtxThreadDispatch  rtx_thread.o
    0x08003cd2   0x08003cd2   0x00000002   PAD
    0x08003cd4   0x08003cd4   0x00000060   Code   RO         1128    .text.osRtxThreadFree  rtx_thread.o
    0x08003d34   0x08003d34   0x0000000c   Code   RO          832    .text.osRtxThreadGetRunning  rtx_msgqueue.o
    0x08003d40   0x08003d40   0x0000000c   Code   RO          884    .text.osRtxThreadGetRunning  rtx_mutex.o
    0x08003d4c   0x08003d4c   0x0000000c   Code   RO         1024    .text.osRtxThreadGetRunning  rtx_thread.o
    0x08003d58   0x08003d58   0x0000000c   Code   RO         1192    .text.osRtxThreadGetRunning  rtx_timer.o
    0x08003d64   0x08003d64   0x00000002   Code   RO         1040    .text.osRtxThreadId  rtx_thread.o
    0x08003d66   0x08003d66   0x00000002   PAD
    0x08003d68   0x08003d68   0x00000026   Code   RO         1134    .text.osRtxThreadJoinWakeup  rtx_thread.o
    0x08003d8e   0x08003d8e   0x00000002   PAD
    0x08003d90   0x08003d90   0x00000018   Code   RO         1000    .text.osRtxThreadListGet  rtx_thread.o
    0x08003da8   0x08003da8   0x00000034   Code   RO          996    .text.osRtxThreadListPut  rtx_thread.o
    0x08003ddc   0x08003ddc   0x0000001a   Code   RO         1006    .text.osRtxThreadListRemove  rtx_thread.o
    0x08003df6   0x08003df6   0x00000002   PAD
    0x08003df8   0x08003df8   0x00000012   Code   RO         1012    .text.osRtxThreadListRoot  rtx_thread.o
    0x08003e0a   0x08003e0a   0x00000002   PAD
    0x08003e0c   0x08003e0c   0x00000030   Code   RO         1002    .text.osRtxThreadListSort  rtx_thread.o
    0x08003e3c   0x08003e3c   0x00000002   Code   RO          964    .text.osRtxThreadObject  rtx_system.o
    0x08003e3e   0x08003e3e   0x00000002   PAD
    0x08003e40   0x08003e40   0x00000002   Code   RO          998    .text.osRtxThreadObject  rtx_thread.o
    0x08003e42   0x08003e42   0x00000002   PAD
    0x08003e44   0x08003e44   0x00000038   Code   RO         1094    .text.osRtxThreadPostProcess  rtx_thread.o
    0x08003e7c   0x08003e7c   0x00000018   Code   RO         1008    .text.osRtxThreadReadyPut  rtx_thread.o
    0x08003e94   0x08003e94   0x00000006   Code   RO         1016    .text.osRtxThreadRegPtr  rtx_thread.o
    0x08003e9a   0x08003e9a   0x00000002   PAD
    0x08003e9c   0x08003e9c   0x0000000c   Code   RO         1136    .text.osRtxThreadSetRunning  rtx_thread.o
    0x08003ea8   0x08003ea8   0x0000000c   Code   RO         1196    .text.osRtxThreadSetRunning  rtx_timer.o
    0x08003eb4   0x08003eb4   0x00000020   Code   RO         1036    .text.osRtxThreadStackCheck  rtx_thread.o
    0x08003ed4   0x08003ed4   0x00000050   Code   RO         1038    .text.osRtxThreadStartup  rtx_thread.o
    0x08003f24   0x08003f24   0x00000016   Code   RO         1018    .text.osRtxThreadSwitch  rtx_thread.o
    0x08003f3a   0x08003f3a   0x00000002   PAD
    0x08003f3c   0x08003f3c   0x0000005c   Code   RO         1032    .text.osRtxThreadWaitEnter  rtx_thread.o
    0x08003f98   0x08003f98   0x0000002a   Code   RO         1028    .text.osRtxThreadWaitExit  rtx_thread.o
    0x08003fc2   0x08003fc2   0x00000002   PAD
    0x08003fc4   0x08003fc4   0x0000008a   Code   RO          956    .text.osRtxTick_Handler  rtx_system.o
    0x0800404e   0x0800404e   0x00000002   PAD
    0x08004050   0x08004050   0x00000026   Code   RO         1170    .text.osRtxTimerSetup  rtx_timer.o
    0x08004076   0x08004076   0x00000002   PAD
    0x08004078   0x08004078   0x0000002a   Code   RO         1174    .text.osRtxTimerThread  rtx_timer.o
    0x080040a2   0x080040a2   0x00000002   PAD
    0x080040a4   0x080040a4   0x00000088   Code   RO         1172    .text.osRtxTimerTick  rtx_timer.o
    0x0800412c   0x0800412c   0x0000001a   Code   RO         1076    .text.osThreadExit  rtx_thread.o
    0x08004146   0x08004146   0x00000002   PAD
    0x08004148   0x08004148   0x00000030   Code   RO         1084    .text.osThreadFlagsSet  rtx_thread.o
    0x08004178   0x08004178   0x0000003c   Code   RO         1092    .text.osThreadFlagsWait  rtx_thread.o
    0x080041b4   0x080041b4   0x00000020   Code   RO         1052    .text.osThreadGetId  rtx_thread.o
    0x080041d4   0x080041d4   0x0000003a   Code   RO         1044    .text.osThreadNew   rtx_thread.o
    0x0800420e   0x0800420e   0x00000002   PAD
    0x08004210   0x08004210   0x0000001e   Code   RO          652    .text.os_kernel_is_active  rtx_lib.o
    0x0800422e   0x0800422e   0x00000002   PAD
    0x08004230   0x08004230   0x00000098   Code   RO           12    .text.spi_callback  main.o
    0x080042c8   0x080042c8   0x000002fe   Code   RO           10    .text.spi_thread    main.o
    0x080045c6   0x080045c6   0x00000002   PAD
    0x080045c8   0x080045c8   0x00000008   Code   RO         1350    .text.stderr_putchar  retarget_io.o
    0x080045d0   0x080045d0   0x00000008   Code   RO         1348    .text.stdout_putchar  retarget_io.o
    0x080045d8   0x080045d8   0x00000010   Code   RO          576    .text.svcRtxKernelGetState  rtx_kernel.o
    0x080045e8   0x080045e8   0x00000014   Code   RO          592    .text.svcRtxKernelGetTickCount  rtx_kernel.o
    0x080045fc   0x080045fc   0x00000150   Code   RO          606    .text.svcRtxKernelInitialize  rtx_kernel.o
    0x0800474c   0x0800474c   0x00000084   Code   RO          610    .text.svcRtxKernelStart  rtx_kernel.o
    0x080047d0   0x080047d0   0x0000012a   Code   RO          840    .text.svcRtxMessageQueueGet  rtx_msgqueue.o
    0x080048fa   0x080048fa   0x00000002   PAD
    0x080048fc   0x080048fc   0x00000188   Code   RO          780    .text.svcRtxMessageQueueNew  rtx_msgqueue.o
    0x08004a84   0x08004a84   0x0000010c   Code   RO          830    .text.svcRtxMessageQueuePut  rtx_msgqueue.o
    0x08004b90   0x08004b90   0x000000e6   Code   RO          882    .text.svcRtxMutexAcquire  rtx_mutex.o
    0x08004c76   0x08004c76   0x00000002   PAD
    0x08004c78   0x08004c78   0x000000d8   Code   RO          890    .text.svcRtxMutexDelete  rtx_mutex.o
    0x08004d50   0x08004d50   0x00000090   Code   RO          876    .text.svcRtxMutexNew  rtx_mutex.o
    0x08004de0   0x08004de0   0x000000f8   Code   RO          886    .text.svcRtxMutexRelease  rtx_mutex.o
    0x08004ed8   0x08004ed8   0x00000062   Code   RO         1132    .text.svcRtxThreadExit  rtx_thread.o
    0x08004f3a   0x08004f3a   0x00000002   PAD
    0x08004f3c   0x08004f3c   0x0000008e   Code   RO         1150    .text.svcRtxThreadFlagsSet  rtx_thread.o
    0x08004fca   0x08004fca   0x00000002   PAD
    0x08004fcc   0x08004fcc   0x000000a6   Code   RO         1160    .text.svcRtxThreadFlagsWait  rtx_thread.o
    0x08005072   0x08005072   0x00000002   PAD
    0x08005074   0x08005074   0x00000010   Code   RO         1054    .text.svcRtxThreadGetId  rtx_thread.o
    0x08005084   0x08005084   0x00000240   Code   RO         1042    .text.svcRtxThreadNew  rtx_thread.o
    0x080052c4   0x080052c4   0x0000001a   Code   RO         2019    i.fputc             c_w.l(fputc.o)
    0x080052de   0x080052de   0x00000002   PAD
    0x080052e0   0x080052e0   0x000000a8   Data   RO          666    .rodata             rtx_lib.o
    0x08005388   0x08005388   0x00000010   Data   RO         1931    .rodata.AHBPrescTable  system_stm32f2xx.o
    0x08005398   0x08005398   0x00000008   Data   RO         1932    .rodata.APBPrescTable  system_stm32f2xx.o
    0x080053a0   0x080053a0   0x0000002c   Data   RO         1322    .rodata.Driver_SPI2  spi_stm32f2xx.o
    0x080053cc   0x080053cc   0x00000008   Data   RO         1365    .rodata.__stderr_name  retarget_io.o
    0x080053d4   0x080053d4   0x00000007   Data   RO         1363    .rodata.__stdin_name  retarget_io.o
    0x080053db   0x080053db   0x00000008   Data   RO         1364    .rodata.__stdout_name  retarget_io.o
    0x080053e3   0x080053e3   0x00000001   PAD
    0x080053e4   0x080053e4   0x00000024   Data   RO           29    .rodata.g_SpiThreadAttr  main.o
    0x08005408   0x08005408   0x00000004   Data   RO          668    .rodata.osRtxUserSVC  rtx_lib.o
    0x0800540c   0x0800540c   0x00000024   Data   RO          663    .rodata.os_idle_thread_attr  rtx_lib.o
    0x08005430   0x08005430   0x00000018   Data   RO          665    .rodata.os_timer_mq_attr  rtx_lib.o
    0x08005448   0x08005448   0x00000024   Data   RO          664    .rodata.os_timer_thread_attr  rtx_lib.o
    0x0800546c   0x0800546c   0x0000002f   Data   RO           26    .rodata.str1.1      main.o
    0x0800549b   0x0800549b   0x00000001   PAD
    0x0800549c   0x0800549c   0x0000000b   Data   RO          638    .rodata.str1.4      rtx_kernel.o
    0x080054a7   0x080054a7   0x00000001   PAD
    0x080054a8   0x080054a8   0x00000020   Data   RO         2355    Region$$Table       anon$$obj.o


    Execution Region RW_IRAM1 (Exec base: 0x20000000, Load base: 0x080054c8, Size: 0x00002270, Max: 0x00020000, ABSOLUTE)

    Exec Addr    Load Addr    Size         Type   Attr      Idx    E Section Name        Object

    0x20000000   0x080054c8   0x00000004   Data   RW         1989    .data               c_w.l(stdio_streams.o)
    0x20000004   0x080054cc   0x00000004   Data   RW         1990    .data               c_w.l(stdio_streams.o)
    0x20000008   0x080054d0   0x00000004   Data   RW         1991    .data               c_w.l(stdio_streams.o)
    0x2000000c   0x080054d4   0x00000004   Data   RW         2111    .data               c_w.l(streamlock.o)
    0x20000010   0x080054d8   0x00000004   Data   RW           27    .data.STR_ERROR     main.o
    0x20000014   0x080054dc   0x00000004   Data   RW         1930    .data.SystemCoreClock  system_stm32f2xx.o
    0x20000018   0x080054e0   0x000000a4   Data   RW          639    .data.os            rtx_kernel.o
    0x200000bc   0x08005584   0x00000004   Data   RW         1428    .data.uwTickPrio    stm32f2xx_hal.o
    0x200000c0        -       0x00000054   Zero   RW         1986    .bss                c_w.l(stdio_streams.o)
    0x20000114        -       0x00000054   Zero   RW         1987    .bss                c_w.l(stdio_streams.o)
    0x20000168        -       0x00000054   Zero   RW         1988    .bss                c_w.l(stdio_streams.o)
    0x200001bc        -       0x00000060   Zero   RW         2259    .bss                c_w.l(libspace.o)
    0x2000021c        -       0x00000004   Zero   RW           28    .bss.HAL_GetTick.ticks  main.o
    0x20000220        -       0x00000004   Zero   RW         1324    .bss.SPI2_Info.0    spi_stm32f2xx.o
    0x20000224        -       0x00000001   Zero   RW         1327    .bss.SPI2_Info.1.0  spi_stm32f2xx.o
    0x20000225   0x08005588   0x00000003   PAD
    0x20000228        -       0x00000001   Zero   RW         1328    .bss.SPI2_Info.1.1  spi_stm32f2xx.o
    0x20000229   0x08005588   0x00000001   PAD
    0x2000022a        -       0x00000001   Zero   RW         1329    .bss.SPI2_Info.1.2  spi_stm32f2xx.o
    0x2000022b   0x08005588   0x00000001   PAD
    0x2000022c        -       0x00000004   Zero   RW         1325    .bss.SPI2_Info.2    spi_stm32f2xx.o
    0x20000230        -       0x00000004   Zero   RW         1326    .bss.SPI2_Info.3    spi_stm32f2xx.o
    0x20000234        -       0x0000001c   Zero   RW         1323    .bss.SPI2_TransferInfo  spi_stm32f2xx.o
    0x20000250        -       0x000000d0   Zero   RW           31    .bss.g_DataFrame    main.o
    0x20000320        -       0x00000400   Zero   RW           32    .bss.g_SpiStack     main.o
    0x20000720        -       0x00000004   Zero   RW           30    .bss.g_SpiThreadID  main.o
    0x20000724   0x08005588   0x00000004   PAD
    0x20000728        -       0x00001040   Zero   RW          662    .bss.os             rtx_lib.o
    0x20001768        -       0x00000001   Zero   RW         1242    .bss.os             os_systick.o
    0x20001769   0x08005588   0x00000003   PAD
    0x2000176c        -       0x000001f0   Zero   RW          669    .bss.os.libspace    rtx_lib.o
    0x2000195c        -       0x00000034   Zero   RW          673    .bss.os.msgqueue.cb  rtx_lib.o
    0x20001990        -       0x00000050   Zero   RW          674    .bss.os.msgqueue.mem  rtx_lib.o
    0x200019e0        -       0x00000088   Zero   RW          670    .bss.os.thread.cb   rtx_lib.o
    0x20001a68        -       0x00000100   Zero   RW          671    .bss.os.thread.idle.stack  rtx_lib.o
    0x20001b68        -       0x00000100   Zero   RW          672    .bss.os.thread.timer.stack  rtx_lib.o
    0x20001c68        -       0x00000001   Zero   RW          675    .bss.os_kernel_is_active.os_kernel_active  rtx_lib.o
    0x20001c69   0x08005588   0x00000007   PAD
    0x20001c70        -       0x00000200   Zero   RW         1917    HEAP                startup_stm32f207xx.o
    0x20001e70        -       0x00000400   Zero   RW         1916    STACK               startup_stm32f207xx.o


==============================================================================

Image component sizes


      Code (inc. data)   RO Data    RW Data    ZI Data      Debug   Object Name

       188         12          0          0          0        760   irq_armv7m.o
      1620        196         83          4       1240       6847   main.o
       140          0          0          0          1       4820   os_systick.o
       272         24         23          0          0       3618   retarget_io.o
         4          0          0          0          0        688   rtx_config.o
       126          0          0          0          0      24346   rtx_evr.o
       816          0         11        164          0      15684   rtx_kernel.o
       214          0        268          0       5437       7340   rtx_lib.o
       408          0          0          0          0       2860   rtx_memory.o
       292          0          0          0          0      15172   rtx_mempool.o
      1912          0          0          0          0      18533   rtx_msgqueue.o
      1286          0          0          0          0      10159   rtx_mutex.o
       520         10          0          0          0       6568   rtx_system.o
      2878         10          0          0          0      31841   rtx_thread.o
       366          0          0          0          0      10451   rtx_timer.o
      2186         26         44          0         43      16220   spi_stm32f2xx.o
        64         26        388          0       1536        844   startup_stm32f207xx.o
        56          0          0          4          0       7573   stm32f2xx_hal.o
        88          0          0          0          0      11002   stm32f2xx_hal_cortex.o
       686          0          0          0          0       5202   stm32f2xx_hal_gpio.o
      1308          0          0          0          0       7815   stm32f2xx_hal_rcc.o
       196          0         24          4          0       2768   system_stm32f2xx.o

    ----------------------------------------------------------------------
     15948        304        876        176       8276     211111   Object Totals
         0          0         32          0          0          0   (incl. Generated)
       322          0          3          0         19          0   (incl. Padding)

    ----------------------------------------------------------------------

      Code (inc. data)   RO Data    RW Data    ZI Data      Debug   Library Member Name

         8          0          0          0          0         68   __main.o
       104          0          0          0          0         84   __printf.o
         0          0          0          0          0          0   __rtentry.o
        20          0          0          0          0          0   __rtentry2.o
         6          0          0          0          0          0   __rtentry4.o
        52          8          0          0          0          0   __scatter.o
        26          0          0          0          0          0   __scatter_copy.o
        28          0          0          0          0          0   __scatter_zi.o
        44          0          0          0          0        108   _printf_char.o
        48          6          0          0          0         96   _printf_char_common.o
        64          6          0          0          0         84   _printf_char_file_locked.o
         6          0          0          0          0          0   _printf_d.o
       120         16          0          0          0         92   _printf_dec.o
       178          0          0          0          0         88   _printf_intcommon.o
         0          0          0          0          0          0   _printf_percent.o
         4          0          0          0          0          0   _printf_percent_end.o
         6          0          0          0          0          0   _printf_s.o
        82          0          0          0          0         80   _printf_str.o
         6          0          0          0          0          0   _printf_u.o
        16          0          0          0          0         68   aeabi_memset4.o
        10          0          0          0          0         68   defsig_exit.o
        50          0          0          0          0         88   defsig_general.o
        80         58          0          0          0         76   defsig_rtmem_inner.o
        14          0          0          0          0         80   defsig_rtmem_outer.o
        52         38          0          0          0         76   defsig_rtred_inner.o
        14          0          0          0          0         80   defsig_rtred_outer.o
        18          0          0          0          0         80   exit.o
        76          0          0          0          0         88   fclose.o
       470          0          0          0          0         88   flsbuf.o
       332         10          0          0          0        152   fopen_locked.o
        26          0          0          0          0         68   fputc.o
       248          6          0          0          0         84   fseek.o
        66          0          0          0          0         76   ftell.o
       208          0          0          0          0         92   fwritefast_locked.o
       166          0          0          0          0        144   h1_alloc_threads.o
        82          0          0          0          0        104   h1_extend_threads.o
        10          0          0          0          0         76   h1_final_threads.o
       118          0          0          0          0        108   h1_free_threads.o
        18          0          0          0          0         84   h1_init_threads.o
         6          0          0          0          0        152   heapauxi.o
         4          0          0          0          0        136   hguard.o
         0          0          0          0          0          0   indicate_semi.o
       138          0          0          0          0        168   init_alloc.o
       456         48          0          0          0        116   initio_locked.o
         2          0          0          0          0          0   libinit.o
        14          0          0          0          0          0   libinit2.o
         2          0          0          0          0          0   libshutdown.o
        10          0          0          0          0          0   libshutdown2.o
         8          4          0          0         96         68   libspace.o
       240          0          0          0          0        100   lludivv7m.o
         0          0          0          0          0          0   maybetermalloc2.o
        20          0          0          0          0         84   noretval__2fprintf.o
        24          4          0          0          0         84   noretval__2printf.o
        64          6          0          0          0         80   puts_locked.o
         4          0          0          0          0         68   rt_errno_addr_twolibspace.o
        10          0          0          0          0         76   rt_heap_descriptor_twolibspace.o
        68          0          0          0          0         68   rt_memclr.o
        78          0          0          0          0         80   rt_memclr_w.o
       138          0          0          0          0         68   rt_memcpy_v6.o
       100          0          0          0          0         80   rt_memcpy_w.o
         2          0          0          0          0          0   rtexit.o
        10          0          0          0          0          0   rtexit2.o
       104          0          0          0          0         88   setvbuf_locked.o
       240          6          0          0          0        156   stdio.o
         0          0          0         12        252          0   stdio_streams.o
       128          0          0          0          0         68   strcmpv7m.o
         0          0          0          4          0          0   streamlock.o
        12          4          0          0          0         68   sys_exit.o
        74          0          0          0          0         80   sys_stackheap_outer.o
        14          0          0          0          0         76   sys_wrch.o
        16          0          0          0          0         80   term_alloc.o
         2          0          0          0          0         68   use_no_semi.o

    ----------------------------------------------------------------------
      4880        220          0         16        348       4592   Library Totals
        16          0          0          0          0          0   (incl. Padding)

    ----------------------------------------------------------------------

      Code (inc. data)   RO Data    RW Data    ZI Data      Debug   Library Name

      4864        220          0         16        348       4592   c_w.l

    ----------------------------------------------------------------------
      4880        220          0         16        348       4592   Library Totals

    ----------------------------------------------------------------------

==============================================================================


      Code (inc. data)   RO Data    RW Data    ZI Data      Debug   

     20828        524        876        192       8624     212951   Grand Totals
     20828        524        876        192       8624     212951   ELF Image Totals
     20828        524        876        192          0          0   ROM Totals

==============================================================================

    Total RO  Size (Code + RO Data)                21704 (  21.20kB)
    Total RW  Size (RW Data + ZI Data)              8816 (   8.61kB)
    Total ROM Size (Code + RO Data + RW Data)      21896 (  21.38kB)

==============================================================================

