Component: ARM Compiler 6.16 Tool: armlink [5dfeaa00]

==============================================================================

Section Cross References

    main.o(.text.main) refers to stm32f2xx_hal.o(.text.HAL_Init) for HAL_Init
    main.o(.text.main) refers to main.o(.text.SystemClock_Config) for SystemClock_Config
    main.o(.text.main) refers to system_stm32f2xx.o(.text.SystemCoreClockUpdate) for SystemCoreClockUpdate
    main.o(.text.main) refers to rtx_kernel.o(.text.osKernelInitialize) for osKernelInitialize
    main.o(.text.main) refers to led.o(.text.LED_spi_thread) for LED_spi_thread
    main.o(.text.main) refers to led.o(.rodata.LED_SpiThreadAttr) for LED_SpiThreadAttr
    main.o(.text.main) refers to rtx_thread.o(.text.osThreadNew) for osThreadNew
    main.o(.text.main) refers to led.o(.bss.LED_SpiThreadID) for LED_SpiThreadID
    main.o(.text.main) refers to rtx_kernel.o(.text.osKernelStart) for osKernelStart
    main.o(.ARM.exidx.text.main) refers to main.o(.text.main) for [Anonymous Symbol]
    main.o(.text.SystemClock_Config) refers to stm32f2xx_hal_rcc.o(.text.HAL_RCC_OscConfig) for HAL_RCC_OscConfig
    main.o(.text.SystemClock_Config) refers to stm32f2xx_hal_rcc.o(.text.HAL_RCC_ClockConfig) for HAL_RCC_ClockConfig
    main.o(.ARM.exidx.text.SystemClock_Config) refers to main.o(.text.SystemClock_Config) for [Anonymous Symbol]
    main.o(.text.HAL_GetTick) refers to rtx_kernel.o(.text.osKernelGetState) for osKernelGetState
    main.o(.text.HAL_GetTick) refers to rtx_kernel.o(.text.osKernelGetTickCount) for osKernelGetTickCount
    main.o(.text.HAL_GetTick) refers to system_stm32f2xx.o(.data.SystemCoreClock) for SystemCoreClock
    main.o(.text.HAL_GetTick) refers to main.o(.bss.HAL_GetTick.ticks) for HAL_GetTick.ticks
    main.o(.ARM.exidx.text.HAL_GetTick) refers to main.o(.text.HAL_GetTick) for [Anonymous Symbol]
    main.o(.ARM.exidx.text.HAL_InitTick) refers to main.o(.text.HAL_InitTick) for [Anonymous Symbol]
    led.o(.text) refers (Special) to _printf_dec.o(.text) for _printf_int_dec
    led.o(.text) refers (Special) to _printf_percent.o(.ARM.Collect$$_printf_percent$$00000000) for _printf_percent
    led.o(.text) refers (Special) to _printf_s.o(.ARM.Collect$$_printf_percent$$00000014) for _printf_s
    led.o(.text) refers (Special) to _printf_str.o(.text) for _printf_str
    led.o(.text) refers (Special) to _printf_u.o(.ARM.Collect$$_printf_percent$$0000000A) for _printf_u
    led.o(.text.LED_set_amount) refers (Special) to _printf_dec.o(.text) for _printf_int_dec
    led.o(.text.LED_set_amount) refers (Special) to _printf_percent.o(.ARM.Collect$$_printf_percent$$00000000) for _printf_percent
    led.o(.text.LED_set_amount) refers (Special) to _printf_s.o(.ARM.Collect$$_printf_percent$$00000014) for _printf_s
    led.o(.text.LED_set_amount) refers (Special) to _printf_str.o(.text) for _printf_str
    led.o(.text.LED_set_amount) refers (Special) to _printf_u.o(.ARM.Collect$$_printf_percent$$0000000A) for _printf_u
    led.o(.text.LED_set_amount) refers to led.o(.data.g_LedNumber) for g_LedNumber
    led.o(.ARM.exidx.text.LED_set_amount) refers (Special) to _printf_dec.o(.text) for _printf_int_dec
    led.o(.ARM.exidx.text.LED_set_amount) refers (Special) to _printf_percent.o(.ARM.Collect$$_printf_percent$$00000000) for _printf_percent
    led.o(.ARM.exidx.text.LED_set_amount) refers (Special) to _printf_s.o(.ARM.Collect$$_printf_percent$$00000014) for _printf_s
    led.o(.ARM.exidx.text.LED_set_amount) refers (Special) to _printf_str.o(.text) for _printf_str
    led.o(.ARM.exidx.text.LED_set_amount) refers (Special) to _printf_u.o(.ARM.Collect$$_printf_percent$$0000000A) for _printf_u
    led.o(.ARM.exidx.text.LED_set_amount) refers to led.o(.text.LED_set_amount) for [Anonymous Symbol]
    led.o(.text.LED_init) refers (Special) to _printf_dec.o(.text) for _printf_int_dec
    led.o(.text.LED_init) refers (Special) to _printf_percent.o(.ARM.Collect$$_printf_percent$$00000000) for _printf_percent
    led.o(.text.LED_init) refers (Special) to _printf_s.o(.ARM.Collect$$_printf_percent$$00000014) for _printf_s
    led.o(.text.LED_init) refers (Special) to _printf_str.o(.text) for _printf_str
    led.o(.text.LED_init) refers (Special) to _printf_u.o(.ARM.Collect$$_printf_percent$$0000000A) for _printf_u
    led.o(.text.LED_init) refers to spi_stm32f2xx.o(.rodata.Driver_SPI2) for Driver_SPI2
    led.o(.text.LED_init) refers to led.o(.text.LED_spi_callback) for LED_spi_callback
    led.o(.text.LED_init) refers to stdio_streams.o(.bss) for __stderr
    led.o(.text.LED_init) refers to led.o(.rodata.str1.1) for .L.str.2
    led.o(.text.LED_init) refers to noretval__2fprintf.o(.text) for __2fprintf
    led.o(.ARM.exidx.text.LED_init) refers (Special) to _printf_dec.o(.text) for _printf_int_dec
    led.o(.ARM.exidx.text.LED_init) refers (Special) to _printf_percent.o(.ARM.Collect$$_printf_percent$$00000000) for _printf_percent
[...]
    _memcpy_lastbytes                        0x080005e7   Thumb Code     0  rt_memcpy_v6.o(.text)
    __aeabi_memset4                          0x0800060b   Thumb Code    16  aeabi_memset4.o(.text)
    __aeabi_memset8                          0x0800060b   Thumb Code     0  aeabi_memset4.o(.text)
    __aeabi_memclr                           0x0800061b   Thumb Code     0  rt_memclr.o(.text)
    __rt_memclr                              0x0800061b   Thumb Code     0  rt_memclr.o(.text)
    _memset                                  0x0800061f   Thumb Code    64  rt_memclr.o(.text)
    __aeabi_memclr4                          0x0800065f   Thumb Code     0  rt_memclr_w.o(.text)
    __aeabi_memclr8                          0x0800065f   Thumb Code     0  rt_memclr_w.o(.text)
    __rt_memclr_w                            0x0800065f   Thumb Code     0  rt_memclr_w.o(.text)
    _memset_w                                0x08000663   Thumb Code    74  rt_memclr_w.o(.text)
    strcmp                                   0x080006ad   Thumb Code   128  strcmpv7m.o(.text)
    __use_two_region_memory                  0x0800072d   Thumb Code     2  heapauxi.o(.text)
    __rt_heap_escrow                         0x0800072f   Thumb Code     2  heapauxi.o(.text)
    __rt_heap_expand                         0x08000731   Thumb Code     2  heapauxi.o(.text)
    _printf_int_common                       0x08000733   Thumb Code   178  _printf_intcommon.o(.text)
    _printf_cs_common                        0x080007e5   Thumb Code    20  _printf_char.o(.text)
    _printf_char                             0x080007f9   Thumb Code    16  _printf_char.o(.text)
    _printf_string                           0x08000809   Thumb Code     8  _printf_char.o(.text)
    _initio                                  0x08000811   Thumb Code   240  initio_locked.o(.text)
    _terminateio                             0x08000901   Thumb Code   168  initio_locked.o(.text)
    __aeabi_memcpy4                          0x080009d9   Thumb Code     0  rt_memcpy_w.o(.text)
    __aeabi_memcpy8                          0x080009d9   Thumb Code     0  rt_memcpy_w.o(.text)
    __rt_memcpy_w                            0x080009d9   Thumb Code   100  rt_memcpy_w.o(.text)
    _memcpy_lastbytes_aligned                0x08000a21   Thumb Code     0  rt_memcpy_w.o(.text)
    free_internal$concurrent                 0x08000a3d   Thumb Code    98  h1_free_threads.o(.text)
    free                                     0x08000a9f   Thumb Code    20  h1_free_threads.o(.text)
    _printf_char_common                      0x08000abf   Thumb Code    32  _printf_char_common.o(.text)
    __flsbuf                                 0x08000ae5   Thumb Code   470  flsbuf.o(.text)
    __flsbuf_byte                            0x08000ae5   Thumb Code     0  flsbuf.o(.text)
    __flsbuf_wide                            0x08000ae5   Thumb Code     0  flsbuf.o(.text)
    _fclose_internal                         0x08000cbb   Thumb Code    76  fclose.o(.text)
    fclose                                   0x08000cbb   Thumb Code     0  fclose.o(.text)
    setvbuf                                  0x08000d07   Thumb Code   104  setvbuf_locked.o(.text)
    freopen                                  0x08000e25   Thumb Code    42  fopen_locked.o(.text)
    _fopen$locked                            0x08000e4f   Thumb Code   100  fopen_locked.o(.text)
    __rt_SIGRTRED                            0x08000ebd   Thumb Code    14  defsig_rtred_outer.o(.text)
    __user_setup_stackheap                   0x08000ecb   Thumb Code    74  sys_stackheap_outer.o(.text)
    __rt_heap_descriptor                     0x08000f15   Thumb Code    10  rt_heap_descriptor_twolibspace.o(.text)
    __use_no_heap                            0x08000f1f   Thumb Code     2  hguard.o(.text)
    __heap$guard                             0x08000f21   Thumb Code     2  hguard.o(.text)
    _terminate_user_alloc                    0x08000f23   Thumb Code     2  init_alloc.o(.text)
    _init_user_alloc                         0x08000f25   Thumb Code     2  init_alloc.o(.text)
    __Heap_Full                              0x08000f27   Thumb Code    34  init_alloc.o(.text)
    __Heap_Broken                            0x08000f49   Thumb Code     6  init_alloc.o(.text)
    _init_alloc                              0x08000f4f   Thumb Code    94  init_alloc.o(.text)
    malloc_internal$concurrent               0x08000fbd   Thumb Code   130  h1_alloc_threads.o(.text)
    malloc                                   0x0800103f   Thumb Code    20  h1_alloc_threads.o(.text)
    _printf_char_file                        0x08001055   Thumb Code    58  _printf_char_file_locked.o(.text)
    _fseek                                   0x08001095   Thumb Code   242  fseek.o(.text)
    fseek                                    0x08001095   Thumb Code     0  fseek.o(.text)
    _seterr                                  0x0800118d   Thumb Code    20  stdio.o(.text)
    _writebuf                                0x080011a1   Thumb Code    84  stdio.o(.text)
    _fflush                                  0x080011f5   Thumb Code    70  stdio.o(.text)
    _deferredlazyseek                        0x0800123b   Thumb Code    60  stdio.o(.text)
    puts                                     0x0800127d   Thumb Code    58  puts_locked.o(.text)
    fwrite                                   0x080012bd   Thumb Code   208  fwritefast_locked.o(.text)
    exit                                     0x0800138d   Thumb Code    18  exit.o(.text)
    __sig_exit                               0x0800139f   Thumb Code    10  defsig_exit.o(.text)
    __rt_SIGRTRED_inner                      0x080013a9   Thumb Code    14  defsig_rtred_inner.o(.text)
    _sys_exit                                0x080013dd   Thumb Code     8  sys_exit.o(.text)
    __user_libspace                          0x080013e9   Thumb Code     8  libspace.o(.text)
    __user_perproc_libspace                  0x080013e9   Thumb Code     0  libspace.o(.text)
    __Heap_Initialize                        0x080013f1   Thumb Code    14  h1_init_threads.o(.text)
    _maybe_terminate_alloc                   0x080013f1   Thumb Code     0  maybetermalloc2.o(.text)
    __Heap_DescSize                          0x080013ff   Thumb Code     4  h1_init_threads.o(.text)
    __Heap_ProvideMemory                     0x08001411   Thumb Code    68  h1_extend_threads.o(.text)
    _ftell_internal                          0x08001455   Thumb Code    66  ftell.o(.text)
    ftell                                    0x08001455   Thumb Code     0  ftell.o(.text)
    __default_signal_display                 0x08001497   Thumb Code    50  defsig_general.o(.text)
    __rt_SIGRTMEM                            0x080014c9   Thumb Code    14  defsig_rtmem_outer.o(.text)
    _ttywrch                                 0x080014d7   Thumb Code    14  sys_wrch.o(.text)
    __I$use$semihosting                      0x080014e5   Thumb Code     0  use_no_semi.o(.text)
    __use_no_semihosting_swi                 0x080014e5   Thumb Code     2  use_no_semi.o(.text)
    __aeabi_errno_addr                       0x080014e7   Thumb Code     4  rt_errno_addr_twolibspace.o(.text)
    __errno$twolibspace                      0x080014e7   Thumb Code     0  rt_errno_addr_twolibspace.o(.text)
    __rt_errno_addr$twolibspace              0x080014e7   Thumb Code     0  rt_errno_addr_twolibspace.o(.text)
    __semihosting_library_function           0x080014e7   Thumb Code     0  indicate_semi.o(.text)
    _terminate_alloc                         0x080014eb   Thumb Code    16  term_alloc.o(.text)
    __rt_SIGRTMEM_inner                      0x080014fd   Thumb Code    22  defsig_rtmem_inner.o(.text)
    __Heap_Finalize                          0x0800154d   Thumb Code    10  h1_final_threads.o(.text)
    EvrRtxDelayCompleted                     0x080015b5   Thumb Code     2  rtx_evr.o(.text.EvrRtxDelayCompleted)
    EvrRtxEventFlagsWaitTimeout              0x080015b9   Thumb Code     2  rtx_evr.o(.text.EvrRtxEventFlagsWaitTimeout)
    EvrRtxKernelError                        0x080015bd   Thumb Code     2  rtx_evr.o(.text.EvrRtxKernelError)
    EvrRtxKernelErrorNotify                  0x080015c1   Thumb Code     2  rtx_evr.o(.text.EvrRtxKernelErrorNotify)
    EvrRtxKernelGetState                     0x080015c5   Thumb Code     2  rtx_evr.o(.text.EvrRtxKernelGetState)
    EvrRtxKernelGetTickCount                 0x080015c9   Thumb Code     2  rtx_evr.o(.text.EvrRtxKernelGetTickCount)
    EvrRtxKernelInitialize                   0x080015cd   Thumb Code     2  rtx_evr.o(.text.EvrRtxKernelInitialize)
    EvrRtxKernelInitialized                  0x080015d1   Thumb Code     2  rtx_evr.o(.text.EvrRtxKernelInitialized)
    EvrRtxKernelStart                        0x080015d5   Thumb Code     2  rtx_evr.o(.text.EvrRtxKernelStart)
    EvrRtxKernelStarted                      0x080015d9   Thumb Code     2  rtx_evr.o(.text.EvrRtxKernelStarted)
    EvrRtxMemoryAlloc                        0x080015dd   Thumb Code     2  rtx_evr.o(.text.EvrRtxMemoryAlloc)
    EvrRtxMemoryBlockAlloc                   0x080015e1   Thumb Code     2  rtx_evr.o(.text.EvrRtxMemoryBlockAlloc)
    EvrRtxMemoryBlockFree                    0x080015e5   Thumb Code     2  rtx_evr.o(.text.EvrRtxMemoryBlockFree)
    EvrRtxMemoryBlockInit                    0x080015e9   Thumb Code     2  rtx_evr.o(.text.EvrRtxMemoryBlockInit)
    EvrRtxMemoryFree                         0x080015ed   Thumb Code     2  rtx_evr.o(.text.EvrRtxMemoryFree)
    EvrRtxMemoryInit                         0x080015f1   Thumb Code     2  rtx_evr.o(.text.EvrRtxMemoryInit)
    EvrRtxMemoryPoolAllocTimeout             0x080015f5   Thumb Code     2  rtx_evr.o(.text.EvrRtxMemoryPoolAllocTimeout)
    EvrRtxMessageQueueCreated                0x080015f9   Thumb Code     2  rtx_evr.o(.text.EvrRtxMessageQueueCreated)
    EvrRtxMessageQueueError                  0x080015fd   Thumb Code     2  rtx_evr.o(.text.EvrRtxMessageQueueError)
    EvrRtxMessageQueueGet                    0x08001601   Thumb Code     2  rtx_evr.o(.text.EvrRtxMessageQueueGet)
    EvrRtxMessageQueueGetPending             0x08001605   Thumb Code     2  rtx_evr.o(.text.EvrRtxMessageQueueGetPending)
    EvrRtxMessageQueueGetTimeout             0x08001609   Thumb Code     2  rtx_evr.o(.text.EvrRtxMessageQueueGetTimeout)
    EvrRtxMessageQueueInsertPending          0x0800160d   Thumb Code     2  rtx_evr.o(.text.EvrRtxMessageQueueInsertPending)
    EvrRtxMessageQueueInserted               0x08001611   Thumb Code     2  rtx_evr.o(.text.EvrRtxMessageQueueInserted)
    EvrRtxMessageQueueNotInserted            0x08001615   Thumb Code     2  rtx_evr.o(.text.EvrRtxMessageQueueNotInserted)
    EvrRtxMessageQueueNotRetrieved           0x08001619   Thumb Code     2  rtx_evr.o(.text.EvrRtxMessageQueueNotRetrieved)
    EvrRtxMessageQueuePut                    0x0800161d   Thumb Code     2  rtx_evr.o(.text.EvrRtxMessageQueuePut)
    EvrRtxMessageQueuePutPending             0x08001621   Thumb Code     2  rtx_evr.o(.text.EvrRtxMessageQueuePutPending)
    EvrRtxMessageQueuePutTimeout             0x08001625   Thumb Code     2  rtx_evr.o(.text.EvrRtxMessageQueuePutTimeout)
    EvrRtxMessageQueueRetrieved              0x08001629   Thumb Code     2  rtx_evr.o(.text.EvrRtxMessageQueueRetrieved)
    EvrRtxMutexAcquire                       0x0800162d   Thumb Code     2  rtx_evr.o(.text.EvrRtxMutexAcquire)
    EvrRtxMutexAcquirePending                0x08001631   Thumb Code     2  rtx_evr.o(.text.EvrRtxMutexAcquirePending)
    EvrRtxMutexAcquireTimeout                0x08001635   Thumb Code     2  rtx_evr.o(.text.EvrRtxMutexAcquireTimeout)
    EvrRtxMutexAcquired                      0x08001639   Thumb Code     2  rtx_evr.o(.text.EvrRtxMutexAcquired)
    EvrRtxMutexCreated                       0x0800163d   Thumb Code     2  rtx_evr.o(.text.EvrRtxMutexCreated)
    EvrRtxMutexDelete                        0x08001641   Thumb Code     2  rtx_evr.o(.text.EvrRtxMutexDelete)
    EvrRtxMutexDestroyed                     0x08001645   Thumb Code     2  rtx_evr.o(.text.EvrRtxMutexDestroyed)
    EvrRtxMutexError                         0x08001649   Thumb Code     2  rtx_evr.o(.text.EvrRtxMutexError)
    EvrRtxMutexNew                           0x0800164d   Thumb Code     2  rtx_evr.o(.text.EvrRtxMutexNew)
    EvrRtxMutexNotAcquired                   0x08001651   Thumb Code     2  rtx_evr.o(.text.EvrRtxMutexNotAcquired)
    EvrRtxMutexRelease                       0x08001655   Thumb Code     2  rtx_evr.o(.text.EvrRtxMutexRelease)
    EvrRtxMutexReleased                      0x08001659   Thumb Code     2  rtx_evr.o(.text.EvrRtxMutexReleased)
    EvrRtxSemaphoreAcquireTimeout            0x0800165d   Thumb Code     2  rtx_evr.o(.text.EvrRtxSemaphoreAcquireTimeout)
    EvrRtxThreadBlocked                      0x08001661   Thumb Code     2  rtx_evr.o(.text.EvrRtxThreadBlocked)
    EvrRtxThreadCreated                      0x08001665   Thumb Code     2  rtx_evr.o(.text.EvrRtxThreadCreated)
    EvrRtxThreadDestroyed                    0x08001669   Thumb Code     2  rtx_evr.o(.text.EvrRtxThreadDestroyed)
    EvrRtxThreadError                        0x0800166d   Thumb Code     2  rtx_evr.o(.text.EvrRtxThreadError)
    EvrRtxThreadExit                         0x08001671   Thumb Code     2  rtx_evr.o(.text.EvrRtxThreadExit)
    EvrRtxThreadFlagsError                   0x08001675   Thumb Code     2  rtx_evr.o(.text.EvrRtxThreadFlagsError)
    EvrRtxThreadFlagsSet                     0x08001679   Thumb Code     2  rtx_evr.o(.text.EvrRtxThreadFlagsSet)
    EvrRtxThreadFlagsSetDone                 0x0800167d   Thumb Code     2  rtx_evr.o(.text.EvrRtxThreadFlagsSetDone)
    EvrRtxThreadFlagsWait                    0x08001681   Thumb Code     2  rtx_evr.o(.text.EvrRtxThreadFlagsWait)
    EvrRtxThreadFlagsWaitCompleted           0x08001685   Thumb Code     2  rtx_evr.o(.text.EvrRtxThreadFlagsWaitCompleted)
    EvrRtxThreadFlagsWaitNotCompleted        0x08001689   Thumb Code     2  rtx_evr.o(.text.EvrRtxThreadFlagsWaitNotCompleted)
    EvrRtxThreadFlagsWaitPending             0x0800168d   Thumb Code     2  rtx_evr.o(.text.EvrRtxThreadFlagsWaitPending)
    EvrRtxThreadFlagsWaitTimeout             0x08001691   Thumb Code     2  rtx_evr.o(.text.EvrRtxThreadFlagsWaitTimeout)
    EvrRtxThreadGetId                        0x08001695   Thumb Code     2  rtx_evr.o(.text.EvrRtxThreadGetId)
    EvrRtxThreadJoined                       0x08001699   Thumb Code     2  rtx_evr.o(.text.EvrRtxThreadJoined)
    EvrRtxThreadNew                          0x0800169d   Thumb Code     2  rtx_evr.o(.text.EvrRtxThreadNew)
    EvrRtxThreadPreempted                    0x080016a1   Thumb Code     2  rtx_evr.o(.text.EvrRtxThreadPreempted)
    EvrRtxThreadSwitched                     0x080016a5   Thumb Code     2  rtx_evr.o(.text.EvrRtxThreadSwitched)
    EvrRtxThreadUnblocked                    0x080016a9   Thumb Code     2  rtx_evr.o(.text.EvrRtxThreadUnblocked)
    EvrRtxTimerCallback                      0x080016ad   Thumb Code     2  rtx_evr.o(.text.EvrRtxTimerCallback)
    HAL_GPIO_DeInit                          0x080016b1   Thumb Code   274  stm32f2xx_hal_gpio.o(.text.HAL_GPIO_DeInit)
    HAL_GPIO_Init                            0x080017c5   Thumb Code   412  stm32f2xx_hal_gpio.o(.text.HAL_GPIO_Init)
    HAL_GetTick                              0x08001961   Thumb Code    80  main.o(.text.HAL_GetTick)
    HAL_Init                                 0x080019b1   Thumb Code    54  stm32f2xx_hal.o(.text.HAL_Init)
    HAL_InitTick                             0x080019e9   Thumb Code     4  main.o(.text.HAL_InitTick)
    HAL_MspInit                              0x080019ed   Thumb Code     2  stm32f2xx_hal.o(.text.HAL_MspInit)
    HAL_NVIC_DisableIRQ                      0x080019f1   Thumb Code     8  stm32f2xx_hal_cortex.o(.text.HAL_NVIC_DisableIRQ)
    HAL_NVIC_SetPriorityGrouping             0x080019f9   Thumb Code     8  stm32f2xx_hal_cortex.o(.text.HAL_NVIC_SetPriorityGrouping)
    HAL_RCC_ClockConfig                      0x08001a01   Thumb Code   348  stm32f2xx_hal_rcc.o(.text.HAL_RCC_ClockConfig)
    HAL_RCC_GetHCLKFreq                      0x08001b5d   Thumb Code    12  stm32f2xx_hal_rcc.o(.text.HAL_RCC_GetHCLKFreq)
    HAL_RCC_GetPCLK1Freq                     0x08001b69   Thumb Code    34  stm32f2xx_hal_rcc.o(.text.HAL_RCC_GetPCLK1Freq)
    HAL_RCC_GetSysClockFreq                  0x08001b8d   Thumb Code   104  stm32f2xx_hal_rcc.o(.text.HAL_RCC_GetSysClockFreq)
    HAL_RCC_OscConfig                        0x08001bf5   Thumb Code   810  stm32f2xx_hal_rcc.o(.text.HAL_RCC_OscConfig)
    ITM_SendChar                             0x08001f21   Thumb Code    46  retarget_io.o(.text.ITM_SendChar)
    LED_clear                                0x08001fed   Thumb Code    52  led.o(.text.LED_clear)
    LED_end_frame                            0x08002021   Thumb Code    28  led.o(.text.LED_end_frame)
    LED_init                                 0x0800203d   Thumb Code   108  led.o(.text.LED_init)
    LED_send                                 0x080020cd   Thumb Code    84  led.o(.text.LED_send)
    LED_set_color                            0x0800213d   Thumb Code    52  led.o(.text.LED_set_color)
    LED_set_colors                           0x08002171   Thumb Code    40  led.o(.text.LED_set_colors)
    LED_set_pile_colors                      0x08002199   Thumb Code    16  led.o(.text.LED_set_pile_colors)
    LED_spi_callback                         0x080021a9   Thumb Code    80  led.o(.text.LED_spi_callback)
    LED_spi_thread                           0x08002241   Thumb Code   222  led.o(.text.LED_spi_thread)
    LED_start_frame                          0x08002321   Thumb Code    14  led.o(.text.LED_start_frame)
    OS_Tick_AcknowledgeIRQ                   0x080023dd   Thumb Code    12  os_systick.o(.text.OS_Tick_AcknowledgeIRQ)
    OS_Tick_Enable                           0x080023e9   Thumb Code    50  os_systick.o(.text.OS_Tick_Enable)
    OS_Tick_GetIRQn                          0x0800241d   Thumb Code     6  os_systick.o(.text.OS_Tick_GetIRQn)
    OS_Tick_Setup                            0x08002425   Thumb Code    72  os_systick.o(.text.OS_Tick_Setup)
    SPI2_IRQHandler                          0x08002485   Thumb Code     8  spi_stm32f2xx.o(.text.SPI2_IRQHandler)
    SystemCoreClockUpdate                    0x08002d21   Thumb Code   126  system_stm32f2xx.o(.text.SystemCoreClockUpdate)
    SystemInit                               0x08002da1   Thumb Code    70  system_stm32f2xx.o(.text.SystemInit)
    __user_perthread_libspace                0x08002f2d   Thumb Code    86  rtx_lib.o(.text.__user_perthread_libspace)
    _mutex_acquire                           0x08002f85   Thumb Code    26  rtx_lib.o(.text._mutex_acquire)
    _mutex_free                              0x08002fa1   Thumb Code    10  rtx_lib.o(.text._mutex_free)
    _mutex_initialize                        0x08002fad   Thumb Code    32  rtx_lib.o(.text._mutex_initialize)
    _mutex_release                           0x08002fcd   Thumb Code    22  rtx_lib.o(.text._mutex_release)
    _platform_post_stackheap_init            0x08002fe5   Thumb Code     8  rtx_lib.o(.text._platform_post_stackheap_init)
    _sys_close                               0x08002fed   Thumb Code    18  retarget_io.o(.text._sys_close)
    _sys_flen                                0x08003001   Thumb Code     4  retarget_io.o(.text._sys_flen)
    _sys_istty                               0x08003005   Thumb Code    16  retarget_io.o(.text._sys_istty)
    _sys_open                                0x08003015   Thumb Code    76  retarget_io.o(.text._sys_open)
    _sys_seek                                0x08003079   Thumb Code     6  retarget_io.o(.text._sys_seek)
    _sys_write                               0x08003081   Thumb Code    66  retarget_io.o(.text._sys_write)
    main                                     0x080033e1   Thumb Code    54  main.o(.text.main)
    osKernelGetState                         0x08003419   Thumb Code    38  rtx_kernel.o(.text.osKernelGetState)
    osKernelGetTickCount                     0x08003441   Thumb Code    32  rtx_kernel.o(.text.osKernelGetTickCount)
    osKernelInitialize                       0x08003461   Thumb Code    50  rtx_kernel.o(.text.osKernelInitialize)
    osKernelStart                            0x08003495   Thumb Code    46  rtx_kernel.o(.text.osKernelStart)
    osMessageQueueGet                        0x080034c5   Thumb Code    66  rtx_msgqueue.o(.text.osMessageQueueGet)
    osMessageQueuePut                        0x08003509   Thumb Code    66  rtx_msgqueue.o(.text.osMessageQueuePut)
    osMutexAcquire                           0x0800354d   Thumb Code    56  rtx_mutex.o(.text.osMutexAcquire)
    osMutexDelete                            0x08003585   Thumb Code    52  rtx_mutex.o(.text.osMutexDelete)
    osMutexNew                               0x080035b9   Thumb Code    50  rtx_mutex.o(.text.osMutexNew)
    osMutexRelease                           0x080035ed   Thumb Code    52  rtx_mutex.o(.text.osMutexRelease)
    osRtxErrorNotify                         0x08003621   Thumb Code     2  rtx_config.o(.text.osRtxErrorNotify)
    osRtxIdleThread                          0x08003629   Thumb Code     2  rtx_config.o(.text.osRtxIdleThread)
    osRtxKernelErrorNotify                   0x0800362d   Thumb Code    20  rtx_kernel.o(.text.osRtxKernelErrorNotify)
    osRtxKernelPreInit                       0x08003659   Thumb Code     2  rtx_kernel.o(.text.osRtxKernelPreInit)
    osRtxMemoryAlloc                         0x08003669   Thumb Code   182  rtx_memory.o(.text.osRtxMemoryAlloc)
    osRtxMemoryFree                          0x08003721   Thumb Code   120  rtx_memory.o(.text.osRtxMemoryFree)
    osRtxMemoryInit                          0x08003799   Thumb Code   100  rtx_memory.o(.text.osRtxMemoryInit)
    osRtxMemoryPoolAlloc                     0x080037fd   Thumb Code    42  rtx_mempool.o(.text.osRtxMemoryPoolAlloc)
    osRtxMemoryPoolFree                      0x08003829   Thumb Code    66  rtx_mempool.o(.text.osRtxMemoryPoolFree)
    osRtxMemoryPoolInit                      0x0800386d   Thumb Code    96  rtx_mempool.o(.text.osRtxMemoryPoolInit)
    osRtxMessageQueueTimerSetup              0x080039dd   Thumb Code    48  rtx_msgqueue.o(.text.osRtxMessageQueueTimerSetup)
    osRtxMutexOwnerRelease                   0x08003a15   Thumb Code   106  rtx_mutex.o(.text.osRtxMutexOwnerRelease)
    osRtxMutexOwnerRestore                   0x08003a81   Thumb Code    80  rtx_mutex.o(.text.osRtxMutexOwnerRestore)
    osRtxPendSV_Handler                      0x08003ae1   Thumb Code   100  rtx_system.o(.text.osRtxPendSV_Handler)
    osRtxPostProcess                         0x08003b45   Thumb Code    44  rtx_system.o(.text.osRtxPostProcess)
    osRtxThreadDelayTick                     0x08003cad   Thumb Code   204  rtx_thread.o(.text.osRtxThreadDelayTick)
    osRtxThreadDispatch                      0x08003db1   Thumb Code    94  rtx_thread.o(.text.osRtxThreadDispatch)
    osRtxThreadListGet                       0x08003ecd   Thumb Code    24  rtx_thread.o(.text.osRtxThreadListGet)
    osRtxThreadListPut                       0x08003ee5   Thumb Code    52  rtx_thread.o(.text.osRtxThreadListPut)
    osRtxThreadListRemove                    0x08003f19   Thumb Code    26  rtx_thread.o(.text.osRtxThreadListRemove)
    osRtxThreadListSort                      0x08003f49   Thumb Code    48  rtx_thread.o(.text.osRtxThreadListSort)
    osRtxThreadReadyPut                      0x08003fb9   Thumb Code    24  rtx_thread.o(.text.osRtxThreadReadyPut)
    osRtxThreadRegPtr                        0x08003fd1   Thumb Code     6  rtx_thread.o(.text.osRtxThreadRegPtr)
    osRtxThreadStackCheck                    0x08003ff1   Thumb Code    32  rtx_thread.o(.text.osRtxThreadStackCheck)
    osRtxThreadStartup                       0x08004011   Thumb Code    80  rtx_thread.o(.text.osRtxThreadStartup)
    osRtxThreadSwitch                        0x08004061   Thumb Code    22  rtx_thread.o(.text.osRtxThreadSwitch)
    osRtxThreadWaitEnter                     0x08004079   Thumb Code    92  rtx_thread.o(.text.osRtxThreadWaitEnter)
    osRtxThreadWaitExit                      0x080040d5   Thumb Code    42  rtx_thread.o(.text.osRtxThreadWaitExit)
    osRtxTick_Handler                        0x08004101   Thumb Code   138  rtx_system.o(.text.osRtxTick_Handler)
    osRtxTimerSetup                          0x0800418d   Thumb Code    38  rtx_timer.o(.text.osRtxTimerSetup)
    osRtxTimerThread                         0x080041b5   Thumb Code    42  rtx_timer.o(.text.osRtxTimerThread)
    osThreadExit                             0x08004269   Thumb Code    26  rtx_thread.o(.text.osThreadExit)
    osThreadFlagsSet                         0x08004285   Thumb Code    48  rtx_thread.o(.text.osThreadFlagsSet)
    osThreadFlagsWait                        0x080042b5   Thumb Code    60  rtx_thread.o(.text.osThreadFlagsWait)
    osThreadGetId                            0x080042f1   Thumb Code    32  rtx_thread.o(.text.osThreadGetId)
    osThreadNew                              0x08004311   Thumb Code    58  rtx_thread.o(.text.osThreadNew)
    _fputc$unlocked                          0x08005069   Thumb Code    26  fputc.o(i.fputc)
    osRtxConfig                              0x08005084   Data         112  rtx_lib.o(.rodata)
    os_cb_sections                           0x080050f4   Data          56  rtx_lib.o(.rodata)
    AHBPrescTable                            0x080051a4   Data          16  system_stm32f2xx.o(.rodata.AHBPrescTable)
    APBPrescTable                            0x080051b4   Data           8  system_stm32f2xx.o(.rodata.APBPrescTable)
    Driver_SPI2                              0x080051bc   Data          44  spi_stm32f2xx.o(.rodata.Driver_SPI2)
    LED_SpiThreadAttr                        0x080051e8   Data          36  led.o(.rodata.LED_SpiThreadAttr)
    __stderr_name                            0x0800520c   Data           8  retarget_io.o(.rodata.__stderr_name)
    __stdin_name                             0x08005214   Data           7  retarget_io.o(.rodata.__stdin_name)
    __stdout_name                            0x0800521b   Data           8  retarget_io.o(.rodata.__stdout_name)
    osRtxUserSVC                             0x08005224   Data           4  rtx_lib.o(.rodata.osRtxUserSVC)
    Region$$Table$$Base                      0x080052c4   Number         0  anon$$obj.o(Region$$Table)
    Region$$Table$$Limit                     0x080052e4   Number         0  anon$$obj.o(Region$$Table)
    __aeabi_stdin                            0x20000000   Data           4  stdio_streams.o(.data)
    __aeabi_stdout                           0x20000004   Data           4  stdio_streams.o(.data)
    __aeabi_stderr                           0x20000008   Data           4  stdio_streams.o(.data)
    _stream_list_lock                        0x2000000c   Data           4  streamlock.o(.data)
    SystemCoreClock                          0x20000010   Data           4  system_stm32f2xx.o(.data.SystemCoreClock)
    osRtxInfo                                0x20000018   Data         164  rtx_kernel.o(.data.os)
    uwTickPrio                               0x200000bc   Data           4  stm32f2xx_hal.o(.data.uwTickPrio)
    __stdin                                  0x200000c0   Data          84  stdio_streams.o(.bss)
    __stdout                                 0x20000114   Data          84  stdio_streams.o(.bss)
    __stderr                                 0x20000168   Data          84  stdio_streams.o(.bss)
    __libspace_start                         0x200001bc   Data          96  libspace.o(.bss)
    __temporary_stack_top$libspace           0x2000021c   Data           0  libspace.o(.bss)
    LED_SpiThreadID                          0x20000220   Data           4  led.o(.bss.LED_SpiThreadID)
    .bss.os.msgqueue.cb$$Base                0x2000195c   Number         0  rtx_lib.o(.bss.os.msgqueue.cb)
    .bss.os.msgqueue.cb$$Limit               0x20001990   Number         0  rtx_lib.o(.bss.os.msgqueue.cb)
    .bss.os.thread.cb$$Base                  0x200019e0   Number         0  rtx_lib.o(.bss.os.thread.cb)
    .bss.os.thread.cb$$Limit                 0x20001a68   Number         0  rtx_lib.o(.bss.os.thread.cb)



==============================================================================

Memory Map of the image

  Image Entry point : 0x08000185

  Load Region LR_IROM1 (Base: 0x08000000, Size: 0x000053a8, Max: 0x00100000, ABSOLUTE)

    Execution Region ER_IROM1 (Exec base: 0x08000000, Load base: 0x08000000, Size: 0x000052e4, Max: 0x00100000, ABSOLUTE)

    Exec Addr    Load Addr    Size         Type   Attr      Idx    E Section Name        Object

    0x08000000   0x08000000   0x00000184   Data   RO         1935    RESET               startup_stm32f207xx.o
    0x08000184   0x08000184   0x00000008   Code   RO         2016  * !!!main             c_w.l(__main.o)
    0x0800018c   0x0800018c   0x00000034   Code   RO         2368    !!!scatter          c_w.l(__scatter.o)
    0x080001c0   0x080001c0   0x0000001a   Code   RO         2370    !!handler_copy      c_w.l(__scatter_copy.o)
    0x080001da   0x080001da   0x00000002   PAD
    0x080001dc   0x080001dc   0x0000001c   Code   RO         2372    !!handler_zi        c_w.l(__scatter_zi.o)
    0x080001f8   0x080001f8   0x00000000   Code   RO         1993    .ARM.Collect$$_printf_percent$$00000000  c_w.l(_printf_percent.o)
    0x080001f8   0x080001f8   0x00000006   Code   RO         1992    .ARM.Collect$$_printf_percent$$0000000A  c_w.l(_printf_u.o)
    0x080001fe   0x080001fe   0x00000006   Code   RO         1991    .ARM.Collect$$_printf_percent$$00000014  c_w.l(_printf_s.o)
    0x08000204   0x08000204   0x00000004   Code   RO         2029    .ARM.Collect$$_printf_percent$$00000017  c_w.l(_printf_percent_end.o)
    0x08000208   0x08000208   0x00000002   Code   RO         2263    .ARM.Collect$$libinit$$00000000  c_w.l(libinit.o)
    0x0800020a   0x0800020a   0x00000000   Code   RO         2139    .ARM.Collect$$libinit$$00000002  c_w.l(libinit2.o)
    0x0800020a   0x0800020a   0x00000000   Code   RO         2141    .ARM.Collect$$libinit$$00000004  c_w.l(libinit2.o)
    0x0800020a   0x0800020a   0x00000008   Code   RO         2142    .ARM.Collect$$libinit$$00000005  c_w.l(libinit2.o)
    0x08000212   0x08000212   0x00000000   Code   RO         2144    .ARM.Collect$$libinit$$0000000A  c_w.l(libinit2.o)
    0x08000212   0x08000212   0x00000000   Code   RO         2146    .ARM.Collect$$libinit$$0000000C  c_w.l(libinit2.o)
    0x08000212   0x08000212   0x00000000   Code   RO         2148    .ARM.Collect$$libinit$$0000000E  c_w.l(libinit2.o)
    0x08000212   0x08000212   0x00000000   Code   RO         2151    .ARM.Collect$$libinit$$00000011  c_w.l(libinit2.o)
    0x08000212   0x08000212   0x00000000   Code   RO         2153    .ARM.Collect$$libinit$$00000013  c_w.l(libinit2.o)
    0x08000212   0x08000212   0x00000000   Code   RO         2155    .ARM.Collect$$libinit$$00000015  c_w.l(libinit2.o)
    0x08000212   0x08000212   0x00000000   Code   RO         2157    .ARM.Collect$$libinit$$00000017  c_w.l(libinit2.o)
    0x08000212   0x08000212   0x00000000   Code   RO         2159    .ARM.Collect$$libinit$$00000019  c_w.l(libinit2.o)
    0x08000212   0x08000212   0x00000000   Code   RO         2161    .ARM.Collect$$libinit$$0000001B  c_w.l(libinit2.o)
    0x08000212   0x08000212   0x00000000   Code   RO         2163    .ARM.Collect$$libinit$$0000001D  c_w.l(libinit2.o)
    0x08000212   0x08000212   0x00000000   Code   RO         2165    .ARM.Collect$$libinit$$0000001F  c_w.l(libinit2.o)
    0x08000212   0x08000212   0x00000000   Code   RO         2167    .ARM.Collect$$libinit$$00000021  c_w.l(libinit2.o)
    0x08000212   0x08000212   0x00000000   Code   RO         2169    .ARM.Collect$$libinit$$00000023  c_w.l(libinit2.o)
    0x08000212   0x08000212   0x00000004   Code   RO         2170    .ARM.Collect$$libinit$$00000024  c_w.l(libinit2.o)
    0x08000216   0x08000216   0x00000000   Code   RO         2171    .ARM.Collect$$libinit$$00000025  c_w.l(libinit2.o)
    0x08000216   0x08000216   0x00000000   Code   RO         2175    .ARM.Collect$$libinit$$0000002C  c_w.l(libinit2.o)
    0x08000216   0x08000216   0x00000000   Code   RO         2177    .ARM.Collect$$libinit$$0000002E  c_w.l(libinit2.o)
    0x08000216   0x08000216   0x00000000   Code   RO         2179    .ARM.Collect$$libinit$$00000030  c_w.l(libinit2.o)
    0x08000216   0x08000216   0x00000000   Code   RO         2181    .ARM.Collect$$libinit$$00000032  c_w.l(libinit2.o)
    0x08000216   0x08000216   0x00000002   Code   RO         2182    .ARM.Collect$$libinit$$00000033  c_w.l(libinit2.o)
    0x08000218   0x08000218   0x00000002   Code   RO         2365    .ARM.Collect$$libshutdown$$00000000  c_w.l(libshutdown.o)
    0x0800021a   0x0800021a   0x00000000   Code   RO         2184    .ARM.Collect$$libshutdown$$00000002  c_w.l(libshutdown2.o)
    0x0800021a   0x0800021a   0x00000004   Code   RO         2185    .ARM.Collect$$libshutdown$$00000003  c_w.l(libshutdown2.o)
    0x0800021e   0x0800021e   0x00000000   Code   RO         2186    .ARM.Collect$$libshutdown$$00000004  c_w.l(libshutdown2.o)
    0x0800021e   0x0800021e   0x00000000   Code   RO         2189    .ARM.Collect$$libshutdown$$00000007  c_w.l(libshutdown2.o)
    0x0800021e   0x0800021e   0x00000000   Code   RO         2192    .ARM.Collect$$libshutdown$$0000000A  c_w.l(libshutdown2.o)
    0x0800021e   0x0800021e   0x00000000   Code   RO         2194    .ARM.Collect$$libshutdown$$0000000C  c_w.l(libshutdown2.o)
    0x0800021e   0x0800021e   0x00000004   Code   RO         2195    .ARM.Collect$$libshutdown$$0000000D  c_w.l(libshutdown2.o)
    0x08000222   0x08000222   0x00000000   Code   RO         2197    .ARM.Collect$$libshutdown$$0000000F  c_w.l(libshutdown2.o)
    0x08000222   0x08000222   0x00000002   Code   RO         2198    .ARM.Collect$$libshutdown$$00000010  c_w.l(libshutdown2.o)
    0x08000224   0x08000224   0x00000000   Code   RO         2018    .ARM.Collect$$rtentry$$00000000  c_w.l(__rtentry.o)
    0x08000224   0x08000224   0x00000000   Code   RO         2043    .ARM.Collect$$rtentry$$00000002  c_w.l(__rtentry2.o)
    0x08000224   0x08000224   0x00000006   Code   RO         2055    .ARM.Collect$$rtentry$$00000004  c_w.l(__rtentry4.o)
    0x0800022a   0x0800022a   0x00000008   Code   RO         2044    .ARM.Collect$$rtentry$$00000008  c_w.l(__rtentry2.o)
    0x08000232   0x08000232   0x00000004   Code   RO         2046    .ARM.Collect$$rtentry$$0000000A  c_w.l(__rtentry2.o)
    0x08000236   0x08000236   0x00000000   Code   RO         2048    .ARM.Collect$$rtentry$$0000000C  c_w.l(__rtentry2.o)
    0x08000236   0x08000236   0x00000008   Code   RO         2049    .ARM.Collect$$rtentry$$0000000D  c_w.l(__rtentry2.o)
    0x0800023e   0x0800023e   0x00000002   Code   RO         2273    .ARM.Collect$$rtexit$$00000000  c_w.l(rtexit.o)
    0x08000240   0x08000240   0x00000000   Code   RO         2326    .ARM.Collect$$rtexit$$00000002  c_w.l(rtexit2.o)
    0x08000240   0x08000240   0x00000004   Code   RO         2327    .ARM.Collect$$rtexit$$00000003  c_w.l(rtexit2.o)
    0x08000244   0x08000244   0x00000006   Code   RO         2328    .ARM.Collect$$rtexit$$00000004  c_w.l(rtexit2.o)
    0x0800024a   0x0800024a   0x00000002   PAD
    0x0800024c   0x0800024c   0x000000bc   Code   RO          128    .text               irq_armv7m.o
    0x08000308   0x08000308   0x00000040   Code   RO         1936    .text               startup_stm32f207xx.o
    0x08000348   0x08000348   0x000000f0   Code   RO         1959    .text               c_w.l(lludivv7m.o)
    0x08000438   0x08000438   0x00000014   Code   RO         1963    .text               c_w.l(noretval__2fprintf.o)
    0x0800044c   0x0800044c   0x00000068   Code   RO         1965    .text               c_w.l(__printf.o)
    0x080004b4   0x080004b4   0x00000052   Code   RO         1967    .text               c_w.l(_printf_str.o)
    0x08000506   0x08000506   0x00000002   PAD
    0x08000508   0x08000508   0x00000078   Code   RO         1969    .text               c_w.l(_printf_dec.o)
    0x08000580   0x08000580   0x0000008a   Code   RO         2004    .text               c_w.l(rt_memcpy_v6.o)
    0x0800060a   0x0800060a   0x00000010   Code   RO         2006    .text               c_w.l(aeabi_memset4.o)
    0x0800061a   0x0800061a   0x00000044   Code   RO         2008    .text               c_w.l(rt_memclr.o)
    0x0800065e   0x0800065e   0x0000004e   Code   RO         2010    .text               c_w.l(rt_memclr_w.o)
    0x080006ac   0x080006ac   0x00000080   Code   RO         2012    .text               c_w.l(strcmpv7m.o)
    0x0800072c   0x0800072c   0x00000006   Code   RO         2014    .text               c_w.l(heapauxi.o)
    0x08000732   0x08000732   0x000000b2   Code   RO         2023    .text               c_w.l(_printf_intcommon.o)
    0x080007e4   0x080007e4   0x0000002c   Code   RO         2025    .text               c_w.l(_printf_char.o)
    0x08000810   0x08000810   0x000001c8   Code   RO         2038    .text               c_w.l(initio_locked.o)
    0x080009d8   0x080009d8   0x00000064   Code   RO         2040    .text               c_w.l(rt_memcpy_w.o)
    0x08000a3c   0x08000a3c   0x00000076   Code   RO         2063    .text               c_w.l(h1_free_threads.o)
    0x08000ab2   0x08000ab2   0x00000002   PAD
    0x08000ab4   0x08000ab4   0x00000030   Code   RO         2115    .text               c_w.l(_printf_char_common.o)
    0x08000ae4   0x08000ae4   0x000001d6   Code   RO         2119    .text               c_w.l(flsbuf.o)
    0x08000cba   0x08000cba   0x0000004c   Code   RO         2126    .text               c_w.l(fclose.o)
    0x08000d06   0x08000d06   0x00000068   Code   RO         2130    .text               c_w.l(setvbuf_locked.o)
    0x08000d6e   0x08000d6e   0x00000002   PAD
    0x08000d70   0x08000d70   0x0000014c   Code   RO         2132    .text               c_w.l(fopen_locked.o)
    0x08000ebc   0x08000ebc   0x0000000e   Code   RO         2134    .text               c_w.l(defsig_rtred_outer.o)
    0x08000eca   0x08000eca   0x0000004a   Code   RO         2201    .text               c_w.l(sys_stackheap_outer.o)
    0x08000f14   0x08000f14   0x0000000a   Code   RO         2210    .text               c_w.l(rt_heap_descriptor_twolibspace.o)
    0x08000f1e   0x08000f1e   0x00000004   Code   RO         2212    .text               c_w.l(hguard.o)
    0x08000f22   0x08000f22   0x0000008a   Code   RO         2214    .text               c_w.l(init_alloc.o)
    0x08000fac   0x08000fac   0x000000a6   Code   RO         2222    .text               c_w.l(h1_alloc_threads.o)
    0x08001052   0x08001052   0x00000002   PAD
    0x08001054   0x08001054   0x00000040   Code   RO         2234    .text               c_w.l(_printf_char_file_locked.o)
    0x08001094   0x08001094   0x000000f8   Code   RO         2236    .text               c_w.l(fseek.o)
    0x0800118c   0x0800118c   0x000000f0   Code   RO         2238    .text               c_w.l(stdio.o)
    0x0800127c   0x0800127c   0x00000040   Code   RO         2242    .text               c_w.l(puts_locked.o)
    0x080012bc   0x080012bc   0x000000d0   Code   RO         2244    .text               c_w.l(fwritefast_locked.o)
    0x0800138c   0x0800138c   0x00000012   Code   RO         2246    .text               c_w.l(exit.o)
    0x0800139e   0x0800139e   0x0000000a   Code   RO         2248    .text               c_w.l(defsig_exit.o)
    0x080013a8   0x080013a8   0x00000034   Code   RO         2254    .text               c_w.l(defsig_rtred_inner.o)
    0x080013dc   0x080013dc   0x0000000c   Code   RO         2266    .text               c_w.l(sys_exit.o)
    0x080013e8   0x080013e8   0x00000008   Code   RO         2270    .text               c_w.l(libspace.o)
    0x080013f0   0x080013f0   0x00000000   Code   RO         2276    .text               c_w.l(maybetermalloc2.o)
    0x080013f0   0x080013f0   0x00000012   Code   RO         2281    .text               c_w.l(h1_init_threads.o)
    0x08001402   0x08001402   0x00000052   Code   RO         2283    .text               c_w.l(h1_extend_threads.o)
    0x08001454   0x08001454   0x00000042   Code   RO         2289    .text               c_w.l(ftell.o)
    0x08001496   0x08001496   0x00000032   Code   RO         2297    .text               c_w.l(defsig_general.o)
    0x080014c8   0x080014c8   0x0000000e   Code   RO         2301    .text               c_w.l(defsig_rtmem_outer.o)
    0x080014d6   0x080014d6   0x0000000e   Code   RO         2314    .text               c_w.l(sys_wrch.o)
    0x080014e4   0x080014e4   0x00000002   Code   RO         2322    .text               c_w.l(use_no_semi.o)
    0x080014e6   0x080014e6   0x00000000   Code   RO         2324    .text               c_w.l(indicate_semi.o)
    0x080014e6   0x080014e6   0x00000004   Code   RO         2337    .text               c_w.l(rt_errno_addr_twolibspace.o)
    0x080014ea   0x080014ea   0x00000010   Code   RO         2341    .text               c_w.l(term_alloc.o)
    0x080014fa   0x080014fa   0x00000002   PAD
    0x080014fc   0x080014fc   0x00000050   Code   RO         2343    .text               c_w.l(defsig_rtmem_inner.o)
    0x0800154c   0x0800154c   0x0000000a   Code   RO         2349    .text               c_w.l(h1_final_threads.o)
    0x08001556   0x08001556   0x00000002   PAD
    0x08001558   0x08001558   0x00000012   Code   RO         1321    .text.Disable_SPI_Clock  spi_stm32f2xx.o
    0x0800156a   0x0800156a   0x00000002   PAD
    0x0800156c   0x0800156c   0x00000024   Code   RO         1311    .text.Enable_GPIO_Clock  spi_stm32f2xx.o
    0x08001590   0x08001590   0x00000024   Code   RO         1323    .text.Enable_SPI_Clock  spi_stm32f2xx.o
    0x080015b4   0x080015b4   0x00000002   Code   RO          372    .text.EvrRtxDelayCompleted  rtx_evr.o
    0x080015b6   0x080015b6   0x00000002   PAD
    0x080015b8   0x080015b8   0x00000002   Code   RO          420    .text.EvrRtxEventFlagsWaitTimeout  rtx_evr.o
    0x080015ba   0x080015ba   0x00000002   PAD
    0x080015bc   0x080015bc   0x00000002   Code   RO          234    .text.EvrRtxKernelError  rtx_evr.o
    0x080015be   0x080015be   0x00000002   PAD
    0x080015c0   0x080015c0   0x00000002   Code   RO          278    .text.EvrRtxKernelErrorNotify  rtx_evr.o
    0x080015c2   0x080015c2   0x00000002   PAD
    0x080015c4   0x080015c4   0x00000002   Code   RO          244    .text.EvrRtxKernelGetState  rtx_evr.o
    0x080015c6   0x080015c6   0x00000002   PAD
    0x080015c8   0x080015c8   0x00000002   Code   RO          270    .text.EvrRtxKernelGetTickCount  rtx_evr.o
    0x080015ca   0x080015ca   0x00000002   PAD
    0x080015cc   0x080015cc   0x00000002   Code   RO          236    .text.EvrRtxKernelInitialize  rtx_evr.o
    0x080015ce   0x080015ce   0x00000002   PAD
    0x080015d0   0x080015d0   0x00000002   Code   RO          238    .text.EvrRtxKernelInitialized  rtx_evr.o
    0x080015d2   0x080015d2   0x00000002   PAD
    0x080015d4   0x080015d4   0x00000002   Code   RO          246    .text.EvrRtxKernelStart  rtx_evr.o
    0x080015d6   0x080015d6   0x00000002   PAD
    0x080015d8   0x080015d8   0x00000002   Code   RO          248    .text.EvrRtxKernelStarted  rtx_evr.o
    0x080015da   0x080015da   0x00000002   PAD
    0x080015dc   0x080015dc   0x00000002   Code   RO          224    .text.EvrRtxMemoryAlloc  rtx_evr.o
    0x080015de   0x080015de   0x00000002   PAD
    0x080015e0   0x080015e0   0x00000002   Code   RO          230    .text.EvrRtxMemoryBlockAlloc  rtx_evr.o
    0x080015e2   0x080015e2   0x00000002   PAD
    0x080015e4   0x080015e4   0x00000002   Code   RO          232    .text.EvrRtxMemoryBlockFree  rtx_evr.o
    0x080015e6   0x080015e6   0x00000002   PAD
    0x080015e8   0x080015e8   0x00000002   Code   RO          228    .text.EvrRtxMemoryBlockInit  rtx_evr.o
    0x080015ea   0x080015ea   0x00000002   PAD
    0x080015ec   0x080015ec   0x00000002   Code   RO          226    .text.EvrRtxMemoryFree  rtx_evr.o
    0x080015ee   0x080015ee   0x00000002   PAD
    0x080015f0   0x080015f0   0x00000002   Code   RO          222    .text.EvrRtxMemoryInit  rtx_evr.o
    0x080015f2   0x080015f2   0x00000002   PAD
    0x080015f4   0x080015f4   0x00000002   Code   RO          498    .text.EvrRtxMemoryPoolAllocTimeout  rtx_evr.o
    0x080015f6   0x080015f6   0x00000002   PAD
    0x080015f8   0x080015f8   0x00000002   Code   RO          526    .text.EvrRtxMessageQueueCreated  rtx_evr.o
    0x080015fa   0x080015fa   0x00000002   PAD
    0x080015fc   0x080015fc   0x00000002   Code   RO          522    .text.EvrRtxMessageQueueError  rtx_evr.o
    0x080015fe   0x080015fe   0x00000002   PAD
    0x08001600   0x08001600   0x00000002   Code   RO          542    .text.EvrRtxMessageQueueGet  rtx_evr.o
    0x08001602   0x08001602   0x00000002   PAD
    0x08001604   0x08001604   0x00000002   Code   RO          544    .text.EvrRtxMessageQueueGetPending  rtx_evr.o
    0x08001606   0x08001606   0x00000002   PAD
    0x08001608   0x08001608   0x00000002   Code   RO          546    .text.EvrRtxMessageQueueGetTimeout  rtx_evr.o
    0x0800160a   0x0800160a   0x00000002   PAD
    0x0800160c   0x0800160c   0x00000002   Code   RO          536    .text.EvrRtxMessageQueueInsertPending  rtx_evr.o
    0x0800160e   0x0800160e   0x00000002   PAD
    0x08001610   0x08001610   0x00000002   Code   RO          538    .text.EvrRtxMessageQueueInserted  rtx_evr.o
    0x08001612   0x08001612   0x00000002   PAD
    0x08001614   0x08001614   0x00000002   Code   RO          540    .text.EvrRtxMessageQueueNotInserted  rtx_evr.o
    0x08001616   0x08001616   0x00000002   PAD
    0x08001618   0x08001618   0x00000002   Code   RO          550    .text.EvrRtxMessageQueueNotRetrieved  rtx_evr.o
    0x0800161a   0x0800161a   0x00000002   PAD
    0x0800161c   0x0800161c   0x00000002   Code   RO          530    .text.EvrRtxMessageQueuePut  rtx_evr.o
    0x0800161e   0x0800161e   0x00000002   PAD
    0x08001620   0x08001620   0x00000002   Code   RO          532    .text.EvrRtxMessageQueuePutPending  rtx_evr.o
    0x08001622   0x08001622   0x00000002   PAD
    0x08001624   0x08001624   0x00000002   Code   RO          534    .text.EvrRtxMessageQueuePutTimeout  rtx_evr.o
    0x08001626   0x08001626   0x00000002   PAD
    0x08001628   0x08001628   0x00000002   Code   RO          548    .text.EvrRtxMessageQueueRetrieved  rtx_evr.o
    0x0800162a   0x0800162a   0x00000002   PAD
    0x0800162c   0x0800162c   0x00000002   Code   RO          438    .text.EvrRtxMutexAcquire  rtx_evr.o
    0x0800162e   0x0800162e   0x00000002   PAD
    0x08001630   0x08001630   0x00000002   Code   RO          440    .text.EvrRtxMutexAcquirePending  rtx_evr.o
    0x08001632   0x08001632   0x00000002   PAD
    0x08001634   0x08001634   0x00000002   Code   RO          442    .text.EvrRtxMutexAcquireTimeout  rtx_evr.o
    0x08001636   0x08001636   0x00000002   PAD
    0x08001638   0x08001638   0x00000002   Code   RO          444    .text.EvrRtxMutexAcquired  rtx_evr.o
    0x0800163a   0x0800163a   0x00000002   PAD
    0x0800163c   0x0800163c   0x00000002   Code   RO          434    .text.EvrRtxMutexCreated  rtx_evr.o
    0x0800163e   0x0800163e   0x00000002   PAD
    0x08001640   0x08001640   0x00000002   Code   RO          454    .text.EvrRtxMutexDelete  rtx_evr.o
    0x08001642   0x08001642   0x00000002   PAD
    0x08001644   0x08001644   0x00000002   Code   RO          456    .text.EvrRtxMutexDestroyed  rtx_evr.o
    0x08001646   0x08001646   0x00000002   PAD
    0x08001648   0x08001648   0x00000002   Code   RO          430    .text.EvrRtxMutexError  rtx_evr.o
    0x0800164a   0x0800164a   0x00000002   PAD
    0x0800164c   0x0800164c   0x00000002   Code   RO          432    .text.EvrRtxMutexNew  rtx_evr.o
    0x0800164e   0x0800164e   0x00000002   PAD
    0x08001650   0x08001650   0x00000002   Code   RO          446    .text.EvrRtxMutexNotAcquired  rtx_evr.o
    0x08001652   0x08001652   0x00000002   PAD
    0x08001654   0x08001654   0x00000002   Code   RO          448    .text.EvrRtxMutexRelease  rtx_evr.o
    0x08001656   0x08001656   0x00000002   PAD
    0x08001658   0x08001658   0x00000002   Code   RO          450    .text.EvrRtxMutexReleased  rtx_evr.o
    0x0800165a   0x0800165a   0x00000002   PAD
    0x0800165c   0x0800165c   0x00000002   Code   RO          470    .text.EvrRtxSemaphoreAcquireTimeout  rtx_evr.o
    0x0800165e   0x0800165e   0x00000002   PAD
    0x08001660   0x08001660   0x00000002   Code   RO          322    .text.EvrRtxThreadBlocked  rtx_evr.o
    0x08001662   0x08001662   0x00000002   PAD
    0x08001664   0x08001664   0x00000002   Code   RO          284    .text.EvrRtxThreadCreated  rtx_evr.o
    0x08001666   0x08001666   0x00000002   PAD
    0x08001668   0x08001668   0x00000002   Code   RO          334    .text.EvrRtxThreadDestroyed  rtx_evr.o
    0x0800166a   0x0800166a   0x00000002   PAD
    0x0800166c   0x0800166c   0x00000002   Code   RO          280    .text.EvrRtxThreadError  rtx_evr.o
    0x0800166e   0x0800166e   0x00000002   PAD
    0x08001670   0x08001670   0x00000002   Code   RO          330    .text.EvrRtxThreadExit  rtx_evr.o
    0x08001672   0x08001672   0x00000002   PAD
    0x08001674   0x08001674   0x00000002   Code   RO          340    .text.EvrRtxThreadFlagsError  rtx_evr.o
    0x08001676   0x08001676   0x00000002   PAD
    0x08001678   0x08001678   0x00000002   Code   RO          342    .text.EvrRtxThreadFlagsSet  rtx_evr.o
    0x0800167a   0x0800167a   0x00000002   PAD
    0x0800167c   0x0800167c   0x00000002   Code   RO          344    .text.EvrRtxThreadFlagsSetDone  rtx_evr.o
    0x0800167e   0x0800167e   0x00000002   PAD
    0x08001680   0x08001680   0x00000002   Code   RO          352    .text.EvrRtxThreadFlagsWait  rtx_evr.o
    0x08001682   0x08001682   0x00000002   PAD
    0x08001684   0x08001684   0x00000002   Code   RO          358    .text.EvrRtxThreadFlagsWaitCompleted  rtx_evr.o
    0x08001686   0x08001686   0x00000002   PAD
    0x08001688   0x08001688   0x00000002   Code   RO          360    .text.EvrRtxThreadFlagsWaitNotCompleted  rtx_evr.o
    0x0800168a   0x0800168a   0x00000002   PAD
    0x0800168c   0x0800168c   0x00000002   Code   RO          354    .text.EvrRtxThreadFlagsWaitPending  rtx_evr.o
    0x0800168e   0x0800168e   0x00000002   PAD
    0x08001690   0x08001690   0x00000002   Code   RO          356    .text.EvrRtxThreadFlagsWaitTimeout  rtx_evr.o
    0x08001692   0x08001692   0x00000002   PAD
    0x08001694   0x08001694   0x00000002   Code   RO          288    .text.EvrRtxThreadGetId  rtx_evr.o
    0x08001696   0x08001696   0x00000002   PAD
    0x08001698   0x08001698   0x00000002   Code   RO          320    .text.EvrRtxThreadJoined  rtx_evr.o
    0x0800169a   0x0800169a   0x00000002   PAD
    0x0800169c   0x0800169c   0x00000002   Code   RO          282    .text.EvrRtxThreadNew  rtx_evr.o
    0x0800169e   0x0800169e   0x00000002   PAD
    0x080016a0   0x080016a0   0x00000002   Code   RO          326    .text.EvrRtxThreadPreempted  rtx_evr.o
    0x080016a2   0x080016a2   0x00000002   PAD
    0x080016a4   0x080016a4   0x00000002   Code   RO          328    .text.EvrRtxThreadSwitched  rtx_evr.o
    0x080016a6   0x080016a6   0x00000002   PAD
    0x080016a8   0x080016a8   0x00000002   Code   RO          324    .text.EvrRtxThreadUnblocked  rtx_evr.o
    0x080016aa   0x080016aa   0x00000002   PAD
    0x080016ac   0x080016ac   0x00000002   Code   RO          376    .text.EvrRtxTimerCallback  rtx_evr.o
    0x080016ae   0x080016ae   0x00000002   PAD
    0x080016b0   0x080016b0   0x00000112   Code   RO         1584    .text.HAL_GPIO_DeInit  stm32f2xx_hal_gpio.o
    0x080017c2   0x080017c2   0x00000002   PAD
    0x080017c4   0x080017c4   0x0000019c   Code   RO         1582    .text.HAL_GPIO_Init  stm32f2xx_hal_gpio.o
    0x08001960   0x08001960   0x00000050   Code   RO            6    .text.HAL_GetTick   main.o
    0x080019b0   0x080019b0   0x00000036   Code   RO         1391    .text.HAL_Init      stm32f2xx_hal.o
    0x080019e6   0x080019e6   0x00000002   PAD
    0x080019e8   0x080019e8   0x00000004   Code   RO            8    .text.HAL_InitTick  main.o
    0x080019ec   0x080019ec   0x00000002   Code   RO         1395    .text.HAL_MspInit   stm32f2xx_hal.o
    0x080019ee   0x080019ee   0x00000002   PAD
    0x080019f0   0x080019f0   0x00000008   Code   RO         1472    .text.HAL_NVIC_DisableIRQ  stm32f2xx_hal_cortex.o
    0x080019f8   0x080019f8   0x00000008   Code   RO         1456    .text.HAL_NVIC_SetPriorityGrouping  stm32f2xx_hal_cortex.o
    0x08001a00   0x08001a00   0x0000015c   Code   RO         1668    .text.HAL_RCC_ClockConfig  stm32f2xx_hal_rcc.o
    0x08001b5c   0x08001b5c   0x0000000c   Code   RO         1678    .text.HAL_RCC_GetHCLKFreq  stm32f2xx_hal_rcc.o
    0x08001b68   0x08001b68   0x00000022   Code   RO         1680    .text.HAL_RCC_GetPCLK1Freq  stm32f2xx_hal_rcc.o
    0x08001b8a   0x08001b8a   0x00000002   PAD
    0x08001b8c   0x08001b8c   0x00000068   Code   RO         1670    .text.HAL_RCC_GetSysClockFreq  stm32f2xx_hal_rcc.o
    0x08001bf4   0x08001bf4   0x0000032a   Code   RO         1666    .text.HAL_RCC_OscConfig  stm32f2xx_hal_rcc.o
    0x08001f1e   0x08001f1e   0x00000002   PAD
    0x08001f20   0x08001f20   0x0000002e   Code   RO         1355    .text.ITM_SendChar  retarget_io.o
    0x08001f4e   0x08001f4e   0x00000002   PAD
    0x08001f50   0x08001f50   0x0000000c   Code   RO          581    .text.IsException   rtx_kernel.o
    0x08001f5c   0x08001f5c   0x0000000c   Code   RO          801    .text.IsException   rtx_msgqueue.o
    0x08001f68   0x08001f68   0x0000000c   Code   RO          879    .text.IsException   rtx_mutex.o
    0x08001f74   0x08001f74   0x0000000c   Code   RO         1063    .text.IsException   rtx_thread.o
    0x08001f80   0x08001f80   0x00000018   Code   RO          583    .text.IsIrqMasked   rtx_kernel.o
    0x08001f98   0x08001f98   0x00000018   Code   RO          803    .text.IsIrqMasked   rtx_msgqueue.o
    0x08001fb0   0x08001fb0   0x00000018   Code   RO          881    .text.IsIrqMasked   rtx_mutex.o
    0x08001fc8   0x08001fc8   0x00000018   Code   RO         1065    .text.IsIrqMasked   rtx_thread.o
    0x08001fe0   0x08001fe0   0x0000000c   Code   RO          587    .text.IsPrivileged  rtx_kernel.o
    0x08001fec   0x08001fec   0x00000034   Code   RO           34    .text.LED_clear     led.o
    0x08002020   0x08002020   0x0000001c   Code   RO           32    .text.LED_end_frame  led.o
    0x0800203c   0x0800203c   0x00000090   Code   RO           22    .text.LED_init      led.o
    0x080020cc   0x080020cc   0x00000070   Code   RO           40    .text.LED_send      led.o
    0x0800213c   0x0800213c   0x00000034   Code   RO           36    .text.LED_set_color  led.o
    0x08002170   0x08002170   0x00000028   Code   RO           38    .text.LED_set_colors  led.o
    0x08002198   0x08002198   0x00000010   Code   RO           28    .text.LED_set_pile_colors  led.o
    0x080021a8   0x080021a8   0x00000098   Code   RO           24    .text.LED_spi_callback  led.o
    0x08002240   0x08002240   0x000000de   Code   RO           26    .text.LED_spi_thread  led.o
    0x0800231e   0x0800231e   0x00000002   PAD
    0x08002320   0x08002320   0x0000000e   Code   RO           30    .text.LED_start_frame  led.o
    0x0800232e   0x0800232e   0x00000002   PAD
    0x08002330   0x08002330   0x00000004   Code   RO          705    .text.MemBlockPtr   rtx_memory.o
    0x08002334   0x08002334   0x00000002   Code   RO          703    .text.MemHeadPtr    rtx_memory.o
    0x08002336   0x08002336   0x00000002   PAD
    0x08002338   0x08002338   0x0000002a   Code   RO          851    .text.MessageQueueGet  rtx_msgqueue.o
    0x08002362   0x08002362   0x00000002   PAD
    0x08002364   0x08002364   0x00000054   Code   RO          841    .text.MessageQueuePut  rtx_msgqueue.o
    0x080023b8   0x080023b8   0x00000024   Code   RO          837    .text.MessageQueueRemove  rtx_msgqueue.o
    0x080023dc   0x080023dc   0x0000000c   Code   RO         1247    .text.OS_Tick_AcknowledgeIRQ  os_systick.o
    0x080023e8   0x080023e8   0x00000032   Code   RO         1243    .text.OS_Tick_Enable  os_systick.o
    0x0800241a   0x0800241a   0x00000002   PAD
    0x0800241c   0x0800241c   0x00000006   Code   RO         1249    .text.OS_Tick_GetIRQn  os_systick.o
    0x08002422   0x08002422   0x00000002   PAD
    0x08002424   0x08002424   0x00000048   Code   RO         1241    .text.OS_Tick_Setup  os_systick.o
    0x0800246c   0x0800246c   0x00000008   Code   RO         1301    .text.SPI2_Control  spi_stm32f2xx.o
    0x08002474   0x08002474   0x00000008   Code   RO         1299    .text.SPI2_GetDataCount  spi_stm32f2xx.o
    0x0800247c   0x0800247c   0x00000008   Code   RO         1303    .text.SPI2_GetStatus  spi_stm32f2xx.o
    0x08002484   0x08002484   0x00000008   Code   RO         1279    .text.SPI2_IRQHandler  spi_stm32f2xx.o
    0x0800248c   0x0800248c   0x0000000a   Code   RO         1287    .text.SPI2_Initialize  spi_stm32f2xx.o
    0x08002496   0x08002496   0x00000002   PAD
    0x08002498   0x08002498   0x00000008   Code   RO         1291    .text.SPI2_PowerControl  spi_stm32f2xx.o
    0x080024a0   0x080024a0   0x00000008   Code   RO         1295    .text.SPI2_Receive  spi_stm32f2xx.o
    0x080024a8   0x080024a8   0x00000008   Code   RO         1293    .text.SPI2_Send     spi_stm32f2xx.o
    0x080024b0   0x080024b0   0x00000008   Code   RO         1297    .text.SPI2_Transfer  spi_stm32f2xx.o
    0x080024b8   0x080024b8   0x0000000a   Code   RO         1289    .text.SPI2_Uninitialize  spi_stm32f2xx.o
    0x080024c2   0x080024c2   0x00000002   PAD
    0x080024c4   0x080024c4   0x00000004   Code   RO         1285    .text.SPIX_GetCapabilities  spi_stm32f2xx.o
    0x080024c8   0x080024c8   0x0000000a   Code   RO         1283    .text.SPIX_GetVersion  spi_stm32f2xx.o
    0x080024d2   0x080024d2   0x00000002   PAD
    0x080024d4   0x080024d4   0x000002d8   Code   RO         1317    .text.SPI_Control   spi_stm32f2xx.o
    0x080027ac   0x080027ac   0x0000000c   Code   RO         1335    .text.SPI_GetDataCount  spi_stm32f2xx.o
    0x080027b8   0x080027b8   0x00000028   Code   RO         1337    .text.SPI_GetStatus  spi_stm32f2xx.o
    0x080027e0   0x080027e0   0x000000f0   Code   RO         1281    .text.SPI_IRQHandler  spi_stm32f2xx.o
    0x080028d0   0x080028d0   0x000000a6   Code   RO         1309    .text.SPI_Initialize  spi_stm32f2xx.o
    0x08002976   0x08002976   0x00000002   PAD
    0x08002978   0x08002978   0x00000022   Code   RO         1319    .text.SPI_PeripheralReset  spi_stm32f2xx.o
    0x0800299a   0x0800299a   0x00000002   PAD
    0x0800299c   0x0800299c   0x000000c2   Code   RO         1315    .text.SPI_PowerControl  spi_stm32f2xx.o
    0x08002a5e   0x08002a5e   0x00000002   PAD
    0x08002a60   0x08002a60   0x00000082   Code   RO         1331    .text.SPI_Receive   spi_stm32f2xx.o
    0x08002ae2   0x08002ae2   0x00000002   PAD
    0x08002ae4   0x08002ae4   0x0000005a   Code   RO         1305    .text.SPI_RxData    spi_stm32f2xx.o
    0x08002b3e   0x08002b3e   0x00000002   PAD
    0x08002b40   0x08002b40   0x00000082   Code   RO         1329    .text.SPI_Send      spi_stm32f2xx.o
    0x08002bc2   0x08002bc2   0x00000002   PAD
    0x08002bc4   0x08002bc4   0x0000003a   Code   RO         1333    .text.SPI_Transfer  spi_stm32f2xx.o
    0x08002bfe   0x08002bfe   0x00000002   PAD
    0x08002c00   0x08002c00   0x0000005c   Code   RO         1307    .text.SPI_TxData    spi_stm32f2xx.o
    0x08002c5c   0x08002c5c   0x00000038   Code   RO         1313    .text.SPI_Uninitialize  spi_stm32f2xx.o
    0x08002c94   0x08002c94   0x00000030   Code   RO          629    .text.SVC_Setup     rtx_kernel.o
    0x08002cc4   0x08002cc4   0x00000010   Code   RO          995    .text.SetPendSV     rtx_system.o
    0x08002cd4   0x08002cd4   0x0000004a   Code   RO            4    .text.SystemClock_Config  main.o
    0x08002d1e   0x08002d1e   0x00000002   PAD
    0x08002d20   0x08002d20   0x0000007e   Code   RO         1945    .text.SystemCoreClockUpdate  system_stm32f2xx.o
    0x08002d9e   0x08002d9e   0x00000002   PAD
    0x08002da0   0x08002da0   0x00000046   Code   RO         1943    .text.SystemInit    system_stm32f2xx.o
    0x08002de6   0x08002de6   0x00000002   PAD
    0x08002de8   0x08002de8   0x0000003e   Code   RO         1113    .text.ThreadFlagsCheck  rtx_thread.o
    0x08002e26   0x08002e26   0x00000002   PAD
    0x08002e28   0x08002e28   0x0000000a   Code   RO         1163    .text.ThreadFlagsSet  rtx_thread.o
    0x08002e32   0x08002e32   0x00000002   PAD
    0x08002e34   0x08002e34   0x00000068   Code   RO         1215    .text.TimerInsert   rtx_timer.o
    0x08002e9c   0x08002e9c   0x00000016   Code   RO         1211    .text.TimerUnlink   rtx_timer.o
    0x08002eb2   0x08002eb2   0x00000002   PAD
    0x08002eb4   0x08002eb4   0x0000000e   Code   RO         1325    .text.__NVIC_ClearPendingIRQ  spi_stm32f2xx.o
    0x08002ec2   0x08002ec2   0x00000002   PAD
    0x08002ec4   0x08002ec4   0x00000028   Code   RO         1474    .text.__NVIC_DisableIRQ  stm32f2xx_hal_cortex.o
    0x08002eec   0x08002eec   0x0000000e   Code   RO         1327    .text.__NVIC_EnableIRQ  spi_stm32f2xx.o
    0x08002efa   0x08002efa   0x00000002   PAD
    0x08002efc   0x08002efc   0x00000010   Code   RO          631    .text.__NVIC_GetPriorityGrouping  rtx_kernel.o
    0x08002f0c   0x08002f0c   0x00000020   Code   RO         1458    .text.__NVIC_SetPriorityGrouping  stm32f2xx_hal_cortex.o
    0x08002f2c   0x08002f2c   0x00000056   Code   RO          667    .text.__user_perthread_libspace  rtx_lib.o
    0x08002f82   0x08002f82   0x00000002   PAD
    0x08002f84   0x08002f84   0x0000001a   Code   RO          673    .text._mutex_acquire  rtx_lib.o
    0x08002f9e   0x08002f9e   0x00000002   PAD
    0x08002fa0   0x08002fa0   0x0000000a   Code   RO          677    .text._mutex_free   rtx_lib.o
    0x08002faa   0x08002faa   0x00000002   PAD
    0x08002fac   0x08002fac   0x00000020   Code   RO          671    .text._mutex_initialize  rtx_lib.o
    0x08002fcc   0x08002fcc   0x00000016   Code   RO          675    .text._mutex_release  rtx_lib.o
    0x08002fe2   0x08002fe2   0x00000002   PAD
    0x08002fe4   0x08002fe4   0x00000008   Code   RO          665    .text._platform_post_stackheap_init  rtx_lib.o
    0x08002fec   0x08002fec   0x00000012   Code   RO         1361    .text._sys_close    retarget_io.o
    0x08002ffe   0x08002ffe   0x00000002   PAD
    0x08003000   0x08003000   0x00000004   Code   RO         1377    .text._sys_flen     retarget_io.o
    0x08003004   0x08003004   0x00000010   Code   RO         1373    .text._sys_istty    retarget_io.o
    0x08003014   0x08003014   0x00000064   Code   RO         1359    .text._sys_open     retarget_io.o
    0x08003078   0x08003078   0x00000006   Code   RO         1375    .text._sys_seek     retarget_io.o
    0x0800307e   0x0800307e   0x00000002   PAD
    0x08003080   0x08003080   0x00000042   Code   RO         1363    .text._sys_write    retarget_io.o
    0x080030c2   0x080030c2   0x00000002   PAD
    0x080030c4   0x080030c4   0x00000026   Code   RO         1115    .text.atomic_chk32_all  rtx_thread.o
    0x080030ea   0x080030ea   0x00000002   PAD
    0x080030ec   0x080030ec   0x00000022   Code   RO         1117    .text.atomic_chk32_any  rtx_thread.o
    0x0800310e   0x0800310e   0x00000002   PAD
    0x08003110   0x08003110   0x00000024   Code   RO          997    .text.atomic_dec16_nz  rtx_system.o
    0x08003134   0x08003134   0x00000010   Code   RO          731    .text.atomic_dec32  rtx_mempool.o
    0x08003144   0x08003144   0x0000001a   Code   RO          853    .text.atomic_dec32_nz  rtx_msgqueue.o
    0x0800315e   0x0800315e   0x00000002   PAD
    0x08003160   0x08003160   0x0000001a   Code   RO          999    .text.atomic_inc16_lim  rtx_system.o
    0x0800317a   0x0800317a   0x00000002   PAD
    0x0800317c   0x0800317c   0x00000028   Code   RO         1003    .text.atomic_inc16_lt  rtx_system.o
    0x080031a4   0x080031a4   0x00000010   Code   RO          725    .text.atomic_inc32  rtx_mempool.o
    0x080031b4   0x080031b4   0x00000010   Code   RO          843    .text.atomic_inc32  rtx_msgqueue.o
    0x080031c4   0x080031c4   0x0000001a   Code   RO          723    .text.atomic_link_get  rtx_mempool.o
    0x080031de   0x080031de   0x00000002   PAD
    0x080031e0   0x080031e0   0x0000001e   Code   RO          729    .text.atomic_link_put  rtx_mempool.o
    0x080031fe   0x080031fe   0x00000002   PAD
    0x08003200   0x08003200   0x00000016   Code   RO         1165    .text.atomic_set32  rtx_thread.o
    0x08003216   0x08003216   0x00000002   PAD
    0x08003218   0x08003218   0x00000012   Code   RO          855    .text.atomic_wr8    rtx_msgqueue.o
    0x0800322a   0x0800322a   0x00000002   PAD
    0x0800322c   0x0800322c   0x00000074   Code   RO          813    .text.isrRtxMessageQueueGet  rtx_msgqueue.o
    0x080032a0   0x080032a0   0x0000007e   Code   RO          809    .text.isrRtxMessageQueuePut  rtx_msgqueue.o
    0x0800331e   0x0800331e   0x00000002   PAD
    0x08003320   0x08003320   0x0000005a   Code   RO         1103    .text.isrRtxThreadFlagsSet  rtx_thread.o
    0x0800337a   0x0800337a   0x00000002   PAD
    0x0800337c   0x0800337c   0x0000002e   Code   RO          979    .text.isr_queue_get  rtx_system.o
    0x080033aa   0x080033aa   0x00000002   PAD
    0x080033ac   0x080033ac   0x00000032   Code   RO          993    .text.isr_queue_put  rtx_system.o
    0x080033de   0x080033de   0x00000002   PAD
    0x080033e0   0x080033e0   0x00000036   Code   RO            2    .text.main          main.o
    0x08003416   0x08003416   0x00000002   PAD
    0x08003418   0x08003418   0x00000026   Code   RO          591    .text.osKernelGetState  rtx_kernel.o
    0x0800343e   0x0800343e   0x00000002   PAD
    0x08003440   0x08003440   0x00000020   Code   RO          607    .text.osKernelGetTickCount  rtx_kernel.o
    0x08003460   0x08003460   0x00000032   Code   RO          579    .text.osKernelInitialize  rtx_kernel.o
    0x08003492   0x08003492   0x00000002   PAD
    0x08003494   0x08003494   0x0000002e   Code   RO          595    .text.osKernelStart  rtx_kernel.o
    0x080034c2   0x080034c2   0x00000002   PAD
    0x080034c4   0x080034c4   0x00000042   Code   RO          811    .text.osMessageQueueGet  rtx_msgqueue.o
    0x08003506   0x08003506   0x00000002   PAD
    0x08003508   0x08003508   0x00000042   Code   RO          807    .text.osMessageQueuePut  rtx_msgqueue.o
    0x0800354a   0x0800354a   0x00000002   PAD
    0x0800354c   0x0800354c   0x00000038   Code   RO          885    .text.osMutexAcquire  rtx_mutex.o
    0x08003584   0x08003584   0x00000034   Code   RO          891    .text.osMutexDelete  rtx_mutex.o
    0x080035b8   0x080035b8   0x00000032   Code   RO          877    .text.osMutexNew    rtx_mutex.o
    0x080035ea   0x080035ea   0x00000002   PAD
    0x080035ec   0x080035ec   0x00000034   Code   RO          887    .text.osMutexRelease  rtx_mutex.o
    0x08003620   0x08003620   0x00000002   Code   RO         1270    .text.osRtxErrorNotify  rtx_config.o
    0x08003622   0x08003622   0x00000002   PAD
    0x08003624   0x08003624   0x00000002   Code   RO          983    .text.osRtxEventFlagsObject  rtx_system.o
    0x08003626   0x08003626   0x00000002   PAD
    0x08003628   0x08003628   0x00000002   Code   RO         1268    .text.osRtxIdleThread  rtx_config.o
    0x0800362a   0x0800362a   0x00000002   PAD
    0x0800362c   0x0800362c   0x00000014   Code   RO          577    .text.osRtxKernelErrorNotify  rtx_kernel.o
    0x08003640   0x08003640   0x0000000c   Code   RO          975    .text.osRtxKernelGetState  rtx_system.o
    0x0800364c   0x0800364c   0x0000000c   Code   RO         1039    .text.osRtxKernelGetState  rtx_thread.o
    0x08003658   0x08003658   0x00000002   Code   RO          575    .text.osRtxKernelPreInit  rtx_kernel.o
    0x0800365a   0x0800365a   0x00000002   PAD
    0x0800365c   0x0800365c   0x0000000c   Code   RO          625    .text.osRtxKernelState  rtx_kernel.o
    0x08003668   0x08003668   0x000000b6   Code   RO          707    .text.osRtxMemoryAlloc  rtx_memory.o
    0x0800371e   0x0800371e   0x00000002   PAD
    0x08003720   0x08003720   0x00000078   Code   RO          709    .text.osRtxMemoryFree  rtx_memory.o
    0x08003798   0x08003798   0x00000064   Code   RO          701    .text.osRtxMemoryInit  rtx_memory.o
    0x080037fc   0x080037fc   0x0000002a   Code   RO          721    .text.osRtxMemoryPoolAlloc  rtx_mempool.o
    0x08003826   0x08003826   0x00000002   PAD
    0x08003828   0x08003828   0x00000042   Code   RO          727    .text.osRtxMemoryPoolFree  rtx_mempool.o
    0x0800386a   0x0800386a   0x00000002   PAD
    0x0800386c   0x0800386c   0x00000060   Code   RO          719    .text.osRtxMemoryPoolInit  rtx_mempool.o
    0x080038cc   0x080038cc   0x00000002   Code   RO          987    .text.osRtxMemoryPoolObject  rtx_system.o
    0x080038ce   0x080038ce   0x00000002   PAD
    0x080038d0   0x080038d0   0x00000002   Code   RO          989    .text.osRtxMessageObject  rtx_system.o
    0x080038d2   0x080038d2   0x00000002   PAD
    0x080038d4   0x080038d4   0x00000002   Code   RO          795    .text.osRtxMessageQueueId  rtx_msgqueue.o
    0x080038d6   0x080038d6   0x00000002   PAD
    0x080038d8   0x080038d8   0x00000102   Code   RO          835    .text.osRtxMessageQueuePostProcess  rtx_msgqueue.o
    0x080039da   0x080039da   0x00000002   PAD
    0x080039dc   0x080039dc   0x00000030   Code   RO          793    .text.osRtxMessageQueueTimerSetup  rtx_msgqueue.o
    0x08003a0c   0x08003a0c   0x00000002   Code   RO          897    .text.osRtxMutexId  rtx_mutex.o
    0x08003a0e   0x08003a0e   0x00000002   PAD
    0x08003a10   0x08003a10   0x00000002   Code   RO         1031    .text.osRtxMutexObject  rtx_thread.o
    0x08003a12   0x08003a12   0x00000002   PAD
    0x08003a14   0x08003a14   0x0000006a   Code   RO          871    .text.osRtxMutexOwnerRelease  rtx_mutex.o
    0x08003a7e   0x08003a7e   0x00000002   PAD
    0x08003a80   0x08003a80   0x00000050   Code   RO          875    .text.osRtxMutexOwnerRestore  rtx_mutex.o
    0x08003ad0   0x08003ad0   0x00000002   Code   RO          839    .text.osRtxObject   rtx_msgqueue.o
    0x08003ad2   0x08003ad2   0x00000002   PAD
    0x08003ad4   0x08003ad4   0x00000002   Code   RO          873    .text.osRtxObject   rtx_mutex.o
    0x08003ad6   0x08003ad6   0x00000002   PAD
    0x08003ad8   0x08003ad8   0x00000002   Code   RO         1001    .text.osRtxObject   rtx_system.o
    0x08003ada   0x08003ada   0x00000002   PAD
    0x08003adc   0x08003adc   0x00000002   Code   RO         1021    .text.osRtxObject   rtx_thread.o
    0x08003ade   0x08003ade   0x00000002   PAD
    0x08003ae0   0x08003ae0   0x00000064   Code   RO          977    .text.osRtxPendSV_Handler  rtx_system.o
    0x08003b44   0x08003b44   0x0000002c   Code   RO          991    .text.osRtxPostProcess  rtx_system.o
    0x08003b70   0x08003b70   0x00000002   Code   RO          985    .text.osRtxSemaphoreObject  rtx_system.o
    0x08003b72   0x08003b72   0x00000002   PAD
    0x08003b74   0x08003b74   0x00000048   Code   RO         1043    .text.osRtxThreadBlock  rtx_thread.o
    0x08003bbc   0x08003bbc   0x000000a0   Code   RO         1051    .text.osRtxThreadDelayInsert  rtx_thread.o
    0x08003c5c   0x08003c5c   0x00000050   Code   RO         1047    .text.osRtxThreadDelayRemove  rtx_thread.o
    0x08003cac   0x08003cac   0x000000cc   Code   RO         1027    .text.osRtxThreadDelayTick  rtx_thread.o
    0x08003d78   0x08003d78   0x00000036   Code   RO         1155    .text.osRtxThreadDestroy  rtx_thread.o
    0x08003dae   0x08003dae   0x00000002   PAD
    0x08003db0   0x08003db0   0x0000005e   Code   RO         1037    .text.osRtxThreadDispatch  rtx_thread.o
    0x08003e0e   0x08003e0e   0x00000002   PAD
    0x08003e10   0x08003e10   0x00000060   Code   RO         1145    .text.osRtxThreadFree  rtx_thread.o
    0x08003e70   0x08003e70   0x0000000c   Code   RO          849    .text.osRtxThreadGetRunning  rtx_msgqueue.o
    0x08003e7c   0x08003e7c   0x0000000c   Code   RO          901    .text.osRtxThreadGetRunning  rtx_mutex.o
    0x08003e88   0x08003e88   0x0000000c   Code   RO         1041    .text.osRtxThreadGetRunning  rtx_thread.o
    0x08003e94   0x08003e94   0x0000000c   Code   RO         1209    .text.osRtxThreadGetRunning  rtx_timer.o
    0x08003ea0   0x08003ea0   0x00000002   Code   RO         1057    .text.osRtxThreadId  rtx_thread.o
    0x08003ea2   0x08003ea2   0x00000002   PAD
    0x08003ea4   0x08003ea4   0x00000026   Code   RO         1151    .text.osRtxThreadJoinWakeup  rtx_thread.o
    0x08003eca   0x08003eca   0x00000002   PAD
    0x08003ecc   0x08003ecc   0x00000018   Code   RO         1017    .text.osRtxThreadListGet  rtx_thread.o
    0x08003ee4   0x08003ee4   0x00000034   Code   RO         1013    .text.osRtxThreadListPut  rtx_thread.o
    0x08003f18   0x08003f18   0x0000001a   Code   RO         1023    .text.osRtxThreadListRemove  rtx_thread.o
    0x08003f32   0x08003f32   0x00000002   PAD
    0x08003f34   0x08003f34   0x00000012   Code   RO         1029    .text.osRtxThreadListRoot  rtx_thread.o
    0x08003f46   0x08003f46   0x00000002   PAD
    0x08003f48   0x08003f48   0x00000030   Code   RO         1019    .text.osRtxThreadListSort  rtx_thread.o
    0x08003f78   0x08003f78   0x00000002   Code   RO          981    .text.osRtxThreadObject  rtx_system.o
    0x08003f7a   0x08003f7a   0x00000002   PAD
    0x08003f7c   0x08003f7c   0x00000002   Code   RO         1015    .text.osRtxThreadObject  rtx_thread.o
    0x08003f7e   0x08003f7e   0x00000002   PAD
    0x08003f80   0x08003f80   0x00000038   Code   RO         1111    .text.osRtxThreadPostProcess  rtx_thread.o
    0x08003fb8   0x08003fb8   0x00000018   Code   RO         1025    .text.osRtxThreadReadyPut  rtx_thread.o
    0x08003fd0   0x08003fd0   0x00000006   Code   RO         1033    .text.osRtxThreadRegPtr  rtx_thread.o
    0x08003fd6   0x08003fd6   0x00000002   PAD
    0x08003fd8   0x08003fd8   0x0000000c   Code   RO         1153    .text.osRtxThreadSetRunning  rtx_thread.o
    0x08003fe4   0x08003fe4   0x0000000c   Code   RO         1213    .text.osRtxThreadSetRunning  rtx_timer.o
    0x08003ff0   0x08003ff0   0x00000020   Code   RO         1053    .text.osRtxThreadStackCheck  rtx_thread.o
    0x08004010   0x08004010   0x00000050   Code   RO         1055    .text.osRtxThreadStartup  rtx_thread.o
    0x08004060   0x08004060   0x00000016   Code   RO         1035    .text.osRtxThreadSwitch  rtx_thread.o
    0x08004076   0x08004076   0x00000002   PAD
    0x08004078   0x08004078   0x0000005c   Code   RO         1049    .text.osRtxThreadWaitEnter  rtx_thread.o
    0x080040d4   0x080040d4   0x0000002a   Code   RO         1045    .text.osRtxThreadWaitExit  rtx_thread.o
    0x080040fe   0x080040fe   0x00000002   PAD
    0x08004100   0x08004100   0x0000008a   Code   RO          973    .text.osRtxTick_Handler  rtx_system.o
    0x0800418a   0x0800418a   0x00000002   PAD
    0x0800418c   0x0800418c   0x00000026   Code   RO         1187    .text.osRtxTimerSetup  rtx_timer.o
    0x080041b2   0x080041b2   0x00000002   PAD
    0x080041b4   0x080041b4   0x0000002a   Code   RO         1191    .text.osRtxTimerThread  rtx_timer.o
    0x080041de   0x080041de   0x00000002   PAD
    0x080041e0   0x080041e0   0x00000088   Code   RO         1189    .text.osRtxTimerTick  rtx_timer.o
    0x08004268   0x08004268   0x0000001a   Code   RO         1093    .text.osThreadExit  rtx_thread.o
    0x08004282   0x08004282   0x00000002   PAD
    0x08004284   0x08004284   0x00000030   Code   RO         1101    .text.osThreadFlagsSet  rtx_thread.o
    0x080042b4   0x080042b4   0x0000003c   Code   RO         1109    .text.osThreadFlagsWait  rtx_thread.o
    0x080042f0   0x080042f0   0x00000020   Code   RO         1069    .text.osThreadGetId  rtx_thread.o
    0x08004310   0x08004310   0x0000003a   Code   RO         1061    .text.osThreadNew   rtx_thread.o
    0x0800434a   0x0800434a   0x00000002   PAD
    0x0800434c   0x0800434c   0x0000001e   Code   RO          669    .text.os_kernel_is_active  rtx_lib.o
    0x0800436a   0x0800436a   0x00000002   PAD
    0x0800436c   0x0800436c   0x00000008   Code   RO         1367    .text.stderr_putchar  retarget_io.o
    0x08004374   0x08004374   0x00000008   Code   RO         1365    .text.stdout_putchar  retarget_io.o
    0x0800437c   0x0800437c   0x00000010   Code   RO          593    .text.svcRtxKernelGetState  rtx_kernel.o
    0x0800438c   0x0800438c   0x00000014   Code   RO          609    .text.svcRtxKernelGetTickCount  rtx_kernel.o
    0x080043a0   0x080043a0   0x00000150   Code   RO          623    .text.svcRtxKernelInitialize  rtx_kernel.o
    0x080044f0   0x080044f0   0x00000084   Code   RO          627    .text.svcRtxKernelStart  rtx_kernel.o
    0x08004574   0x08004574   0x0000012a   Code   RO          857    .text.svcRtxMessageQueueGet  rtx_msgqueue.o
    0x0800469e   0x0800469e   0x00000002   PAD
    0x080046a0   0x080046a0   0x00000188   Code   RO          797    .text.svcRtxMessageQueueNew  rtx_msgqueue.o
    0x08004828   0x08004828   0x0000010c   Code   RO          847    .text.svcRtxMessageQueuePut  rtx_msgqueue.o
    0x08004934   0x08004934   0x000000e6   Code   RO          899    .text.svcRtxMutexAcquire  rtx_mutex.o
    0x08004a1a   0x08004a1a   0x00000002   PAD
    0x08004a1c   0x08004a1c   0x000000d8   Code   RO          907    .text.svcRtxMutexDelete  rtx_mutex.o
    0x08004af4   0x08004af4   0x00000090   Code   RO          893    .text.svcRtxMutexNew  rtx_mutex.o
    0x08004b84   0x08004b84   0x000000f8   Code   RO          903    .text.svcRtxMutexRelease  rtx_mutex.o
    0x08004c7c   0x08004c7c   0x00000062   Code   RO         1149    .text.svcRtxThreadExit  rtx_thread.o
    0x08004cde   0x08004cde   0x00000002   PAD
    0x08004ce0   0x08004ce0   0x0000008e   Code   RO         1167    .text.svcRtxThreadFlagsSet  rtx_thread.o
    0x08004d6e   0x08004d6e   0x00000002   PAD
    0x08004d70   0x08004d70   0x000000a6   Code   RO         1177    .text.svcRtxThreadFlagsWait  rtx_thread.o
    0x08004e16   0x08004e16   0x00000002   PAD
    0x08004e18   0x08004e18   0x00000010   Code   RO         1071    .text.svcRtxThreadGetId  rtx_thread.o
    0x08004e28   0x08004e28   0x00000240   Code   RO         1059    .text.svcRtxThreadNew  rtx_thread.o
    0x08005068   0x08005068   0x0000001a   Code   RO         2031    i.fputc             c_w.l(fputc.o)
    0x08005082   0x08005082   0x00000002   PAD
    0x08005084   0x08005084   0x000000a8   Data   RO          683    .rodata             rtx_lib.o
    0x0800512c   0x0800512c   0x00000028   Data   RO           49    .rodata..L__const.LED_spi_thread.blue  led.o
    0x08005154   0x08005154   0x00000028   Data   RO           48    .rodata..L__const.LED_spi_thread.green  led.o
    0x0800517c   0x0800517c   0x00000028   Data   RO           47    .rodata..L__const.LED_spi_thread.red  led.o
    0x080051a4   0x080051a4   0x00000010   Data   RO         1948    .rodata.AHBPrescTable  system_stm32f2xx.o
    0x080051b4   0x080051b4   0x00000008   Data   RO         1949    .rodata.APBPrescTable  system_stm32f2xx.o
    0x080051bc   0x080051bc   0x0000002c   Data   RO         1339    .rodata.Driver_SPI2  spi_stm32f2xx.o
    0x080051e8   0x080051e8   0x00000024   Data   RO           44    .rodata.LED_SpiThreadAttr  led.o
    0x0800520c   0x0800520c   0x00000008   Data   RO         1382    .rodata.__stderr_name  retarget_io.o
    0x08005214   0x08005214   0x00000007   Data   RO         1380    .rodata.__stdin_name  retarget_io.o
    0x0800521b   0x0800521b   0x00000008   Data   RO         1381    .rodata.__stdout_name  retarget_io.o
    0x08005223   0x08005223   0x00000001   PAD
    0x08005224   0x08005224   0x00000004   Data   RO          685    .rodata.osRtxUserSVC  rtx_lib.o
    0x08005228   0x08005228   0x00000024   Data   RO          680    .rodata.os_idle_thread_attr  rtx_lib.o
    0x0800524c   0x0800524c   0x00000018   Data   RO          682    .rodata.os_timer_mq_attr  rtx_lib.o
    0x08005264   0x08005264   0x00000024   Data   RO          681    .rodata.os_timer_thread_attr  rtx_lib.o
    0x08005288   0x08005288   0x0000002f   Data   RO           42    .rodata.str1.1      led.o
    0x080052b7   0x080052b7   0x00000001   PAD
    0x080052b8   0x080052b8   0x0000000b   Data   RO          655    .rodata.str1.4      rtx_kernel.o
    0x080052c3   0x080052c3   0x00000001   PAD
    0x080052c4   0x080052c4   0x00000020   Data   RO         2367    Region$$Table       anon$$obj.o


    Execution Region RW_IRAM1 (Exec base: 0x20000000, Load base: 0x080052e8, Size: 0x00002270, Max: 0x00020000, ABSOLUTE)

    Exec Addr    Load Addr    Size         Type   Attr      Idx    E Section Name        Object

    0x20000000   0x080052e8   0x00000004   Data   RW         2001    .data               c_w.l(stdio_streams.o)
    0x20000004   0x080052ec   0x00000004   Data   RW         2002    .data               c_w.l(stdio_streams.o)
    0x20000008   0x080052f0   0x00000004   Data   RW         2003    .data               c_w.l(stdio_streams.o)
    0x2000000c   0x080052f4   0x00000004   Data   RW         2123    .data               c_w.l(streamlock.o)
    0x20000010   0x080052f8   0x00000004   Data   RW         1947    .data.SystemCoreClock  system_stm32f2xx.o
    0x20000014   0x080052fc   0x00000001   Data   RW           45    .data.g_LedNumber   led.o
    0x20000015   0x080052fd   0x00000003   PAD
    0x20000018   0x08005300   0x000000a4   Data   RW          656    .data.os            rtx_kernel.o
    0x200000bc   0x080053a4   0x00000004   Data   RW         1445    .data.uwTickPrio    stm32f2xx_hal.o
    0x200000c0        -       0x00000054   Zero   RW         1998    .bss                c_w.l(stdio_streams.o)
    0x20000114        -       0x00000054   Zero   RW         1999    .bss                c_w.l(stdio_streams.o)
    0x20000168        -       0x00000054   Zero   RW         2000    .bss                c_w.l(stdio_streams.o)
    0x200001bc        -       0x00000060   Zero   RW         2271    .bss                c_w.l(libspace.o)
    0x2000021c        -       0x00000004   Zero   RW           10    .bss.HAL_GetTick.ticks  main.o
    0x20000220        -       0x00000004   Zero   RW           46    .bss.LED_SpiThreadID  led.o
    0x20000224        -       0x00000004   Zero   RW         1341    .bss.SPI2_Info.0    spi_stm32f2xx.o
    0x20000228        -       0x00000001   Zero   RW         1344    .bss.SPI2_Info.1.0  spi_stm32f2xx.o
    0x20000229   0x080053a8   0x00000003   PAD
    0x2000022c        -       0x00000001   Zero   RW         1345    .bss.SPI2_Info.1.1  spi_stm32f2xx.o
    0x2000022d   0x080053a8   0x00000001   PAD
    0x2000022e        -       0x00000001   Zero   RW         1346    .bss.SPI2_Info.1.2  spi_stm32f2xx.o
    0x2000022f   0x080053a8   0x00000001   PAD
    0x20000230        -       0x00000004   Zero   RW         1342    .bss.SPI2_Info.2    spi_stm32f2xx.o
    0x20000234        -       0x00000004   Zero   RW         1343    .bss.SPI2_Info.3    spi_stm32f2xx.o
    0x20000238        -       0x0000001c   Zero   RW         1340    .bss.SPI2_TransferInfo  spi_stm32f2xx.o
    0x20000254        -       0x000000d0   Zero   RW           50    .bss.g_DataFrame    led.o
    0x20000324   0x080053a8   0x00000004   PAD
    0x20000328        -       0x00000400   Zero   RW           43    .bss.g_SpiStack     led.o
    0x20000728        -       0x00001040   Zero   RW          679    .bss.os             rtx_lib.o
    0x20001768        -       0x00000001   Zero   RW         1259    .bss.os             os_systick.o
    0x20001769   0x080053a8   0x00000003   PAD
    0x2000176c        -       0x000001f0   Zero   RW          686    .bss.os.libspace    rtx_lib.o
    0x2000195c        -       0x00000034   Zero   RW          690    .bss.os.msgqueue.cb  rtx_lib.o
    0x20001990        -       0x00000050   Zero   RW          691    .bss.os.msgqueue.mem  rtx_lib.o
    0x200019e0        -       0x00000088   Zero   RW          687    .bss.os.thread.cb   rtx_lib.o
    0x20001a68        -       0x00000100   Zero   RW          688    .bss.os.thread.idle.stack  rtx_lib.o
    0x20001b68        -       0x00000100   Zero   RW          689    .bss.os.thread.timer.stack  rtx_lib.o
    0x20001c68        -       0x00000001   Zero   RW          692    .bss.os_kernel_is_active.os_kernel_active  rtx_lib.o
    0x20001c69   0x080053a8   0x00000007   PAD
    0x20001c70        -       0x00000200   Zero   RW         1934    HEAP                startup_stm32f207xx.o
    0x20001e70        -       0x00000400   Zero   RW         1933    STACK               startup_stm32f207xx.o


==============================================================================

Image component sizes


      Code (inc. data)   RO Data    RW Data    ZI Data      Debug   Object Name

       188         12          0          0          0        740   irq_armv7m.o
       832        136        203          1       1236       5648   led.o
       212          0          0          0          4       2244   main.o
       140          0          0          0          1       4799   os_systick.o
       272         24         23          0          0       3561   retarget_io.o
         4          0          0          0          0        667   rtx_config.o
       126          0          0          0          0      24325   rtx_evr.o
       816          0         11        164          0      15663   rtx_kernel.o
       214          0        268          0       5437       7319   rtx_lib.o
       408          0          0          0          0       2839   rtx_memory.o
       292          0          0          0          0      15151   rtx_mempool.o
      1912          0          0          0          0      18512   rtx_msgqueue.o
      1286          0          0          0          0      10138   rtx_mutex.o
       520         10          0          0          0       6547   rtx_system.o
      2878         10          0          0          0      31820   rtx_thread.o
       366          0          0          0          0      10430   rtx_timer.o
      2186         26         44          0         43      16199   spi_stm32f2xx.o
        64         26        388          0       1536        824   startup_stm32f207xx.o
        56          0          0          4          0       7552   stm32f2xx_hal.o
        88          0          0          0          0      10981   stm32f2xx_hal_cortex.o
       686          0          0          0          0       5181   stm32f2xx_hal_gpio.o
      1308          0          0          0          0       7794   stm32f2xx_hal_rcc.o
       196          0         24          4          0       2747   system_stm32f2xx.o

    ----------------------------------------------------------------------
     15372        244        996        176       8276     211681   Object Totals
         0          0         32          0          0          0   (incl. Generated)
       322          0          3          3         19          0   (incl. Padding)

    ----------------------------------------------------------------------

      Code (inc. data)   RO Data    RW Data    ZI Data      Debug   Library Member Name

         8          0          0          0          0         68   __main.o
       104          0          0          0          0         84   __printf.o
         0          0          0          0          0          0   __rtentry.o
        20          0          0          0          0          0   __rtentry2.o
         6          0          0          0          0          0   __rtentry4.o
        52          8          0          0          0          0   __scatter.o
        26          0          0          0          0          0   __scatter_copy.o
        28          0          0          0          0          0   __scatter_zi.o
        44          0          0          0          0        108   _printf_char.o
        48          6          0          0          0         96   _printf_char_common.o
        64          6          0          0          0         84   _printf_char_file_locked.o
       120         16          0          0          0         92   _printf_dec.o
       178          0          0          0          0         88   _printf_intcommon.o
         0          0          0          0          0          0   _printf_percent.o
         4          0          0          0          0          0   _printf_percent_end.o
         6          0          0          0          0          0   _printf_s.o
        82          0          0          0          0         80   _printf_str.o
         6          0          0          0          0          0   _printf_u.o
        16          0          0          0          0         68   aeabi_memset4.o
        10          0          0          0          0         68   defsig_exit.o
        50          0          0          0          0         88   defsig_general.o
        80         58          0          0          0         76   defsig_rtmem_inner.o
        14          0          0          0          0         80   defsig_rtmem_outer.o
        52         38          0          0          0         76   defsig_rtred_inner.o
        14          0          0          0          0         80   defsig_rtred_outer.o
        18          0          0          0          0         80   exit.o
        76          0          0          0          0         88   fclose.o
       470          0          0          0          0         88   flsbuf.o
       332         10          0          0          0        152   fopen_locked.o
        26          0          0          0          0         68   fputc.o
       248          6          0          0          0         84   fseek.o
        66          0          0          0          0         76   ftell.o
       208          0          0          0          0         92   fwritefast_locked.o
       166          0          0          0          0        144   h1_alloc_threads.o
        82          0          0          0          0        104   h1_extend_threads.o
        10          0          0          0          0         76   h1_final_threads.o
       118          0          0          0          0        108   h1_free_threads.o
        18          0          0          0          0         84   h1_init_threads.o
         6          0          0          0          0        152   heapauxi.o
         4          0          0          0          0        136   hguard.o
         0          0          0          0          0          0   indicate_semi.o
       138          0          0          0          0        168   init_alloc.o
       456         48          0          0          0        116   initio_locked.o
         2          0          0          0          0          0   libinit.o
        14          0          0          0          0          0   libinit2.o
         2          0          0          0          0          0   libshutdown.o
        10          0          0          0          0          0   libshutdown2.o
         8          4          0          0         96         68   libspace.o
       240          0          0          0          0        100   lludivv7m.o
         0          0          0          0          0          0   maybetermalloc2.o
        20          0          0          0          0         84   noretval__2fprintf.o
        64          6          0          0          0         80   puts_locked.o
         4          0          0          0          0         68   rt_errno_addr_twolibspace.o
        10          0          0          0          0         76   rt_heap_descriptor_twolibspace.o
        68          0          0          0          0         68   rt_memclr.o
        78          0          0          0          0         80   rt_memclr_w.o
       138          0          0          0          0         68   rt_memcpy_v6.o
       100          0          0          0          0         80   rt_memcpy_w.o
         2          0          0          0          0          0   rtexit.o
        10          0          0          0          0          0   rtexit2.o
       104          0          0          0          0         88   setvbuf_locked.o
       240          6          0          0          0        156   stdio.o
         0          0          0         12        252          0   stdio_streams.o
       128          0          0          0          0         68   strcmpv7m.o
         0          0          0          4          0          0   streamlock.o
        12          4          0          0          0         68   sys_exit.o
        74          0          0          0          0         80   sys_stackheap_outer.o
        14          0          0          0          0         76   sys_wrch.o
        16          0          0          0          0         80   term_alloc.o
         2          0          0          0          0         68   use_no_semi.o

    ----------------------------------------------------------------------
      4852        216          0         16        348       4508   Library Totals
        18          0          0          0          0          0   (incl. Padding)

    ----------------------------------------------------------------------

      Code (inc. data)   RO Data    RW Data    ZI Data      Debug   Library Name

      4834        216          0         16        348       4508   c_w.l

    ----------------------------------------------------------------------
      4852        216          0         16        348       4508   Library Totals

    ----------------------------------------------------------------------

==============================================================================


      Code (inc. data)   RO Data    RW Data    ZI Data      Debug   

     20224        460        996        192       8624     213473   Grand Totals
     20224        460        996        192       8624     213473   ELF Image Totals
     20224        460        996        192          0          0   ROM Totals

==============================================================================

    Total RO  Size (Code + RO Data)                21220 (  20.72kB)
    Total RW  Size (RW Data + ZI Data)              8816 (   8.61kB)
    Total ROM Size (Code + RO Data + RW Data)      21412 (  20.91kB)

==============================================================================

